[2025-12-17 15:47:02][INFO] Logger initialized. Log file: ./logs/msl_adv_hybrid/MambaTSAD-ADV_20251217_154702.log
[2025-12-17 15:47:02][INFO] Args: {'dataset': 'msl', 'processed_root': './dataset/MSL', 'log_dir': './logs/msl_adv_hybrid', 'branch': 'hybrid_shared_adv', 'win_size': 100, 'pred_len': 10, 'train_stride': 1, 'test_stride': 1, 'batch_size': 64, 'epochs': 50, 'lr': 0.0001, 'weight_decay': 0.0005, 'seed': 42, 'device': 'cuda', 'lambda_recon': 1.0, 'lambda_forecast': 1.0, 'adv_epsilon': 0.05, 'adv_beta': 0.5, 'adv_warmup': 5, 'max_grad_norm': 1.0, 'no_point_adjust': False, 'test_batch_size': 128}
[2025-12-17 15:47:02][INFO] Using device: cuda
[2025-12-17 15:47:02][WARNING] 未找到 entities.txt，改为按 train/*.npy 文件名排序推断实体顺序。
[2025-12-17 15:47:02][INFO] [C-1] train=(2158, 55), test=(2264, 55), label=(2264,), 异常比例=0.137809
[2025-12-17 15:47:02][INFO] [C-2] train=(764, 55), test=(2051, 55), label=(2051,), 异常比例=0.066797
[2025-12-17 15:47:02][INFO] [D-14] train=(3675, 55), test=(2625, 55), label=(2625,), 异常比例=0.084571
[2025-12-17 15:47:02][INFO] [D-15] train=(2074, 55), test=(2158, 55), label=(2158,), 异常比例=0.297034
[2025-12-17 15:47:02][INFO] [D-16] train=(1451, 55), test=(2191, 55), label=(2191,), 异常比例=0.297125
[2025-12-17 15:47:02][INFO] [F-4] train=(2244, 55), test=(3422, 55), label=(3422,), 异常比例=0.020748
[2025-12-17 15:47:02][INFO] [F-5] train=(2598, 55), test=(3922, 55), label=(3922,), 异常比例=0.038501
[2025-12-17 15:47:02][INFO] [F-7] train=(2511, 55), test=(5054, 55), label=(5054,), 异常比例=0.083696
[2025-12-17 15:47:02][INFO] [F-8] train=(3342, 55), test=(2487, 55), label=(2487,), 异常比例=0.215923
[2025-12-17 15:47:02][INFO] [M-1] train=(2209, 55), test=(2277, 55), label=(2277,), 异常比例=0.501098
[2025-12-17 15:47:02][INFO] [M-2] train=(2208, 55), test=(2277, 55), label=(2277,), 异常比例=0.501098
[2025-12-17 15:47:02][INFO] [M-3] train=(2037, 55), test=(2127, 55), label=(2127,), 异常比例=0.118007
[2025-12-17 15:47:02][INFO] [M-4] train=(2076, 55), test=(2038, 55), label=(2038,), 异常比例=0.123160
[2025-12-17 15:47:02][INFO] [M-5] train=(2032, 55), test=(2303, 55), label=(2303,), 异常比例=0.130699
[2025-12-17 15:47:02][INFO] [M-6] train=(1565, 55), test=(2049, 55), label=(2049,), 异常比例=0.088336
[2025-12-17 15:47:02][INFO] [M-7] train=(1587, 55), test=(2156, 55), label=(2156,), 异常比例=0.046846
[2025-12-17 15:47:02][INFO] [P-10] train=(4308, 55), test=(6100, 55), label=(6100,), 异常比例=0.021475
[2025-12-17 15:47:02][INFO] [P-11] train=(3969, 55), test=(3535, 55), label=(3535,), 异常比例=0.064498
[2025-12-17 15:47:02][INFO] [P-14] train=(2880, 55), test=(6100, 55), label=(6100,), 异常比例=0.029672
[2025-12-17 15:47:02][INFO] [P-15] train=(3682, 55), test=(2856, 55), label=(2856,), 异常比例=0.007353
[2025-12-17 15:47:02][INFO] [S-2] train=(926, 55), test=(1827, 55), label=(1827,), 异常比例=0.006021
[2025-12-17 15:47:02][INFO] [T-12] train=(1145, 55), test=(2430, 55), label=(2430,), 异常比例=0.049794
[2025-12-17 15:47:02][INFO] [T-13] train=(1145, 55), test=(2430, 55), label=(2430,), 异常比例=0.103704
[2025-12-17 15:47:02][INFO] [T-4] train=(2272, 55), test=(2217, 55), label=(2217,), 异常比例=0.031123
[2025-12-17 15:47:02][INFO] [T-5] train=(2272, 55), test=(2218, 55), label=(2218,), 异常比例=0.011722
[2025-12-17 15:47:02][INFO] [T-8] train=(748, 55), test=(1519, 55), label=(1519,), 异常比例=0.067149
[2025-12-17 15:47:02][INFO] [T-9] train=(439, 55), test=(1096, 55), label=(1096,), 异常比例=0.102190
[2025-12-17 15:47:02][INFO] 检测到特征维度 D=55
[2025-12-17 15:47:02][INFO] Train windows: 55644 (batch_size=64)
[2025-12-17 15:47:05][INFO] Model: HybridSharedAdvModel(
  (encoder): SharedEncoder(
    (input_proj): Linear(in_features=55, out_features=128, bias=True)
    (layers): ModuleList(
      (0-3): 4 x MambaBlock(
        (backbone): Mamba(
          (in_proj): Linear(in_features=128, out_features=512, bias=False)
          (conv1d): Conv1d(256, 256, kernel_size=(4,), stride=(1,), padding=(3,), groups=256)
          (act): SiLU()
          (x_proj): Linear(in_features=256, out_features=40, bias=False)
          (dt_proj): Linear(in_features=8, out_features=256, bias=True)
          (out_proj): Linear(in_features=256, out_features=128, bias=False)
        )
        (norm): LayerNorm((128,), eps=1e-05, elementwise_affine=True)
        (dropout): Dropout(p=0.1, inplace=False)
        (ffn): Sequential(
          (0): Linear(in_features=128, out_features=512, bias=True)
          (1): GELU(approximate='none')
          (2): Dropout(p=0.1, inplace=False)
          (3): Linear(in_features=512, out_features=128, bias=True)
        )
      )
    )
    (output_norm): LayerNorm((128,), eps=1e-05, elementwise_affine=True)
  )
  (recon_head): ReconHead(
    (conv): Conv1d(128, 128, kernel_size=(3,), stride=(1,), padding=(1,))
    (act): GELU(approximate='none')
    (dropout): Dropout(p=0.1, inplace=False)
    (proj): Linear(in_features=128, out_features=55, bias=True)
  )
  (forecast_head): ForecastHead(
    (pool): AdaptiveAvgPool1d(output_size=1)
    (mlp): Sequential(
      (0): Linear(in_features=128, out_features=512, bias=True)
      (1): GELU(approximate='none')
      (2): Dropout(p=0.1, inplace=False)
      (3): Linear(in_features=512, out_features=2750, bias=True)
    )
  )
)
[2025-12-17 15:47:05][INFO] AdvConfig: AdvConfig(enabled=True, epsilon=0.05, beta=0.5, warmup_epochs=5, lambda_recon=1.0, lambda_forecast=1.0, max_grad_norm=1.0)
[2025-12-17 15:47:28][INFO] [Train][Epoch 1] loss=0.888678, clean=0.888678, adv=0.000000, batches=869
[2025-12-17 15:47:41][INFO] [Eval] F1=0.8973, P=0.9329, R=0.8644, best_th=1.4511
[2025-12-17 15:47:41][INFO] [Epoch 1] F1 提升为 0.8973，已保存最佳模型到 ./logs/msl_adv_hybrid/best_model_hybrid_shared_adv.pt
[2025-12-17 15:48:04][INFO] [Train][Epoch 2] loss=0.735429, clean=0.735429, adv=0.000000, batches=869
[2025-12-17 15:48:16][INFO] [Eval] F1=0.8906, P=0.9612, R=0.8296, best_th=4.1529
[2025-12-17 15:48:16][INFO] [Epoch 2] F1 未提升 (当前=0.8906, 最佳=0.8973), no_improve=1/8
[2025-12-17 15:48:38][INFO] [Train][Epoch 3] loss=0.682892, clean=0.682892, adv=0.000000, batches=869
[2025-12-17 15:48:51][INFO] [Eval] F1=0.8898, P=0.9594, R=0.8296, best_th=4.0685
[2025-12-17 15:48:51][INFO] [Epoch 3] F1 未提升 (当前=0.8898, 最佳=0.8973), no_improve=2/8
[2025-12-17 15:49:14][INFO] [Train][Epoch 4] loss=0.646466, clean=0.646466, adv=0.000000, batches=869
[2025-12-17 15:49:27][INFO] [Eval] F1=0.8895, P=0.9586, R=0.8296, best_th=4.2212
[2025-12-17 15:49:27][INFO] [Epoch 4] F1 未提升 (当前=0.8895, 最佳=0.8973), no_improve=3/8
[2025-12-17 15:50:26][INFO] [Train][Epoch 5] loss=0.933841, clean=0.616622, adv=0.634439, batches=869
[2025-12-17 15:50:38][INFO] [Eval] F1=0.8897, P=0.9592, R=0.8296, best_th=4.2656
[2025-12-17 15:50:38][INFO] [Epoch 5] F1 未提升 (当前=0.8897, 最佳=0.8973), no_improve=4/8
[2025-12-17 15:51:39][INFO] [Train][Epoch 6] loss=0.900608, clean=0.595684, adv=0.609847, batches=869
[2025-12-17 15:51:51][INFO] [Eval] F1=0.8896, P=0.9589, R=0.8296, best_th=4.1277
[2025-12-17 15:51:51][INFO] [Epoch 6] F1 未提升 (当前=0.8896, 最佳=0.8973), no_improve=5/8
[2025-12-17 15:52:50][INFO] [Train][Epoch 7] loss=0.883272, clean=0.584207, adv=0.598130, batches=869
[2025-12-17 15:53:02][INFO] [Eval] F1=0.8895, P=0.9586, R=0.8296, best_th=4.0255
[2025-12-17 15:53:02][INFO] [Epoch 7] F1 未提升 (当前=0.8895, 最佳=0.8973), no_improve=6/8
[2025-12-17 15:54:02][INFO] [Train][Epoch 8] loss=0.875803, clean=0.579542, adv=0.592520, batches=869
[2025-12-17 15:54:15][INFO] [Eval] F1=0.8892, P=0.9581, R=0.8296, best_th=4.0879
[2025-12-17 15:54:15][INFO] [Epoch 8] F1 未提升 (当前=0.8892, 最佳=0.8973), no_improve=7/8
[2025-12-17 15:55:14][INFO] [Train][Epoch 9] loss=0.872228, clean=0.577299, adv=0.589857, batches=869
[2025-12-17 15:55:27][INFO] [Eval] F1=0.8894, P=0.9585, R=0.8296, best_th=4.1745
[2025-12-17 15:55:27][INFO] [Epoch 9] F1 未提升 (当前=0.8894, 最佳=0.8973), no_improve=8/8
[2025-12-17 15:55:27][INFO] F1 连续多轮未提升，提前停止训练。
[2025-12-17 15:55:27][INFO] 训练结束，最佳 F1=0.8973
