[2025-12-17 17:01:13][INFO] Logger initialized. Log file: ./logs/smap_adv_hybrid/MambaTSAD-ADV_20251217_170113.log
[2025-12-17 17:01:13][INFO] Args: {'dataset': 'smap', 'processed_root': './dataset/SMAP', 'log_dir': './logs/smap_adv_hybrid', 'branch': 'hybrid_shared_adv', 'win_size': 100, 'pred_len': 10, 'train_stride': 1, 'test_stride': 1, 'batch_size': 64, 'epochs': 50, 'lr': 0.0001, 'weight_decay': 0.0005, 'seed': 42, 'device': 'cuda', 'lambda_recon': 1.0, 'lambda_forecast': 1.0, 'adv_epsilon': 0.05, 'adv_beta': 0.5, 'adv_warmup': 5, 'max_grad_norm': 1.0, 'no_point_adjust': False, 'test_batch_size': 128}
[2025-12-17 17:01:13][INFO] Using device: cuda
[2025-12-17 17:01:13][WARNING] 未找到 entities.txt，改为按 train/*.npy 文件名排序推断实体顺序。
[2025-12-17 17:01:13][INFO] [A-1] train=(2880, 25), test=(8640, 25), label=(8640,), 异常比例=0.009838
[2025-12-17 17:01:13][INFO] [A-2] train=(2648, 25), test=(7914, 25), label=(7914,), 异常比例=0.014026
[2025-12-17 17:01:13][INFO] [A-3] train=(2736, 25), test=(8205, 25), label=(8205,), 异常比例=0.022669
[2025-12-17 17:01:13][INFO] [A-4] train=(2690, 25), test=(8080, 25), label=(8080,), 异常比例=0.013738
[2025-12-17 17:01:13][INFO] [A-5] train=(705, 25), test=(4693, 25), label=(4693,), 异常比例=0.010867
[2025-12-17 17:01:13][INFO] [A-6] train=(682, 25), test=(4453, 25), label=(4453,), 异常比例=0.009207
[2025-12-17 17:01:13][INFO] [A-7] train=(2879, 25), test=(8631, 25), label=(8631,), 异常比例=0.278183
[2025-12-17 17:01:13][INFO] [A-8] train=(762, 25), test=(8375, 25), label=(8375,), 异常比例=0.454448
[2025-12-17 17:01:13][INFO] [A-9] train=(762, 25), test=(8434, 25), label=(8434,), 异常比例=0.458264
[2025-12-17 17:01:13][INFO] [B-1] train=(2435, 25), test=(8044, 25), label=(8044,), 异常比例=0.008826
[2025-12-17 17:01:13][INFO] [D-1] train=(2849, 25), test=(8509, 25), label=(8509,), 异常比例=0.383006
[2025-12-17 17:01:13][INFO] [D-11] train=(2611, 25), test=(7431, 25), label=(7431,), 异常比例=0.008209
[2025-12-17 17:01:13][INFO] [D-12] train=(312, 25), test=(7918, 25), label=(7918,), 异常比例=0.346047
[2025-12-17 17:01:13][INFO] [D-13] train=(1490, 25), test=(7663, 25), label=(7663,), 异常比例=0.021010
[2025-12-17 17:01:13][INFO] [D-2] train=(2880, 25), test=(8595, 25), label=(8595,), 异常比例=0.490750
[2025-12-17 17:01:13][INFO] [D-3] train=(2880, 25), test=(8640, 25), label=(8640,), 异常比例=0.379167
[2025-12-17 17:01:13][INFO] [D-4] train=(2833, 25), test=(8473, 25), label=(8473,), 异常比例=0.383335
[2025-12-17 17:01:13][INFO] [D-5] train=(2561, 25), test=(7628, 25), label=(7628,), 异常比例=0.006686
[2025-12-17 17:01:13][INFO] [D-6] train=(2594, 25), test=(7884, 25), label=(7884,), 异常比例=0.010274
[2025-12-17 17:01:13][INFO] [D-7] train=(2583, 25), test=(7642, 25), label=(7642,), 异常比例=0.353572
[2025-12-17 17:01:13][INFO] [D-8] train=(2602, 25), test=(7874, 25), label=(7874,), 异常比例=0.006477
[2025-12-17 17:01:13][INFO] [D-9] train=(2583, 25), test=(7406, 25), label=(7406,), 异常比例=0.156090
[2025-12-17 17:01:13][INFO] [E-1] train=(2880, 25), test=(8516, 25), label=(8516,), 异常比例=0.059652
[2025-12-17 17:01:13][INFO] [E-10] train=(2880, 25), test=(8505, 25), label=(8505,), 异常比例=0.037860
[2025-12-17 17:01:13][INFO] [E-11] train=(2880, 25), test=(8514, 25), label=(8514,), 异常比例=0.034649
[2025-12-17 17:01:13][INFO] [E-12] train=(2880, 25), test=(8512, 25), label=(8512,), 异常比例=0.068492
[2025-12-17 17:01:13][INFO] [E-13] train=(2880, 25), test=(8640, 25), label=(8640,), 异常比例=0.030556
[2025-12-17 17:01:13][INFO] [E-2] train=(2880, 25), test=(8532, 25), label=(8532,), 异常比例=0.163854
[2025-12-17 17:01:13][INFO] [E-3] train=(2880, 25), test=(8307, 25), label=(8307,), 异常比例=0.386782
[2025-12-17 17:01:13][INFO] [E-4] train=(2880, 25), test=(8354, 25), label=(8354,), 异常比例=0.336605
[2025-12-17 17:01:13][INFO] [E-5] train=(2880, 25), test=(8294, 25), label=(8294,), 异常比例=0.038703
[2025-12-17 17:01:13][INFO] [E-6] train=(2880, 25), test=(8300, 25), label=(8300,), 异常比例=0.007952
[2025-12-17 17:01:13][INFO] [E-7] train=(2769, 25), test=(8310, 25), label=(8310,), 异常比例=0.033815
[2025-12-17 17:01:13][INFO] [E-8] train=(2880, 25), test=(8532, 25), label=(8532,), 异常比例=0.073019
[2025-12-17 17:01:13][INFO] [E-9] train=(2880, 25), test=(8302, 25), label=(8302,), 异常比例=0.042279
[2025-12-17 17:01:13][INFO] [F-1] train=(2869, 25), test=(8584, 25), label=(8584,), 异常比例=0.011766
[2025-12-17 17:01:13][INFO] [F-2] train=(2861, 25), test=(8626, 25), label=(8626,), 异常比例=0.342801
[2025-12-17 17:01:13][INFO] [F-3] train=(2880, 25), test=(8376, 25), label=(8376,), 异常比例=0.004895
[2025-12-17 17:01:13][INFO] [G-1] train=(2820, 25), test=(8469, 25), label=(8469,), 异常比例=0.014287
[2025-12-17 17:01:13][INFO] [G-2] train=(2478, 25), test=(7361, 25), label=(7361,), 异常比例=0.005570
[2025-12-17 17:01:13][INFO] [G-3] train=(2624, 25), test=(7907, 25), label=(7907,), 异常比例=0.006450
[2025-12-17 17:01:13][INFO] [G-4] train=(2551, 25), test=(7632, 25), label=(7632,), 异常比例=0.004062
[2025-12-17 17:01:13][INFO] [G-6] train=(2881, 25), test=(8640, 25), label=(8640,), 异常比例=0.011690
[2025-12-17 17:01:13][INFO] [G-7] train=(2446, 25), test=(8029, 25), label=(8029,), 异常比例=0.033379
[2025-12-17 17:01:13][INFO] [P-1] train=(2872, 25), test=(8505, 25), label=(8505,), 异常比例=0.088301
[2025-12-17 17:01:13][INFO] [P-2] train=(2821, 25), test=(8209, 25), label=(8209,), 异常比例=0.155439
[2025-12-17 17:01:13][INFO] [P-3] train=(2855, 25), test=(8493, 25), label=(8493,), 异常比例=0.157306
[2025-12-17 17:01:13][INFO] [P-4] train=(2609, 25), test=(7783, 25), label=(7783,), 异常比例=0.056919
[2025-12-17 17:01:13][INFO] [P-7] train=(2853, 25), test=(8071, 25), label=(8071,), 异常比例=0.204560
[2025-12-17 17:01:13][INFO] [R-1] train=(2874, 25), test=(7244, 25), label=(7244,), 异常比例=0.011182
[2025-12-17 17:01:13][INFO] [S-1] train=(2818, 25), test=(7331, 25), label=(7331,), 异常比例=0.061110
[2025-12-17 17:01:13][INFO] [T-1] train=(2875, 25), test=(8612, 25), label=(8612,), 异常比例=0.178356
[2025-12-17 17:01:13][INFO] [T-2] train=(2855, 25), test=(8625, 25), label=(8625,), 异常比例=0.206957
[2025-12-17 17:01:13][INFO] [T-3] train=(2876, 25), test=(8579, 25), label=(8579,), 异常比例=0.021448
[2025-12-17 17:01:13][INFO] 检测到特征维度 D=25
[2025-12-17 17:01:14][INFO] Train windows: 132658 (batch_size=64)
[2025-12-17 17:01:16][INFO] Model: HybridSharedAdvModel(
  (encoder): SharedEncoder(
    (input_proj): Linear(in_features=25, out_features=128, bias=True)
    (layers): ModuleList(
      (0-3): 4 x MambaBlock(
        (backbone): Mamba(
          (in_proj): Linear(in_features=128, out_features=512, bias=False)
          (conv1d): Conv1d(256, 256, kernel_size=(4,), stride=(1,), padding=(3,), groups=256)
          (act): SiLU()
          (x_proj): Linear(in_features=256, out_features=40, bias=False)
          (dt_proj): Linear(in_features=8, out_features=256, bias=True)
          (out_proj): Linear(in_features=256, out_features=128, bias=False)
        )
        (norm): LayerNorm((128,), eps=1e-05, elementwise_affine=True)
        (dropout): Dropout(p=0.1, inplace=False)
        (ffn): Sequential(
          (0): Linear(in_features=128, out_features=512, bias=True)
          (1): GELU(approximate='none')
          (2): Dropout(p=0.1, inplace=False)
          (3): Linear(in_features=512, out_features=128, bias=True)
        )
      )
    )
    (output_norm): LayerNorm((128,), eps=1e-05, elementwise_affine=True)
  )
  (recon_head): ReconHead(
    (conv): Conv1d(128, 128, kernel_size=(3,), stride=(1,), padding=(1,))
    (act): GELU(approximate='none')
    (dropout): Dropout(p=0.1, inplace=False)
    (proj): Linear(in_features=128, out_features=25, bias=True)
  )
  (forecast_head): ForecastHead(
    (pool): AdaptiveAvgPool1d(output_size=1)
    (mlp): Sequential(
      (0): Linear(in_features=128, out_features=512, bias=True)
      (1): GELU(approximate='none')
      (2): Dropout(p=0.1, inplace=False)
      (3): Linear(in_features=512, out_features=1250, bias=True)
    )
  )
)
[2025-12-17 17:01:16][INFO] AdvConfig: AdvConfig(enabled=True, epsilon=0.05, beta=0.5, warmup_epochs=5, lambda_recon=1.0, lambda_forecast=1.0, max_grad_norm=1.0)
[2025-12-17 17:02:09][INFO] [Train][Epoch 1] loss=0.631066, clean=0.631066, adv=0.000000, batches=2072
[2025-12-17 17:03:26][INFO] [Eval] F1=0.7981, P=0.9441, R=0.6913, best_th=1.4096
[2025-12-17 17:03:26][INFO] [Epoch 1] F1 提升为 0.7981，已保存最佳模型到 ./logs/smap_adv_hybrid/best_model_hybrid_shared_adv.pt
[2025-12-17 17:04:19][INFO] [Train][Epoch 2] loss=0.525055, clean=0.525055, adv=0.000000, batches=2072
[2025-12-17 17:05:35][INFO] [Eval] F1=0.7979, P=0.9516, R=0.6870, best_th=1.6207
[2025-12-17 17:05:35][INFO] [Epoch 2] F1 未提升 (当前=0.7979, 最佳=0.7981), no_improve=1/8
[2025-12-17 17:06:28][INFO] [Train][Epoch 3] loss=0.509338, clean=0.509338, adv=0.000000, batches=2072
[2025-12-17 17:07:44][INFO] [Eval] F1=0.7747, P=0.8701, R=0.6981, best_th=0.7053
[2025-12-17 17:07:44][INFO] [Epoch 3] F1 未提升 (当前=0.7747, 最佳=0.7981), no_improve=2/8
[2025-12-17 17:08:36][INFO] [Train][Epoch 4] loss=0.497082, clean=0.497082, adv=0.000000, batches=2072
[2025-12-17 17:09:51][INFO] [Eval] F1=0.7790, P=0.8810, R=0.6981, best_th=0.7615
[2025-12-17 17:09:51][INFO] [Epoch 4] F1 未提升 (当前=0.7790, 最佳=0.7981), no_improve=3/8
[2025-12-17 17:12:03][INFO] [Train][Epoch 5] loss=0.737810, clean=0.484561, adv=0.506499, batches=2072
[2025-12-17 17:13:18][INFO] [Eval] F1=0.7637, P=0.9512, R=0.6380, best_th=1.8561
[2025-12-17 17:13:18][INFO] [Epoch 5] F1 未提升 (当前=0.7637, 最佳=0.7981), no_improve=4/8
[2025-12-17 17:15:37][INFO] [Train][Epoch 6] loss=0.719686, clean=0.473149, adv=0.493074, batches=2072
[2025-12-17 17:16:52][INFO] [Eval] F1=0.7643, P=0.9623, R=0.6338, best_th=3.5097
[2025-12-17 17:16:52][INFO] [Epoch 6] F1 未提升 (当前=0.7643, 最佳=0.7981), no_improve=5/8
[2025-12-17 17:19:10][INFO] [Train][Epoch 7] loss=0.702647, clean=0.461777, adv=0.481740, batches=2072
