[2025-12-17 20:09:27,816] [INFO] 日志已写入：./logs/wadi_adv_hybrid/MambaTSAD_20251217_200927.log
[2025-12-17 20:09:27,817] [INFO] [shared_adv] 命令行参数：Namespace(dataset='swat', processed_root='./dataset/WADI', log_dir='./logs/wadi_adv_hybrid', branch='hybrid_shared_adv', win_size=100, pred_len=10, train_stride=1, test_stride=1, batch_size=64, epochs=50, lr=0.001, weight_decay=0.0001, seed=42, no_amp=False, max_grad_norm=1.0, patience=8, lambda_recon=1.0, lambda_forecast=1.0, adv_epsilon=0.05, adv_beta=0.5, adv_warmup_epochs=5, no_point_adjust=False, num_workers=4)
[2025-12-17 20:09:27,861] [INFO] [shared_adv] 数据集 [swat] 构建完成，实体数量=1，input_dim=126，训练样本数=76198，测试样本数=17181
[2025-12-17 20:09:28,151] [INFO] [shared_adv] 当前使用设备：cuda
[2025-12-17 20:09:28,582] [INFO] 训练模式：混合模型 (hybrid)，context_len=90, pred_len=10。
[2025-12-17 20:09:30,753] [INFO] 模型结构：
MambaTSADHybrid(
  (recon_branch): MambaTSAD(
    (encoder): Linear(in_features=126, out_features=128, bias=True)
    (level1): ModuleList(
      (0-1): 2 x LSSBlockTS(
        (global_layers): ModuleList(
          (0-1): 2 x BiMambaBlock(
            (norm): LayerNorm((128,), eps=1e-05, elementwise_affine=True)
            (mamba_fwd): Mamba(
              (in_proj): Linear(in_features=128, out_features=512, bias=False)
              (conv1d): Conv1d(256, 256, kernel_size=(4,), stride=(1,), padding=(3,), groups=256)
              (act): SiLU()
              (x_proj): Linear(in_features=256, out_features=40, bias=False)
              (dt_proj): Linear(in_features=8, out_features=256, bias=True)
              (out_proj): Linear(in_features=256, out_features=128, bias=False)
            )
            (mamba_bwd): Mamba(
              (in_proj): Linear(in_features=128, out_features=512, bias=False)
              (conv1d): Conv1d(256, 256, kernel_size=(4,), stride=(1,), padding=(3,), groups=256)
              (act): SiLU()
              (x_proj): Linear(in_features=256, out_features=40, bias=False)
              (dt_proj): Linear(in_features=8, out_features=256, bias=True)
              (out_proj): Linear(in_features=256, out_features=128, bias=False)
            )
            (ffn): Sequential(
              (0): LayerNorm((128,), eps=1e-05, elementwise_affine=True)
              (1): Linear(in_features=128, out_features=512, bias=True)
              (2): GELU(approximate='none')
              (3): Dropout(p=0.1, inplace=False)
              (4): Linear(in_features=512, out_features=128, bias=True)
            )
            (dropout): Dropout(p=0.1, inplace=False)
          )
        )
        (local_branches): ModuleList(
          (0): LocalConvBlock1D(
            (block): Sequential(
              (0): Conv1d(128, 128, kernel_size=(1,), stride=(1,))
              (1): InstanceNorm1d(128, eps=1e-05, momentum=0.1, affine=False, track_running_stats=False)
              (2): SiLU()
              (3): Conv1d(128, 128, kernel_size=(5,), stride=(1,), padding=(2,), groups=128)
              (4): InstanceNorm1d(128, eps=1e-05, momentum=0.1, affine=False, track_running_stats=False)
              (5): SiLU()
              (6): Conv1d(128, 128, kernel_size=(1,), stride=(1,))
            )
          )
          (1): LocalConvBlock1D(
            (block): Sequential(
              (0): Conv1d(128, 128, kernel_size=(1,), stride=(1,))
              (1): InstanceNorm1d(128, eps=1e-05, momentum=0.1, affine=False, track_running_stats=False)
              (2): SiLU()
              (3): Conv1d(128, 128, kernel_size=(7,), stride=(1,), padding=(3,), groups=128)
              (4): InstanceNorm1d(128, eps=1e-05, momentum=0.1, affine=False, track_running_stats=False)
              (5): SiLU()
              (6): Conv1d(128, 128, kernel_size=(1,), stride=(1,))
            )
          )
        )
        (proj): Linear(in_features=384, out_features=128, bias=True)
      )
    )
    (level2): ModuleList(
      (0-1): 2 x LSSBlockTS(
        (global_layers): ModuleList(
          (0-1): 2 x BiMambaBlock(
            (norm): LayerNorm((128,), eps=1e-05, elementwise_affine=True)
            (mamba_fwd): Mamba(
              (in_proj): Linear(in_features=128, out_features=512, bias=False)
              (conv1d): Conv1d(256, 256, kernel_size=(4,), stride=(1,), padding=(3,), groups=256)
              (act): SiLU()
              (x_proj): Linear(in_features=256, out_features=40, bias=False)
              (dt_proj): Linear(in_features=8, out_features=256, bias=True)
              (out_proj): Linear(in_features=256, out_features=128, bias=False)
            )
            (mamba_bwd): Mamba(
              (in_proj): Linear(in_features=128, out_features=512, bias=False)
              (conv1d): Conv1d(256, 256, kernel_size=(4,), stride=(1,), padding=(3,), groups=256)
              (act): SiLU()
              (x_proj): Linear(in_features=256, out_features=40, bias=False)
              (dt_proj): Linear(in_features=8, out_features=256, bias=True)
              (out_proj): Linear(in_features=256, out_features=128, bias=False)
            )
            (ffn): Sequential(
              (0): LayerNorm((128,), eps=1e-05, elementwise_affine=True)
              (1): Linear(in_features=128, out_features=512, bias=True)
              (2): GELU(approximate='none')
              (3): Dropout(p=0.1, inplace=False)
              (4): Linear(in_features=512, out_features=128, bias=True)
            )
            (dropout): Dropout(p=0.1, inplace=False)
          )
        )
        (local_branches): ModuleList(
          (0): LocalConvBlock1D(
            (block): Sequential(
              (0): Conv1d(128, 128, kernel_size=(1,), stride=(1,))
              (1): InstanceNorm1d(128, eps=1e-05, momentum=0.1, affine=False, track_running_stats=False)
              (2): SiLU()
              (3): Conv1d(128, 128, kernel_size=(5,), stride=(1,), padding=(2,), groups=128)
              (4): InstanceNorm1d(128, eps=1e-05, momentum=0.1, affine=False, track_running_stats=False)
              (5): SiLU()
              (6): Conv1d(128, 128, kernel_size=(1,), stride=(1,))
            )
          )
          (1): LocalConvBlock1D(
            (block): Sequential(
              (0): Conv1d(128, 128, kernel_size=(1,), stride=(1,))
              (1): InstanceNorm1d(128, eps=1e-05, momentum=0.1, affine=False, track_running_stats=False)
              (2): SiLU()
              (3): Conv1d(128, 128, kernel_size=(7,), stride=(1,), padding=(3,), groups=128)
              (4): InstanceNorm1d(128, eps=1e-05, momentum=0.1, affine=False, track_running_stats=False)
              (5): SiLU()
              (6): Conv1d(128, 128, kernel_size=(1,), stride=(1,))
            )
          )
        )
        (proj): Linear(in_features=384, out_features=128, bias=True)
      )
    )
    (level3): ModuleList(
      (0-1): 2 x LSSBlockTS(
        (global_layers): ModuleList(
          (0-1): 2 x BiMambaBlock(
            (norm): LayerNorm((128,), eps=1e-05, elementwise_affine=True)
            (mamba_fwd): Mamba(
              (in_proj): Linear(in_features=128, out_features=512, bias=False)
              (conv1d): Conv1d(256, 256, kernel_size=(4,), stride=(1,), padding=(3,), groups=256)
              (act): SiLU()
              (x_proj): Linear(in_features=256, out_features=40, bias=False)
              (dt_proj): Linear(in_features=8, out_features=256, bias=True)
              (out_proj): Linear(in_features=256, out_features=128, bias=False)
            )
            (mamba_bwd): Mamba(
              (in_proj): Linear(in_features=128, out_features=512, bias=False)
              (conv1d): Conv1d(256, 256, kernel_size=(4,), stride=(1,), padding=(3,), groups=256)
              (act): SiLU()
              (x_proj): Linear(in_features=256, out_features=40, bias=False)
              (dt_proj): Linear(in_features=8, out_features=256, bias=True)
              (out_proj): Linear(in_features=256, out_features=128, bias=False)
            )
            (ffn): Sequential(
              (0): LayerNorm((128,), eps=1e-05, elementwise_affine=True)
              (1): Linear(in_features=128, out_features=512, bias=True)
              (2): GELU(approximate='none')
              (3): Dropout(p=0.1, inplace=False)
              (4): Linear(in_features=512, out_features=128, bias=True)
            )
            (dropout): Dropout(p=0.1, inplace=False)
          )
        )
        (local_branches): ModuleList(
          (0): LocalConvBlock1D(
            (block): Sequential(
              (0): Conv1d(128, 128, kernel_size=(1,), stride=(1,))
              (1): InstanceNorm1d(128, eps=1e-05, momentum=0.1, affine=False, track_running_stats=False)
              (2): SiLU()
              (3): Conv1d(128, 128, kernel_size=(5,), stride=(1,), padding=(2,), groups=128)
              (4): InstanceNorm1d(128, eps=1e-05, momentum=0.1, affine=False, track_running_stats=False)
              (5): SiLU()
              (6): Conv1d(128, 128, kernel_size=(1,), stride=(1,))
            )
          )
          (1): LocalConvBlock1D(
            (block): Sequential(
              (0): Conv1d(128, 128, kernel_size=(1,), stride=(1,))
              (1): InstanceNorm1d(128, eps=1e-05, momentum=0.1, affine=False, track_running_stats=False)
              (2): SiLU()
              (3): Conv1d(128, 128, kernel_size=(7,), stride=(1,), padding=(3,), groups=128)
              (4): InstanceNorm1d(128, eps=1e-05, momentum=0.1, affine=False, track_running_stats=False)
              (5): SiLU()
              (6): Conv1d(128, 128, kernel_size=(1,), stride=(1,))
            )
          )
        )
        (proj): Linear(in_features=384, out_features=128, bias=True)
      )
    )
    (decoder): Linear(in_features=128, out_features=126, bias=True)
  )
  (forecast_branch): MambaTSADForecast(
    (enc_embedding): InvertedTimeEmbedding(
      (proj): Linear(in_features=90, out_features=128, bias=True)
      (dropout): Dropout(p=0.1, inplace=False)
    )
    (encoder_layers): ModuleList(
      (0-2): 3 x BiMambaBlock1D(
        (norm): LayerNorm((128,), eps=1e-05, elementwise_affine=True)
        (mamba_fwd): Mamba(
          (in_proj): Linear(in_features=128, out_features=512, bias=False)
          (conv1d): Conv1d(256, 256, kernel_size=(4,), stride=(1,), padding=(3,), groups=256)
          (act): SiLU()
          (x_proj): Linear(in_features=256, out_features=40, bias=False)
          (dt_proj): Linear(in_features=8, out_features=256, bias=True)
          (out_proj): Linear(in_features=256, out_features=128, bias=False)
        )
        (mamba_bwd): Mamba(
          (in_proj): Linear(in_features=128, out_features=512, bias=False)
          (conv1d): Conv1d(256, 256, kernel_size=(4,), stride=(1,), padding=(3,), groups=256)
          (act): SiLU()
          (x_proj): Linear(in_features=256, out_features=40, bias=False)
          (dt_proj): Linear(in_features=8, out_features=256, bias=True)
          (out_proj): Linear(in_features=256, out_features=128, bias=False)
        )
        (ffn): Sequential(
          (0): LayerNorm((128,), eps=1e-05, elementwise_affine=True)
          (1): Linear(in_features=128, out_features=512, bias=True)
          (2): GELU(approximate='none')
          (3): Dropout(p=0.1, inplace=False)
          (4): Linear(in_features=512, out_features=128, bias=True)
        )
        (dropout): Dropout(p=0.1, inplace=False)
      )
    )
    (enc_norm): LayerNorm((128,), eps=1e-05, elementwise_affine=True)
    (projector): Linear(in_features=128, out_features=10, bias=True)
  )
)
[2025-12-17 20:09:30,756] [INFO] [TSADAdvTrainer] 对抗训练配置: epsilon=0.0500, beta=0.5000, warmup_epochs=5
[2025-12-17 20:09:30,756] [INFO] ========== Epoch 1/50 (hybrid_shared_adv) ==========
[2025-12-17 20:13:37,706] [INFO] [Epoch 1] hybrid_shared_adv 训练损失: total=0.349818, recon=0.135320, forecast=0.214498, adv=0.000000
[2025-12-17 20:13:54,061] [INFO] [Eval-recon(hybrid)] F1=0.4211, P=0.6660, R=0.3079, AUC=0.5192, thr=1705.171252, point_adjust=True
[2025-12-17 20:14:02,812] [INFO] [Eval-forecast(hybrid)] F1=0.7531, P=0.7287, R=0.7792, AUC=0.6771, thr=3.697743, point_adjust=True
[2025-12-17 20:14:08,304] [INFO] [Eval-hybrid] F1=0.4005, P=0.5727, R=0.3079, AUC=0.5181, thr=0.378210, point_adjust=True; recon_F1=0.4211, forecast_F1=0.7531
[2025-12-17 20:14:08,420] [INFO] 发现更优模型，已保存至 ./logs/wadi_adv_hybrid/best_model_hybrid_shared_adv.pt
[2025-12-17 20:14:08,670] [INFO] 已保存可视化图：./logs/wadi_adv_hybrid/scores_epoch1_hybrid_shared_adv.png
[2025-12-17 20:14:08,670] [INFO] ========== Epoch 2/50 (hybrid_shared_adv) ==========
[2025-12-17 20:16:41,884] [INFO] [Epoch 2] hybrid_shared_adv 训练损失: total=0.285902, recon=0.091212, forecast=0.194690, adv=0.000000
[2025-12-17 20:16:54,104] [INFO] [Eval-recon(hybrid)] F1=0.4517, P=0.5913, R=0.3653, AUC=0.5205, thr=347.516935, point_adjust=True
[2025-12-17 20:17:01,693] [INFO] [Eval-forecast(hybrid)] F1=0.7575, P=0.6508, R=0.9059, AUC=0.6741, thr=2.370830, point_adjust=True
[2025-12-17 20:17:07,207] [INFO] [Eval-hybrid] F1=0.4354, P=0.5387, R=0.3653, AUC=0.5184, thr=0.121837, point_adjust=True; recon_F1=0.4517, forecast_F1=0.7575
[2025-12-17 20:17:07,322] [INFO] 发现更优模型，已保存至 ./logs/wadi_adv_hybrid/best_model_hybrid_shared_adv.pt
[2025-12-17 20:17:07,568] [INFO] 已保存可视化图：./logs/wadi_adv_hybrid/scores_epoch2_hybrid_shared_adv.png
[2025-12-17 20:17:07,568] [INFO] ========== Epoch 3/50 (hybrid_shared_adv) ==========
[2025-12-17 20:20:15,361] [INFO] [Epoch 3] hybrid_shared_adv 训练损失: total=0.276481, recon=0.090216, forecast=0.186264, adv=0.000000
[2025-12-17 20:20:31,731] [INFO] [Eval-recon(hybrid)] F1=0.4435, P=0.5642, R=0.3653, AUC=0.5015, thr=188.157677, point_adjust=True
[2025-12-17 20:20:40,496] [INFO] [Eval-forecast(hybrid)] F1=0.7619, P=0.6573, R=0.9059, AUC=0.6789, thr=2.398936, point_adjust=True
[2025-12-17 20:20:45,995] [INFO] [Eval-hybrid] F1=0.4296, P=0.5212, R=0.3653, AUC=0.5026, thr=0.063671, point_adjust=True; recon_F1=0.4435, forecast_F1=0.7619
[2025-12-17 20:20:46,248] [INFO] 已保存可视化图：./logs/wadi_adv_hybrid/scores_epoch3_hybrid_shared_adv.png
[2025-12-17 20:20:46,248] [INFO] ========== Epoch 4/50 (hybrid_shared_adv) ==========
[2025-12-17 20:20:46,250] [INFO] [Epoch 4] hybrid_shared_adv 启用对抗训练 (epsilon=0.0500, beta=0.5000)
[2025-12-17 20:29:10,395] [INFO] [Epoch 4] hybrid_shared_adv 训练损失: total=0.428474, recon=0.089968, forecast=0.180881, adv=0.315250
[2025-12-17 20:29:31,692] [INFO] [Eval-recon(hybrid)] F1=0.4484, P=0.8249, R=0.3079, AUC=0.4931, thr=180.826210, point_adjust=True
[2025-12-17 20:29:41,564] [INFO] [Eval-forecast(hybrid)] F1=0.7969, P=0.6766, R=0.9693, AUC=0.6816, thr=2.382432, point_adjust=True
[2025-12-17 20:29:46,965] [WARNING] 融合后 AUC=0.4967 < 0.5，疑似得分方向被反转，将 scores 取反后重新计算。
[2025-12-17 20:29:52,288] [INFO] [Eval-hybrid] F1=0.2588, P=0.9618, R=0.1495, AUC=0.5033, thr=0.106904, point_adjust=True; recon_F1=0.4484, forecast_F1=0.7969
[2025-12-17 20:29:52,545] [INFO] 已保存可视化图：./logs/wadi_adv_hybrid/scores_epoch4_hybrid_shared_adv.png
[2025-12-17 20:29:52,545] [INFO] ========== Epoch 5/50 (hybrid_shared_adv) ==========
[2025-12-17 20:29:52,547] [INFO] [Epoch 5] hybrid_shared_adv 启用对抗训练 (epsilon=0.0500, beta=0.5000)
