[2025-12-11 10:23:55,473] [INFO] 日志已写入：./logs/msl_hybrid/MambaTSAD_20251211_102355.log
[2025-12-11 10:23:55,474] [INFO] 命令行参数：Namespace(dataset='msl', processed_root='./dataset/MSL', log_dir='./logs/msl_hybrid', branch='hybrid', win_size=100, pred_len=10, train_stride=1, test_stride=1, batch_size=64, epochs=50, lr=0.0001, weight_decay=0.0005, seed=42, no_amp=False, max_grad_norm=1.0, patience=8, lambda_recon=1.0, lambda_forecast=1.0, no_point_adjust=False, num_workers=4)
[2025-12-11 10:23:55,555] [INFO] 数据集 [msl] 构建完成，实体数量=27，input_dim=55，训练样本数=55644，测试样本数=71056
[2025-12-11 10:23:55,863] [INFO] 当前使用的设备：cuda
[2025-12-11 10:23:56,279] [INFO] 训练模式：混合模型 (hybrid)，context_len=90, pred_len=10。
[2025-12-11 10:23:57,223] [INFO] 模型结构：
MambaTSADHybrid(
  (recon_branch): MambaTSAD(
    (encoder): Linear(in_features=55, out_features=128, bias=True)
    (level1): ModuleList(
      (0-1): 2 x LSSBlockTS(
        (global_layers): ModuleList(
          (0-1): 2 x BiMambaBlock(
            (norm): LayerNorm((128,), eps=1e-05, elementwise_affine=True)
            (mamba_fwd): Mamba(
              (in_proj): Linear(in_features=128, out_features=512, bias=False)
              (conv1d): Conv1d(256, 256, kernel_size=(4,), stride=(1,), padding=(3,), groups=256)
              (act): SiLU()
              (x_proj): Linear(in_features=256, out_features=40, bias=False)
              (dt_proj): Linear(in_features=8, out_features=256, bias=True)
              (out_proj): Linear(in_features=256, out_features=128, bias=False)
            )
            (mamba_bwd): Mamba(
              (in_proj): Linear(in_features=128, out_features=512, bias=False)
              (conv1d): Conv1d(256, 256, kernel_size=(4,), stride=(1,), padding=(3,), groups=256)
              (act): SiLU()
              (x_proj): Linear(in_features=256, out_features=40, bias=False)
              (dt_proj): Linear(in_features=8, out_features=256, bias=True)
              (out_proj): Linear(in_features=256, out_features=128, bias=False)
            )
            (ffn): Sequential(
              (0): LayerNorm((128,), eps=1e-05, elementwise_affine=True)
              (1): Linear(in_features=128, out_features=512, bias=True)
              (2): GELU(approximate='none')
              (3): Dropout(p=0.1, inplace=False)
              (4): Linear(in_features=512, out_features=128, bias=True)
            )
            (dropout): Dropout(p=0.1, inplace=False)
          )
        )
        (local_branches): ModuleList(
          (0): LocalConvBlock1D(
            (block): Sequential(
              (0): Conv1d(128, 128, kernel_size=(1,), stride=(1,))
              (1): InstanceNorm1d(128, eps=1e-05, momentum=0.1, affine=False, track_running_stats=False)
              (2): SiLU()
              (3): Conv1d(128, 128, kernel_size=(5,), stride=(1,), padding=(2,), groups=128)
              (4): InstanceNorm1d(128, eps=1e-05, momentum=0.1, affine=False, track_running_stats=False)
              (5): SiLU()
              (6): Conv1d(128, 128, kernel_size=(1,), stride=(1,))
            )
          )
          (1): LocalConvBlock1D(
            (block): Sequential(
              (0): Conv1d(128, 128, kernel_size=(1,), stride=(1,))
              (1): InstanceNorm1d(128, eps=1e-05, momentum=0.1, affine=False, track_running_stats=False)
              (2): SiLU()
              (3): Conv1d(128, 128, kernel_size=(7,), stride=(1,), padding=(3,), groups=128)
              (4): InstanceNorm1d(128, eps=1e-05, momentum=0.1, affine=False, track_running_stats=False)
              (5): SiLU()
              (6): Conv1d(128, 128, kernel_size=(1,), stride=(1,))
            )
          )
        )
        (proj): Linear(in_features=384, out_features=128, bias=True)
      )
    )
    (level2): ModuleList(
      (0-1): 2 x LSSBlockTS(
        (global_layers): ModuleList(
          (0-1): 2 x BiMambaBlock(
            (norm): LayerNorm((128,), eps=1e-05, elementwise_affine=True)
            (mamba_fwd): Mamba(
              (in_proj): Linear(in_features=128, out_features=512, bias=False)
              (conv1d): Conv1d(256, 256, kernel_size=(4,), stride=(1,), padding=(3,), groups=256)
              (act): SiLU()
              (x_proj): Linear(in_features=256, out_features=40, bias=False)
              (dt_proj): Linear(in_features=8, out_features=256, bias=True)
              (out_proj): Linear(in_features=256, out_features=128, bias=False)
            )
            (mamba_bwd): Mamba(
              (in_proj): Linear(in_features=128, out_features=512, bias=False)
              (conv1d): Conv1d(256, 256, kernel_size=(4,), stride=(1,), padding=(3,), groups=256)
              (act): SiLU()
              (x_proj): Linear(in_features=256, out_features=40, bias=False)
              (dt_proj): Linear(in_features=8, out_features=256, bias=True)
              (out_proj): Linear(in_features=256, out_features=128, bias=False)
            )
            (ffn): Sequential(
              (0): LayerNorm((128,), eps=1e-05, elementwise_affine=True)
              (1): Linear(in_features=128, out_features=512, bias=True)
              (2): GELU(approximate='none')
              (3): Dropout(p=0.1, inplace=False)
              (4): Linear(in_features=512, out_features=128, bias=True)
            )
            (dropout): Dropout(p=0.1, inplace=False)
          )
        )
        (local_branches): ModuleList(
          (0): LocalConvBlock1D(
            (block): Sequential(
              (0): Conv1d(128, 128, kernel_size=(1,), stride=(1,))
              (1): InstanceNorm1d(128, eps=1e-05, momentum=0.1, affine=False, track_running_stats=False)
              (2): SiLU()
              (3): Conv1d(128, 128, kernel_size=(5,), stride=(1,), padding=(2,), groups=128)
              (4): InstanceNorm1d(128, eps=1e-05, momentum=0.1, affine=False, track_running_stats=False)
              (5): SiLU()
              (6): Conv1d(128, 128, kernel_size=(1,), stride=(1,))
            )
          )
          (1): LocalConvBlock1D(
            (block): Sequential(
              (0): Conv1d(128, 128, kernel_size=(1,), stride=(1,))
              (1): InstanceNorm1d(128, eps=1e-05, momentum=0.1, affine=False, track_running_stats=False)
              (2): SiLU()
              (3): Conv1d(128, 128, kernel_size=(7,), stride=(1,), padding=(3,), groups=128)
              (4): InstanceNorm1d(128, eps=1e-05, momentum=0.1, affine=False, track_running_stats=False)
              (5): SiLU()
              (6): Conv1d(128, 128, kernel_size=(1,), stride=(1,))
            )
          )
        )
        (proj): Linear(in_features=384, out_features=128, bias=True)
      )
    )
    (level3): ModuleList(
      (0-1): 2 x LSSBlockTS(
        (global_layers): ModuleList(
          (0-1): 2 x BiMambaBlock(
            (norm): LayerNorm((128,), eps=1e-05, elementwise_affine=True)
            (mamba_fwd): Mamba(
              (in_proj): Linear(in_features=128, out_features=512, bias=False)
              (conv1d): Conv1d(256, 256, kernel_size=(4,), stride=(1,), padding=(3,), groups=256)
              (act): SiLU()
              (x_proj): Linear(in_features=256, out_features=40, bias=False)
              (dt_proj): Linear(in_features=8, out_features=256, bias=True)
              (out_proj): Linear(in_features=256, out_features=128, bias=False)
            )
            (mamba_bwd): Mamba(
              (in_proj): Linear(in_features=128, out_features=512, bias=False)
              (conv1d): Conv1d(256, 256, kernel_size=(4,), stride=(1,), padding=(3,), groups=256)
              (act): SiLU()
              (x_proj): Linear(in_features=256, out_features=40, bias=False)
              (dt_proj): Linear(in_features=8, out_features=256, bias=True)
              (out_proj): Linear(in_features=256, out_features=128, bias=False)
            )
            (ffn): Sequential(
              (0): LayerNorm((128,), eps=1e-05, elementwise_affine=True)
              (1): Linear(in_features=128, out_features=512, bias=True)
              (2): GELU(approximate='none')
              (3): Dropout(p=0.1, inplace=False)
              (4): Linear(in_features=512, out_features=128, bias=True)
            )
            (dropout): Dropout(p=0.1, inplace=False)
          )
        )
        (local_branches): ModuleList(
          (0): LocalConvBlock1D(
            (block): Sequential(
              (0): Conv1d(128, 128, kernel_size=(1,), stride=(1,))
              (1): InstanceNorm1d(128, eps=1e-05, momentum=0.1, affine=False, track_running_stats=False)
              (2): SiLU()
              (3): Conv1d(128, 128, kernel_size=(5,), stride=(1,), padding=(2,), groups=128)
              (4): InstanceNorm1d(128, eps=1e-05, momentum=0.1, affine=False, track_running_stats=False)
              (5): SiLU()
              (6): Conv1d(128, 128, kernel_size=(1,), stride=(1,))
            )
          )
          (1): LocalConvBlock1D(
            (block): Sequential(
              (0): Conv1d(128, 128, kernel_size=(1,), stride=(1,))
              (1): InstanceNorm1d(128, eps=1e-05, momentum=0.1, affine=False, track_running_stats=False)
              (2): SiLU()
              (3): Conv1d(128, 128, kernel_size=(7,), stride=(1,), padding=(3,), groups=128)
              (4): InstanceNorm1d(128, eps=1e-05, momentum=0.1, affine=False, track_running_stats=False)
              (5): SiLU()
              (6): Conv1d(128, 128, kernel_size=(1,), stride=(1,))
            )
          )
        )
        (proj): Linear(in_features=384, out_features=128, bias=True)
      )
    )
    (decoder): Linear(in_features=128, out_features=55, bias=True)
  )
  (forecast_branch): MambaTSADForecast(
    (enc_embedding): InvertedTimeEmbedding(
      (proj): Linear(in_features=90, out_features=128, bias=True)
      (dropout): Dropout(p=0.1, inplace=False)
    )
    (encoder_layers): ModuleList(
      (0-2): 3 x BiMambaBlock1D(
        (norm): LayerNorm((128,), eps=1e-05, elementwise_affine=True)
        (mamba_fwd): Mamba(
          (in_proj): Linear(in_features=128, out_features=512, bias=False)
          (conv1d): Conv1d(256, 256, kernel_size=(4,), stride=(1,), padding=(3,), groups=256)
          (act): SiLU()
          (x_proj): Linear(in_features=256, out_features=40, bias=False)
          (dt_proj): Linear(in_features=8, out_features=256, bias=True)
          (out_proj): Linear(in_features=256, out_features=128, bias=False)
        )
        (mamba_bwd): Mamba(
          (in_proj): Linear(in_features=128, out_features=512, bias=False)
          (conv1d): Conv1d(256, 256, kernel_size=(4,), stride=(1,), padding=(3,), groups=256)
          (act): SiLU()
          (x_proj): Linear(in_features=256, out_features=40, bias=False)
          (dt_proj): Linear(in_features=8, out_features=256, bias=True)
          (out_proj): Linear(in_features=256, out_features=128, bias=False)
        )
        (ffn): Sequential(
          (0): LayerNorm((128,), eps=1e-05, elementwise_affine=True)
          (1): Linear(in_features=128, out_features=512, bias=True)
          (2): GELU(approximate='none')
          (3): Dropout(p=0.1, inplace=False)
          (4): Linear(in_features=512, out_features=128, bias=True)
        )
        (dropout): Dropout(p=0.1, inplace=False)
      )
    )
    (enc_norm): LayerNorm((128,), eps=1e-05, elementwise_affine=True)
    (projector): Linear(in_features=128, out_features=10, bias=True)
  )
)
[2025-12-11 10:23:57,225] [INFO] ========== Epoch 1/50 (hybrid) ==========
[2025-12-11 10:25:38,262] [INFO] [Epoch 1] 混合模型训练损失: total=1.649604, recon=0.893096, forecast=0.756508
[2025-12-11 10:26:25,926] [INFO] [Eval-recon(hybrid)] F1=0.8708, P=0.8881, R=0.8542, AUC=0.5381, thr=1.926356, point_adjust=True
[2025-12-11 10:26:55,834] [INFO] [Eval-forecast(hybrid)] F1=0.8793, P=0.9160, R=0.8454, AUC=0.6265, thr=11.939153, point_adjust=True
[2025-12-11 10:27:18,857] [INFO] [Eval-hybrid] F1=0.8752, P=0.8972, R=0.8542, AUC=0.6034, thr=0.219924, point_adjust=True; recon_F1=0.8708, forecast_F1=0.8793
[2025-12-11 10:27:18,968] [INFO] 发现更优模型，已保存至 ./logs/msl_hybrid/best_model_hybrid.pt
[2025-12-11 10:27:19,220] [INFO] 已保存可视化图：./logs/msl_hybrid/scores_epoch1_hybrid.png
[2025-12-11 10:27:19,220] [INFO] ========== Epoch 2/50 (hybrid) ==========
[2025-12-11 10:28:51,580] [INFO] [Epoch 2] 混合模型训练损失: total=1.328768, recon=0.714726, forecast=0.614042
[2025-12-11 10:29:38,765] [INFO] [Eval-recon(hybrid)] F1=0.8708, P=0.8880, R=0.8542, AUC=0.5405, thr=1.969064, point_adjust=True
[2025-12-11 10:30:08,439] [INFO] [Eval-forecast(hybrid)] F1=0.8865, P=0.9213, R=0.8542, AUC=0.6410, thr=10.226892, point_adjust=True
[2025-12-11 10:30:31,128] [INFO] [Eval-hybrid] F1=0.8811, P=0.9096, R=0.8542, AUC=0.6023, thr=0.248473, point_adjust=True; recon_F1=0.8708, forecast_F1=0.8865
[2025-12-11 10:30:31,243] [INFO] 发现更优模型，已保存至 ./logs/msl_hybrid/best_model_hybrid.pt
[2025-12-11 10:30:31,490] [INFO] 已保存可视化图：./logs/msl_hybrid/scores_epoch2_hybrid.png
[2025-12-11 10:30:31,490] [INFO] ========== Epoch 3/50 (hybrid) ==========
[2025-12-11 10:32:02,949] [INFO] [Epoch 3] 混合模型训练损失: total=1.284256, recon=0.703560, forecast=0.580697
[2025-12-11 10:32:50,795] [INFO] [Eval-recon(hybrid)] F1=0.8708, P=0.8880, R=0.8542, AUC=0.5425, thr=1.958878, point_adjust=True
[2025-12-11 10:33:21,053] [INFO] [Eval-forecast(hybrid)] F1=0.8878, P=0.9241, R=0.8542, AUC=0.6432, thr=10.234163, point_adjust=True
[2025-12-11 10:33:44,190] [INFO] [Eval-hybrid] F1=0.8815, P=0.9105, R=0.8542, AUC=0.6026, thr=0.274543, point_adjust=True; recon_F1=0.8708, forecast_F1=0.8878
[2025-12-11 10:33:44,300] [INFO] 发现更优模型，已保存至 ./logs/msl_hybrid/best_model_hybrid.pt
[2025-12-11 10:33:44,545] [INFO] 已保存可视化图：./logs/msl_hybrid/scores_epoch3_hybrid.png
[2025-12-11 10:33:44,545] [INFO] ========== Epoch 4/50 (hybrid) ==========
[2025-12-11 10:35:16,658] [INFO] [Epoch 4] 混合模型训练损失: total=1.268300, recon=0.698153, forecast=0.570146
[2025-12-11 10:36:04,101] [INFO] [Eval-recon(hybrid)] F1=0.8707, P=0.8878, R=0.8542, AUC=0.5447, thr=1.946808, point_adjust=True
[2025-12-11 10:36:33,528] [INFO] [Eval-forecast(hybrid)] F1=0.8872, P=0.9059, R=0.8693, AUC=0.6384, thr=4.712349, point_adjust=True
[2025-12-11 10:36:56,041] [INFO] [Eval-hybrid] F1=0.8797, P=0.9169, R=0.8454, AUC=0.5931, thr=0.333930, point_adjust=True; recon_F1=0.8707, forecast_F1=0.8872
[2025-12-11 10:36:56,290] [INFO] 已保存可视化图：./logs/msl_hybrid/scores_epoch4_hybrid.png
[2025-12-11 10:36:56,290] [INFO] ========== Epoch 5/50 (hybrid) ==========
[2025-12-11 10:38:29,994] [INFO] [Epoch 5] 混合模型训练损失: total=1.261039, recon=0.694393, forecast=0.566646
[2025-12-11 10:39:19,031] [INFO] [Eval-recon(hybrid)] F1=0.8708, P=0.8880, R=0.8542, AUC=0.5455, thr=1.956210, point_adjust=True
[2025-12-11 10:39:48,758] [INFO] [Eval-forecast(hybrid)] F1=0.8884, P=0.9255, R=0.8542, AUC=0.6480, thr=10.232310, point_adjust=True
[2025-12-11 10:40:11,300] [INFO] [Eval-hybrid] F1=0.8796, P=0.9168, R=0.8454, AUC=0.5974, thr=0.363199, point_adjust=True; recon_F1=0.8708, forecast_F1=0.8884
[2025-12-11 10:40:11,546] [INFO] 已保存可视化图：./logs/msl_hybrid/scores_epoch5_hybrid.png
[2025-12-11 10:40:11,547] [INFO] ========== Epoch 6/50 (hybrid) ==========
[2025-12-11 10:41:50,312] [INFO] [Epoch 6] 混合模型训练损失: total=1.256359, recon=0.692266, forecast=0.564093
[2025-12-11 10:42:52,511] [INFO] [Eval-recon(hybrid)] F1=0.8692, P=0.8945, R=0.8454, AUC=0.5477, thr=2.017036, point_adjust=True
[2025-12-11 10:43:31,897] [INFO] [Eval-forecast(hybrid)] F1=0.8875, P=0.9234, R=0.8542, AUC=0.6548, thr=10.227532, point_adjust=True
[2025-12-11 10:43:55,983] [INFO] [Eval-hybrid] F1=0.8780, P=0.9132, R=0.8454, AUC=0.5993, thr=0.343528, point_adjust=True; recon_F1=0.8692, forecast_F1=0.8875
[2025-12-11 10:43:56,262] [INFO] 已保存可视化图：./logs/msl_hybrid/scores_epoch6_hybrid.png
[2025-12-11 10:43:56,263] [INFO] ========== Epoch 7/50 (hybrid) ==========
