[2025-12-08 21:36:37,085] [INFO] 日志已写入：./logs/msl_hybrid/MambaTSAD_20251208_213637.log
[2025-12-08 21:36:37,087] [INFO] 命令行参数：Namespace(dataset='msl', processed_root='./dataset/MSL', log_dir='./logs/msl_hybrid', branch='hybrid', win_size=100, pred_len=5, train_stride=1, test_stride=1, batch_size=64, epochs=50, lr=0.0001, weight_decay=0.0005, seed=42, no_amp=False, max_grad_norm=1.0, patience=8, lambda_recon=1.0, lambda_forecast=1.0, no_point_adjust=False, num_workers=4)
[2025-12-08 21:36:37,193] [INFO] 数据集 [msl] 构建完成，实体数量=27，input_dim=55，训练样本数=55644，测试样本数=71056
[2025-12-08 21:36:37,401] [INFO] 当前使用的设备：cuda
[2025-12-08 21:36:37,872] [INFO] 训练模式：混合模型 (hybrid)，context_len=95, pred_len=5。
[2025-12-08 21:36:38,437] [INFO] 模型结构：
MambaTSADHybrid(
  (recon_branch): MambaTSAD(
    (encoder): Linear(in_features=55, out_features=128, bias=True)
    (level1): ModuleList(
      (0-1): 2 x LSSBlockTS(
        (global_layers): ModuleList(
          (0-1): 2 x BiMambaBlock(
            (norm): LayerNorm((128,), eps=1e-05, elementwise_affine=True)
            (mamba_fwd): Mamba(
              (in_proj): Linear(in_features=128, out_features=512, bias=False)
              (conv1d): Conv1d(256, 256, kernel_size=(4,), stride=(1,), padding=(3,), groups=256)
              (act): SiLU()
              (x_proj): Linear(in_features=256, out_features=40, bias=False)
              (dt_proj): Linear(in_features=8, out_features=256, bias=True)
              (out_proj): Linear(in_features=256, out_features=128, bias=False)
            )
            (mamba_bwd): Mamba(
              (in_proj): Linear(in_features=128, out_features=512, bias=False)
              (conv1d): Conv1d(256, 256, kernel_size=(4,), stride=(1,), padding=(3,), groups=256)
              (act): SiLU()
              (x_proj): Linear(in_features=256, out_features=40, bias=False)
              (dt_proj): Linear(in_features=8, out_features=256, bias=True)
              (out_proj): Linear(in_features=256, out_features=128, bias=False)
            )
            (ffn): Sequential(
              (0): LayerNorm((128,), eps=1e-05, elementwise_affine=True)
              (1): Linear(in_features=128, out_features=512, bias=True)
              (2): GELU(approximate='none')
              (3): Dropout(p=0.1, inplace=False)
              (4): Linear(in_features=512, out_features=128, bias=True)
            )
            (dropout): Dropout(p=0.1, inplace=False)
          )
        )
        (local_branches): ModuleList(
          (0): LocalConvBlock1D(
            (block): Sequential(
              (0): Conv1d(128, 128, kernel_size=(1,), stride=(1,))
              (1): InstanceNorm1d(128, eps=1e-05, momentum=0.1, affine=False, track_running_stats=False)
              (2): SiLU()
              (3): Conv1d(128, 128, kernel_size=(5,), stride=(1,), padding=(2,), groups=128)
              (4): InstanceNorm1d(128, eps=1e-05, momentum=0.1, affine=False, track_running_stats=False)
              (5): SiLU()
              (6): Conv1d(128, 128, kernel_size=(1,), stride=(1,))
            )
          )
          (1): LocalConvBlock1D(
            (block): Sequential(
              (0): Conv1d(128, 128, kernel_size=(1,), stride=(1,))
              (1): InstanceNorm1d(128, eps=1e-05, momentum=0.1, affine=False, track_running_stats=False)
              (2): SiLU()
              (3): Conv1d(128, 128, kernel_size=(7,), stride=(1,), padding=(3,), groups=128)
              (4): InstanceNorm1d(128, eps=1e-05, momentum=0.1, affine=False, track_running_stats=False)
              (5): SiLU()
              (6): Conv1d(128, 128, kernel_size=(1,), stride=(1,))
            )
          )
        )
        (proj): Linear(in_features=384, out_features=128, bias=True)
      )
    )
    (level2): ModuleList(
      (0-1): 2 x LSSBlockTS(
        (global_layers): ModuleList(
          (0-1): 2 x BiMambaBlock(
            (norm): LayerNorm((128,), eps=1e-05, elementwise_affine=True)
            (mamba_fwd): Mamba(
              (in_proj): Linear(in_features=128, out_features=512, bias=False)
              (conv1d): Conv1d(256, 256, kernel_size=(4,), stride=(1,), padding=(3,), groups=256)
              (act): SiLU()
              (x_proj): Linear(in_features=256, out_features=40, bias=False)
              (dt_proj): Linear(in_features=8, out_features=256, bias=True)
              (out_proj): Linear(in_features=256, out_features=128, bias=False)
            )
            (mamba_bwd): Mamba(
              (in_proj): Linear(in_features=128, out_features=512, bias=False)
              (conv1d): Conv1d(256, 256, kernel_size=(4,), stride=(1,), padding=(3,), groups=256)
              (act): SiLU()
              (x_proj): Linear(in_features=256, out_features=40, bias=False)
              (dt_proj): Linear(in_features=8, out_features=256, bias=True)
              (out_proj): Linear(in_features=256, out_features=128, bias=False)
            )
            (ffn): Sequential(
              (0): LayerNorm((128,), eps=1e-05, elementwise_affine=True)
              (1): Linear(in_features=128, out_features=512, bias=True)
              (2): GELU(approximate='none')
              (3): Dropout(p=0.1, inplace=False)
              (4): Linear(in_features=512, out_features=128, bias=True)
            )
            (dropout): Dropout(p=0.1, inplace=False)
          )
        )
        (local_branches): ModuleList(
          (0): LocalConvBlock1D(
            (block): Sequential(
              (0): Conv1d(128, 128, kernel_size=(1,), stride=(1,))
              (1): InstanceNorm1d(128, eps=1e-05, momentum=0.1, affine=False, track_running_stats=False)
              (2): SiLU()
              (3): Conv1d(128, 128, kernel_size=(5,), stride=(1,), padding=(2,), groups=128)
              (4): InstanceNorm1d(128, eps=1e-05, momentum=0.1, affine=False, track_running_stats=False)
              (5): SiLU()
              (6): Conv1d(128, 128, kernel_size=(1,), stride=(1,))
            )
          )
          (1): LocalConvBlock1D(
            (block): Sequential(
              (0): Conv1d(128, 128, kernel_size=(1,), stride=(1,))
              (1): InstanceNorm1d(128, eps=1e-05, momentum=0.1, affine=False, track_running_stats=False)
              (2): SiLU()
              (3): Conv1d(128, 128, kernel_size=(7,), stride=(1,), padding=(3,), groups=128)
              (4): InstanceNorm1d(128, eps=1e-05, momentum=0.1, affine=False, track_running_stats=False)
              (5): SiLU()
              (6): Conv1d(128, 128, kernel_size=(1,), stride=(1,))
            )
          )
        )
        (proj): Linear(in_features=384, out_features=128, bias=True)
      )
    )
    (level3): ModuleList(
      (0-1): 2 x LSSBlockTS(
        (global_layers): ModuleList(
          (0-1): 2 x BiMambaBlock(
            (norm): LayerNorm((128,), eps=1e-05, elementwise_affine=True)
            (mamba_fwd): Mamba(
              (in_proj): Linear(in_features=128, out_features=512, bias=False)
              (conv1d): Conv1d(256, 256, kernel_size=(4,), stride=(1,), padding=(3,), groups=256)
              (act): SiLU()
              (x_proj): Linear(in_features=256, out_features=40, bias=False)
              (dt_proj): Linear(in_features=8, out_features=256, bias=True)
              (out_proj): Linear(in_features=256, out_features=128, bias=False)
            )
            (mamba_bwd): Mamba(
              (in_proj): Linear(in_features=128, out_features=512, bias=False)
              (conv1d): Conv1d(256, 256, kernel_size=(4,), stride=(1,), padding=(3,), groups=256)
              (act): SiLU()
              (x_proj): Linear(in_features=256, out_features=40, bias=False)
              (dt_proj): Linear(in_features=8, out_features=256, bias=True)
              (out_proj): Linear(in_features=256, out_features=128, bias=False)
            )
            (ffn): Sequential(
              (0): LayerNorm((128,), eps=1e-05, elementwise_affine=True)
              (1): Linear(in_features=128, out_features=512, bias=True)
              (2): GELU(approximate='none')
              (3): Dropout(p=0.1, inplace=False)
              (4): Linear(in_features=512, out_features=128, bias=True)
            )
            (dropout): Dropout(p=0.1, inplace=False)
          )
        )
        (local_branches): ModuleList(
          (0): LocalConvBlock1D(
            (block): Sequential(
              (0): Conv1d(128, 128, kernel_size=(1,), stride=(1,))
              (1): InstanceNorm1d(128, eps=1e-05, momentum=0.1, affine=False, track_running_stats=False)
              (2): SiLU()
              (3): Conv1d(128, 128, kernel_size=(5,), stride=(1,), padding=(2,), groups=128)
              (4): InstanceNorm1d(128, eps=1e-05, momentum=0.1, affine=False, track_running_stats=False)
              (5): SiLU()
              (6): Conv1d(128, 128, kernel_size=(1,), stride=(1,))
            )
          )
          (1): LocalConvBlock1D(
            (block): Sequential(
              (0): Conv1d(128, 128, kernel_size=(1,), stride=(1,))
              (1): InstanceNorm1d(128, eps=1e-05, momentum=0.1, affine=False, track_running_stats=False)
              (2): SiLU()
              (3): Conv1d(128, 128, kernel_size=(7,), stride=(1,), padding=(3,), groups=128)
              (4): InstanceNorm1d(128, eps=1e-05, momentum=0.1, affine=False, track_running_stats=False)
              (5): SiLU()
              (6): Conv1d(128, 128, kernel_size=(1,), stride=(1,))
            )
          )
        )
        (proj): Linear(in_features=384, out_features=128, bias=True)
      )
    )
    (decoder): Linear(in_features=128, out_features=55, bias=True)
  )
  (forecast_branch): MambaTSADForecast(
    (enc_embedding): InvertedTimeEmbedding(
      (proj): Linear(in_features=95, out_features=128, bias=True)
      (dropout): Dropout(p=0.1, inplace=False)
    )
    (encoder_layers): ModuleList(
      (0-2): 3 x BiMambaBlock1D(
        (norm): LayerNorm((128,), eps=1e-05, elementwise_affine=True)
        (mamba_fwd): Mamba(
          (in_proj): Linear(in_features=128, out_features=512, bias=False)
          (conv1d): Conv1d(256, 256, kernel_size=(4,), stride=(1,), padding=(3,), groups=256)
          (act): SiLU()
          (x_proj): Linear(in_features=256, out_features=40, bias=False)
          (dt_proj): Linear(in_features=8, out_features=256, bias=True)
          (out_proj): Linear(in_features=256, out_features=128, bias=False)
        )
        (mamba_bwd): Mamba(
          (in_proj): Linear(in_features=128, out_features=512, bias=False)
          (conv1d): Conv1d(256, 256, kernel_size=(4,), stride=(1,), padding=(3,), groups=256)
          (act): SiLU()
          (x_proj): Linear(in_features=256, out_features=40, bias=False)
          (dt_proj): Linear(in_features=8, out_features=256, bias=True)
          (out_proj): Linear(in_features=256, out_features=128, bias=False)
        )
        (ffn): Sequential(
          (0): LayerNorm((128,), eps=1e-05, elementwise_affine=True)
          (1): Linear(in_features=128, out_features=512, bias=True)
          (2): GELU(approximate='none')
          (3): Dropout(p=0.1, inplace=False)
          (4): Linear(in_features=512, out_features=128, bias=True)
        )
        (dropout): Dropout(p=0.1, inplace=False)
      )
    )
    (enc_norm): LayerNorm((128,), eps=1e-05, elementwise_affine=True)
    (projector): Linear(in_features=128, out_features=5, bias=True)
  )
)
[2025-12-08 21:36:38,439] [INFO] ========== Epoch 1/50 (hybrid) ==========
[2025-12-08 21:38:22,801] [INFO] [Epoch 1] 混合模型训练损失: total=1.597314, recon=0.896043, forecast=0.718550
[2025-12-08 21:39:10,954] [INFO] [Eval-recon(hybrid)] F1=0.8691, P=0.8845, R=0.8542, AUC=0.5394, thr=1.851623, point_adjust=True
[2025-12-08 21:39:40,488] [INFO] [Eval-forecast(hybrid)] F1=0.8816, P=0.9108, R=0.8542, AUC=0.6255, thr=10.226074, point_adjust=True
[2025-12-08 21:40:03,570] [INFO] [Eval-hybrid] F1=0.8757, P=0.9084, R=0.8454, AUC=0.4462, thr=0.296526, point_adjust=True; recon_F1=0.8691, forecast_F1=0.8816
[2025-12-08 21:40:03,684] [INFO] 发现更优模型，已保存至 ./logs/msl_hybrid/best_model_hybrid.pt
[2025-12-08 21:40:03,948] [INFO] 已保存可视化图：./logs/msl_hybrid/scores_epoch1_hybrid.png
[2025-12-08 21:40:03,949] [INFO] ========== Epoch 2/50 (hybrid) ==========
[2025-12-08 21:41:39,708] [INFO] [Epoch 2] 混合模型训练损失: total=1.294548, recon=0.712424, forecast=0.604729
[2025-12-08 21:42:27,361] [INFO] [Eval-recon(hybrid)] F1=0.8708, P=0.8880, R=0.8542, AUC=0.5413, thr=1.934015, point_adjust=True
[2025-12-08 21:42:57,512] [INFO] [Eval-forecast(hybrid)] F1=0.8853, P=0.9187, R=0.8542, AUC=0.6304, thr=10.226382, point_adjust=True
[2025-12-08 21:43:20,328] [INFO] [Eval-hybrid] F1=0.8788, P=0.9151, R=0.8454, AUC=0.4462, thr=0.333322, point_adjust=True; recon_F1=0.8708, forecast_F1=0.8853
[2025-12-08 21:43:20,444] [INFO] 发现更优模型，已保存至 ./logs/msl_hybrid/best_model_hybrid.pt
[2025-12-08 21:43:20,697] [INFO] 已保存可视化图：./logs/msl_hybrid/scores_epoch2_hybrid.png
[2025-12-08 21:43:20,697] [INFO] ========== Epoch 3/50 (hybrid) ==========
[2025-12-08 21:44:56,678] [INFO] [Epoch 3] 混合模型训练损失: total=1.257711, recon=0.702904, forecast=0.578302
[2025-12-08 21:45:46,417] [INFO] [Eval-recon(hybrid)] F1=0.8707, P=0.8877, R=0.8542, AUC=0.5428, thr=1.961548, point_adjust=True
[2025-12-08 21:46:16,507] [INFO] [Eval-forecast(hybrid)] F1=0.8882, P=0.9079, R=0.8693, AUC=0.6401, thr=4.630075, point_adjust=True
[2025-12-08 21:46:39,565] [INFO] [Eval-hybrid] F1=0.8792, P=0.9159, R=0.8454, AUC=0.4447, thr=0.366608, point_adjust=True; recon_F1=0.8707, forecast_F1=0.8882
[2025-12-08 21:46:39,676] [INFO] 发现更优模型，已保存至 ./logs/msl_hybrid/best_model_hybrid.pt
[2025-12-08 21:46:39,922] [INFO] 已保存可视化图：./logs/msl_hybrid/scores_epoch3_hybrid.png
[2025-12-08 21:46:39,922] [INFO] ========== Epoch 4/50 (hybrid) ==========
[2025-12-08 21:48:15,842] [INFO] [Epoch 4] 混合模型训练损失: total=1.243860, recon=0.697257, forecast=0.568690
[2025-12-08 21:49:06,588] [INFO] [Eval-recon(hybrid)] F1=0.8709, P=0.8883, R=0.8542, AUC=0.5437, thr=1.938028, point_adjust=True
[2025-12-08 21:49:37,683] [INFO] [Eval-forecast(hybrid)] F1=0.8889, P=0.9265, R=0.8542, AUC=0.6390, thr=10.230791, point_adjust=True
[2025-12-08 21:50:01,260] [INFO] [Eval-hybrid] F1=0.8764, P=0.9099, R=0.8454, AUC=0.4424, thr=0.345444, point_adjust=True; recon_F1=0.8709, forecast_F1=0.8889
[2025-12-08 21:50:01,511] [INFO] 已保存可视化图：./logs/msl_hybrid/scores_epoch4_hybrid.png
[2025-12-08 21:50:01,511] [INFO] ========== Epoch 5/50 (hybrid) ==========
[2025-12-08 21:51:40,279] [INFO] [Epoch 5] 混合模型训练损失: total=1.240225, recon=0.693933, forecast=0.564955
[2025-12-08 21:52:28,193] [INFO] [Eval-recon(hybrid)] F1=0.8694, P=0.8949, R=0.8454, AUC=0.5450, thr=2.025114, point_adjust=True
[2025-12-08 21:52:57,845] [INFO] [Eval-forecast(hybrid)] F1=0.8878, P=0.9070, R=0.8693, AUC=0.6458, thr=4.673759, point_adjust=True
[2025-12-08 21:53:20,598] [INFO] [Eval-hybrid] F1=0.8762, P=0.9093, R=0.8454, AUC=0.4424, thr=0.352702, point_adjust=True; recon_F1=0.8694, forecast_F1=0.8878
[2025-12-08 21:53:21,143] [INFO] 已保存可视化图：./logs/msl_hybrid/scores_epoch5_hybrid.png
[2025-12-08 21:53:21,143] [INFO] ========== Epoch 6/50 (hybrid) ==========
[2025-12-08 21:55:01,286] [INFO] [Epoch 6] 混合模型训练损失: total=1.238332, recon=0.691704, forecast=0.562478
[2025-12-08 21:55:49,111] [INFO] [Eval-recon(hybrid)] F1=0.8693, P=0.8947, R=0.8454, AUC=0.5467, thr=1.993038, point_adjust=True
[2025-12-08 21:56:18,710] [INFO] [Eval-forecast(hybrid)] F1=0.8874, P=0.9233, R=0.8542, AUC=0.6439, thr=10.229406, point_adjust=True
[2025-12-08 21:56:41,360] [INFO] [Eval-hybrid] F1=0.8763, P=0.9097, R=0.8454, AUC=0.4418, thr=0.373940, point_adjust=True; recon_F1=0.8693, forecast_F1=0.8874
[2025-12-08 21:56:41,611] [INFO] 已保存可视化图：./logs/msl_hybrid/scores_epoch6_hybrid.png
[2025-12-08 21:56:41,611] [INFO] ========== Epoch 7/50 (hybrid) ==========
[2025-12-08 21:58:17,720] [INFO] [Epoch 7] 混合模型训练损失: total=1.236636, recon=0.689422, forecast=0.560480
[2025-12-08 21:59:06,641] [INFO] [Eval-recon(hybrid)] F1=0.8694, P=0.8948, R=0.8454, AUC=0.5476, thr=2.008627, point_adjust=True
[2025-12-08 21:59:37,374] [INFO] [Eval-forecast(hybrid)] F1=0.8873, P=0.9061, R=0.8693, AUC=0.6460, thr=4.625512, point_adjust=True
[2025-12-08 22:00:00,775] [INFO] [Eval-hybrid] F1=0.8746, P=0.9060, R=0.8454, AUC=0.4414, thr=0.356948, point_adjust=True; recon_F1=0.8694, forecast_F1=0.8873
[2025-12-08 22:00:01,031] [INFO] 已保存可视化图：./logs/msl_hybrid/scores_epoch7_hybrid.png
[2025-12-08 22:00:01,031] [INFO] ========== Epoch 8/50 (hybrid) ==========
[2025-12-08 22:01:37,599] [INFO] [Epoch 8] 混合模型训练损失: total=1.235110, recon=0.688579, forecast=0.558134
[2025-12-08 22:02:26,543] [INFO] [Eval-recon(hybrid)] F1=0.8693, P=0.8947, R=0.8454, AUC=0.5476, thr=2.054716, point_adjust=True
[2025-12-08 22:02:57,285] [INFO] [Eval-forecast(hybrid)] F1=0.8880, P=0.9075, R=0.8693, AUC=0.6419, thr=4.652766, point_adjust=True
[2025-12-08 22:03:20,839] [INFO] [Eval-hybrid] F1=0.8762, P=0.9094, R=0.8454, AUC=0.4418, thr=0.386177, point_adjust=True; recon_F1=0.8693, forecast_F1=0.8880
[2025-12-08 22:03:21,090] [INFO] 已保存可视化图：./logs/msl_hybrid/scores_epoch8_hybrid.png
[2025-12-08 22:03:21,091] [INFO] ========== Epoch 9/50 (hybrid) ==========
[2025-12-08 22:04:58,698] [INFO] [Epoch 9] 混合模型训练损失: total=1.234079, recon=0.687326, forecast=0.556298
[2025-12-08 22:05:46,975] [INFO] [Eval-recon(hybrid)] F1=0.8691, P=0.8844, R=0.8542, AUC=0.5479, thr=1.817365, point_adjust=True
[2025-12-08 22:06:16,634] [INFO] [Eval-forecast(hybrid)] F1=0.8879, P=0.9243, R=0.8542, AUC=0.6323, thr=10.234502, point_adjust=True
[2025-12-08 22:06:39,268] [INFO] [Eval-hybrid] F1=0.8746, P=0.9059, R=0.8454, AUC=0.4471, thr=0.374254, point_adjust=True; recon_F1=0.8691, forecast_F1=0.8879
[2025-12-08 22:06:39,523] [INFO] 已保存可视化图：./logs/msl_hybrid/scores_epoch9_hybrid.png
[2025-12-08 22:06:39,524] [INFO] ========== Epoch 10/50 (hybrid) ==========
[2025-12-08 22:08:15,478] [INFO] [Epoch 10] 混合模型训练损失: total=1.232324, recon=0.686433, forecast=0.554002
[2025-12-08 22:09:03,694] [INFO] [Eval-recon(hybrid)] F1=0.8694, P=0.8948, R=0.8454, AUC=0.5487, thr=1.998228, point_adjust=True
[2025-12-08 22:09:33,317] [INFO] [Eval-forecast(hybrid)] F1=0.8890, P=0.9097, R=0.8693, AUC=0.6375, thr=4.692635, point_adjust=True
[2025-12-08 22:09:56,009] [INFO] [Eval-hybrid] F1=0.8762, P=0.9094, R=0.8454, AUC=0.4458, thr=0.391062, point_adjust=True; recon_F1=0.8694, forecast_F1=0.8890
[2025-12-08 22:09:56,262] [INFO] 已保存可视化图：./logs/msl_hybrid/scores_epoch10_hybrid.png
[2025-12-08 22:09:56,262] [INFO] ========== Epoch 11/50 (hybrid) ==========
[2025-12-08 22:11:32,760] [INFO] [Epoch 11] 混合模型训练损失: total=1.232013, recon=0.685669, forecast=0.552612
[2025-12-08 22:12:21,900] [INFO] [Eval-recon(hybrid)] F1=0.8693, P=0.8947, R=0.8454, AUC=0.5487, thr=1.993855, point_adjust=True
[2025-12-08 22:12:52,625] [INFO] [Eval-forecast(hybrid)] F1=0.8877, P=0.9240, R=0.8542, AUC=0.6320, thr=10.235496, point_adjust=True
[2025-12-08 22:13:15,834] [INFO] [Eval-hybrid] F1=0.8763, P=0.9097, R=0.8454, AUC=0.4473, thr=0.411930, point_adjust=True; recon_F1=0.8693, forecast_F1=0.8877
[2025-12-08 22:13:15,835] [INFO] 早停触发：连续 8 个 epoch F1 未提升，停止训练。
[2025-12-08 22:13:15,835] [INFO] 训练结束，最佳 F1=0.8792, 最佳指标={'precision': 0.9158761160701508, 'recall': 0.8453515323192823, 'f1': 0.8792018163541011, 'auc': 0.44473726323502694, 'threshold': 0.3666083676911175, 'use_point_adjust': True}
[2025-12-08 22:13:15,836] [INFO] 训练流程已结束。
