[2025-12-09 10:14:02,889] [INFO] 日志已写入：./logs/msl_hybrid/MambaTSAD_20251209_101402.log
[2025-12-09 10:14:02,891] [INFO] 命令行参数：Namespace(dataset='msl', processed_root='./dataset/MSL', log_dir='./logs/msl_hybrid', branch='hybrid', win_size=100, pred_len=10, train_stride=1, test_stride=1, batch_size=64, epochs=50, lr=0.0001, weight_decay=0.0005, seed=42, no_amp=False, max_grad_norm=1.0, patience=8, lambda_recon=1.0, lambda_forecast=1.0, no_point_adjust=False, num_workers=4)
[2025-12-09 10:14:02,997] [INFO] 数据集 [msl] 构建完成，实体数量=27，input_dim=55，训练样本数=55644，测试样本数=71056
[2025-12-09 10:14:03,200] [INFO] 当前使用的设备：cuda
[2025-12-09 10:14:03,608] [INFO] 训练模式：混合模型 (hybrid)，context_len=90, pred_len=10。
[2025-12-09 10:14:04,046] [INFO] 模型结构：
MambaTSADHybrid(
  (recon_branch): MambaTSAD(
    (encoder): Linear(in_features=55, out_features=128, bias=True)
    (level1): ModuleList(
      (0-1): 2 x LSSBlockTS(
        (global_layers): ModuleList(
          (0-1): 2 x BiMambaBlock(
            (norm): LayerNorm((128,), eps=1e-05, elementwise_affine=True)
            (mamba_fwd): Mamba(
              (in_proj): Linear(in_features=128, out_features=512, bias=False)
              (conv1d): Conv1d(256, 256, kernel_size=(4,), stride=(1,), padding=(3,), groups=256)
              (act): SiLU()
              (x_proj): Linear(in_features=256, out_features=40, bias=False)
              (dt_proj): Linear(in_features=8, out_features=256, bias=True)
              (out_proj): Linear(in_features=256, out_features=128, bias=False)
            )
            (mamba_bwd): Mamba(
              (in_proj): Linear(in_features=128, out_features=512, bias=False)
              (conv1d): Conv1d(256, 256, kernel_size=(4,), stride=(1,), padding=(3,), groups=256)
              (act): SiLU()
              (x_proj): Linear(in_features=256, out_features=40, bias=False)
              (dt_proj): Linear(in_features=8, out_features=256, bias=True)
              (out_proj): Linear(in_features=256, out_features=128, bias=False)
            )
            (ffn): Sequential(
              (0): LayerNorm((128,), eps=1e-05, elementwise_affine=True)
              (1): Linear(in_features=128, out_features=512, bias=True)
              (2): GELU(approximate='none')
              (3): Dropout(p=0.1, inplace=False)
              (4): Linear(in_features=512, out_features=128, bias=True)
            )
            (dropout): Dropout(p=0.1, inplace=False)
          )
        )
        (local_branches): ModuleList(
          (0): LocalConvBlock1D(
            (block): Sequential(
              (0): Conv1d(128, 128, kernel_size=(1,), stride=(1,))
              (1): InstanceNorm1d(128, eps=1e-05, momentum=0.1, affine=False, track_running_stats=False)
              (2): SiLU()
              (3): Conv1d(128, 128, kernel_size=(5,), stride=(1,), padding=(2,), groups=128)
              (4): InstanceNorm1d(128, eps=1e-05, momentum=0.1, affine=False, track_running_stats=False)
              (5): SiLU()
              (6): Conv1d(128, 128, kernel_size=(1,), stride=(1,))
            )
          )
          (1): LocalConvBlock1D(
            (block): Sequential(
              (0): Conv1d(128, 128, kernel_size=(1,), stride=(1,))
              (1): InstanceNorm1d(128, eps=1e-05, momentum=0.1, affine=False, track_running_stats=False)
              (2): SiLU()
              (3): Conv1d(128, 128, kernel_size=(7,), stride=(1,), padding=(3,), groups=128)
              (4): InstanceNorm1d(128, eps=1e-05, momentum=0.1, affine=False, track_running_stats=False)
              (5): SiLU()
              (6): Conv1d(128, 128, kernel_size=(1,), stride=(1,))
            )
          )
        )
        (proj): Linear(in_features=384, out_features=128, bias=True)
      )
    )
    (level2): ModuleList(
      (0-1): 2 x LSSBlockTS(
        (global_layers): ModuleList(
          (0-1): 2 x BiMambaBlock(
            (norm): LayerNorm((128,), eps=1e-05, elementwise_affine=True)
            (mamba_fwd): Mamba(
              (in_proj): Linear(in_features=128, out_features=512, bias=False)
              (conv1d): Conv1d(256, 256, kernel_size=(4,), stride=(1,), padding=(3,), groups=256)
              (act): SiLU()
              (x_proj): Linear(in_features=256, out_features=40, bias=False)
              (dt_proj): Linear(in_features=8, out_features=256, bias=True)
              (out_proj): Linear(in_features=256, out_features=128, bias=False)
            )
            (mamba_bwd): Mamba(
              (in_proj): Linear(in_features=128, out_features=512, bias=False)
              (conv1d): Conv1d(256, 256, kernel_size=(4,), stride=(1,), padding=(3,), groups=256)
              (act): SiLU()
              (x_proj): Linear(in_features=256, out_features=40, bias=False)
              (dt_proj): Linear(in_features=8, out_features=256, bias=True)
              (out_proj): Linear(in_features=256, out_features=128, bias=False)
            )
            (ffn): Sequential(
              (0): LayerNorm((128,), eps=1e-05, elementwise_affine=True)
              (1): Linear(in_features=128, out_features=512, bias=True)
              (2): GELU(approximate='none')
              (3): Dropout(p=0.1, inplace=False)
              (4): Linear(in_features=512, out_features=128, bias=True)
            )
            (dropout): Dropout(p=0.1, inplace=False)
          )
        )
        (local_branches): ModuleList(
          (0): LocalConvBlock1D(
            (block): Sequential(
              (0): Conv1d(128, 128, kernel_size=(1,), stride=(1,))
              (1): InstanceNorm1d(128, eps=1e-05, momentum=0.1, affine=False, track_running_stats=False)
              (2): SiLU()
              (3): Conv1d(128, 128, kernel_size=(5,), stride=(1,), padding=(2,), groups=128)
              (4): InstanceNorm1d(128, eps=1e-05, momentum=0.1, affine=False, track_running_stats=False)
              (5): SiLU()
              (6): Conv1d(128, 128, kernel_size=(1,), stride=(1,))
            )
          )
          (1): LocalConvBlock1D(
            (block): Sequential(
              (0): Conv1d(128, 128, kernel_size=(1,), stride=(1,))
              (1): InstanceNorm1d(128, eps=1e-05, momentum=0.1, affine=False, track_running_stats=False)
              (2): SiLU()
              (3): Conv1d(128, 128, kernel_size=(7,), stride=(1,), padding=(3,), groups=128)
              (4): InstanceNorm1d(128, eps=1e-05, momentum=0.1, affine=False, track_running_stats=False)
              (5): SiLU()
              (6): Conv1d(128, 128, kernel_size=(1,), stride=(1,))
            )
          )
        )
        (proj): Linear(in_features=384, out_features=128, bias=True)
      )
    )
    (level3): ModuleList(
      (0-1): 2 x LSSBlockTS(
        (global_layers): ModuleList(
          (0-1): 2 x BiMambaBlock(
            (norm): LayerNorm((128,), eps=1e-05, elementwise_affine=True)
            (mamba_fwd): Mamba(
              (in_proj): Linear(in_features=128, out_features=512, bias=False)
              (conv1d): Conv1d(256, 256, kernel_size=(4,), stride=(1,), padding=(3,), groups=256)
              (act): SiLU()
              (x_proj): Linear(in_features=256, out_features=40, bias=False)
              (dt_proj): Linear(in_features=8, out_features=256, bias=True)
              (out_proj): Linear(in_features=256, out_features=128, bias=False)
            )
            (mamba_bwd): Mamba(
              (in_proj): Linear(in_features=128, out_features=512, bias=False)
              (conv1d): Conv1d(256, 256, kernel_size=(4,), stride=(1,), padding=(3,), groups=256)
              (act): SiLU()
              (x_proj): Linear(in_features=256, out_features=40, bias=False)
              (dt_proj): Linear(in_features=8, out_features=256, bias=True)
              (out_proj): Linear(in_features=256, out_features=128, bias=False)
            )
            (ffn): Sequential(
              (0): LayerNorm((128,), eps=1e-05, elementwise_affine=True)
              (1): Linear(in_features=128, out_features=512, bias=True)
              (2): GELU(approximate='none')
              (3): Dropout(p=0.1, inplace=False)
              (4): Linear(in_features=512, out_features=128, bias=True)
            )
            (dropout): Dropout(p=0.1, inplace=False)
          )
        )
        (local_branches): ModuleList(
          (0): LocalConvBlock1D(
            (block): Sequential(
              (0): Conv1d(128, 128, kernel_size=(1,), stride=(1,))
              (1): InstanceNorm1d(128, eps=1e-05, momentum=0.1, affine=False, track_running_stats=False)
              (2): SiLU()
              (3): Conv1d(128, 128, kernel_size=(5,), stride=(1,), padding=(2,), groups=128)
              (4): InstanceNorm1d(128, eps=1e-05, momentum=0.1, affine=False, track_running_stats=False)
              (5): SiLU()
              (6): Conv1d(128, 128, kernel_size=(1,), stride=(1,))
            )
          )
          (1): LocalConvBlock1D(
            (block): Sequential(
              (0): Conv1d(128, 128, kernel_size=(1,), stride=(1,))
              (1): InstanceNorm1d(128, eps=1e-05, momentum=0.1, affine=False, track_running_stats=False)
              (2): SiLU()
              (3): Conv1d(128, 128, kernel_size=(7,), stride=(1,), padding=(3,), groups=128)
              (4): InstanceNorm1d(128, eps=1e-05, momentum=0.1, affine=False, track_running_stats=False)
              (5): SiLU()
              (6): Conv1d(128, 128, kernel_size=(1,), stride=(1,))
            )
          )
        )
        (proj): Linear(in_features=384, out_features=128, bias=True)
      )
    )
    (decoder): Linear(in_features=128, out_features=55, bias=True)
  )
  (forecast_branch): MambaTSADForecast(
    (enc_embedding): InvertedTimeEmbedding(
      (proj): Linear(in_features=90, out_features=128, bias=True)
      (dropout): Dropout(p=0.1, inplace=False)
    )
    (encoder_layers): ModuleList(
      (0-2): 3 x BiMambaBlock1D(
        (norm): LayerNorm((128,), eps=1e-05, elementwise_affine=True)
        (mamba_fwd): Mamba(
          (in_proj): Linear(in_features=128, out_features=512, bias=False)
          (conv1d): Conv1d(256, 256, kernel_size=(4,), stride=(1,), padding=(3,), groups=256)
          (act): SiLU()
          (x_proj): Linear(in_features=256, out_features=40, bias=False)
          (dt_proj): Linear(in_features=8, out_features=256, bias=True)
          (out_proj): Linear(in_features=256, out_features=128, bias=False)
        )
        (mamba_bwd): Mamba(
          (in_proj): Linear(in_features=128, out_features=512, bias=False)
          (conv1d): Conv1d(256, 256, kernel_size=(4,), stride=(1,), padding=(3,), groups=256)
          (act): SiLU()
          (x_proj): Linear(in_features=256, out_features=40, bias=False)
          (dt_proj): Linear(in_features=8, out_features=256, bias=True)
          (out_proj): Linear(in_features=256, out_features=128, bias=False)
        )
        (ffn): Sequential(
          (0): LayerNorm((128,), eps=1e-05, elementwise_affine=True)
          (1): Linear(in_features=128, out_features=512, bias=True)
          (2): GELU(approximate='none')
          (3): Dropout(p=0.1, inplace=False)
          (4): Linear(in_features=512, out_features=128, bias=True)
        )
        (dropout): Dropout(p=0.1, inplace=False)
      )
    )
    (enc_norm): LayerNorm((128,), eps=1e-05, elementwise_affine=True)
    (projector): Linear(in_features=128, out_features=10, bias=True)
  )
)
[2025-12-09 10:14:04,048] [INFO] ========== Epoch 1/50 (hybrid) ==========
[2025-12-09 10:15:48,786] [INFO] [Epoch 1] 混合模型训练损失: total=1.619211, recon=0.888820, forecast=0.749423
[2025-12-09 10:16:36,538] [INFO] [Eval-recon(hybrid)] F1=0.8709, P=0.8882, R=0.8542, AUC=0.5387, thr=1.954101, point_adjust=True
[2025-12-09 10:17:06,200] [INFO] [Eval-forecast(hybrid)] F1=0.8807, P=0.9089, R=0.8542, AUC=0.6277, thr=10.259491, point_adjust=True
[2025-12-09 10:17:29,051] [INFO] [Eval-hybrid] F1=0.8769, P=0.9007, R=0.8542, AUC=0.6042, thr=0.234939, point_adjust=True; recon_F1=0.8709, forecast_F1=0.8807
[2025-12-09 10:17:29,168] [INFO] 发现更优模型，已保存至 ./logs/msl_hybrid/best_model_hybrid.pt
[2025-12-09 10:17:29,423] [INFO] 已保存可视化图：./logs/msl_hybrid/scores_epoch1_hybrid.png
[2025-12-09 10:17:29,424] [INFO] ========== Epoch 2/50 (hybrid) ==========
[2025-12-09 10:19:06,217] [INFO] [Epoch 2] 混合模型训练损失: total=1.295426, recon=0.712448, forecast=0.608295
[2025-12-09 10:19:54,444] [INFO] [Eval-recon(hybrid)] F1=0.8707, P=0.8878, R=0.8542, AUC=0.5413, thr=1.972303, point_adjust=True
[2025-12-09 10:20:24,174] [INFO] [Eval-forecast(hybrid)] F1=0.8864, P=0.9211, R=0.8542, AUC=0.6415, thr=10.215798, point_adjust=True
[2025-12-09 10:20:46,783] [INFO] [Eval-hybrid] F1=0.8811, P=0.9098, R=0.8542, AUC=0.6037, thr=0.265488, point_adjust=True; recon_F1=0.8707, forecast_F1=0.8864
[2025-12-09 10:20:46,899] [INFO] 发现更优模型，已保存至 ./logs/msl_hybrid/best_model_hybrid.pt
[2025-12-09 10:20:47,145] [INFO] 已保存可视化图：./logs/msl_hybrid/scores_epoch2_hybrid.png
[2025-12-09 10:20:47,145] [INFO] ========== Epoch 3/50 (hybrid) ==========
[2025-12-09 10:22:23,509] [INFO] [Epoch 3] 混合模型训练损失: total=1.252601, recon=0.702230, forecast=0.577694
[2025-12-09 10:23:12,100] [INFO] [Eval-recon(hybrid)] F1=0.8707, P=0.8878, R=0.8542, AUC=0.5432, thr=1.963206, point_adjust=True
[2025-12-09 10:23:42,573] [INFO] [Eval-forecast(hybrid)] F1=0.8878, P=0.9241, R=0.8542, AUC=0.6447, thr=10.233368, point_adjust=True
[2025-12-09 10:24:05,838] [INFO] [Eval-hybrid] F1=0.8816, P=0.9108, R=0.8542, AUC=0.6050, thr=0.293656, point_adjust=True; recon_F1=0.8707, forecast_F1=0.8878
[2025-12-09 10:24:05,954] [INFO] 发现更优模型，已保存至 ./logs/msl_hybrid/best_model_hybrid.pt
[2025-12-09 10:24:06,208] [INFO] 已保存可视化图：./logs/msl_hybrid/scores_epoch3_hybrid.png
[2025-12-09 10:24:06,208] [INFO] ========== Epoch 4/50 (hybrid) ==========
[2025-12-09 10:25:42,894] [INFO] [Epoch 4] 混合模型训练损失: total=1.239042, recon=0.697205, forecast=0.569056
[2025-12-09 10:26:31,533] [INFO] [Eval-recon(hybrid)] F1=0.8708, P=0.8881, R=0.8542, AUC=0.5438, thr=1.944198, point_adjust=True
[2025-12-09 10:27:01,967] [INFO] [Eval-forecast(hybrid)] F1=0.8880, P=0.9245, R=0.8542, AUC=0.6440, thr=10.230456, point_adjust=True
[2025-12-09 10:27:25,983] [INFO] [Eval-hybrid] F1=0.8814, P=0.9104, R=0.8542, AUC=0.6002, thr=0.312792, point_adjust=True; recon_F1=0.8708, forecast_F1=0.8880
[2025-12-09 10:27:26,231] [INFO] 已保存可视化图：./logs/msl_hybrid/scores_epoch4_hybrid.png
[2025-12-09 10:27:26,231] [INFO] ========== Epoch 5/50 (hybrid) ==========
[2025-12-09 10:29:04,772] [INFO] [Epoch 5] 混合模型训练损失: total=1.233540, recon=0.693702, forecast=0.566085
[2025-12-09 10:29:53,151] [INFO] [Eval-recon(hybrid)] F1=0.8708, P=0.8880, R=0.8542, AUC=0.5456, thr=1.946284, point_adjust=True
[2025-12-09 10:30:22,738] [INFO] [Eval-forecast(hybrid)] F1=0.8884, P=0.9255, R=0.8542, AUC=0.6498, thr=10.232396, point_adjust=True
[2025-12-09 10:30:45,381] [INFO] [Eval-hybrid] F1=0.8797, P=0.9170, R=0.8454, AUC=0.6014, thr=0.349025, point_adjust=True; recon_F1=0.8708, forecast_F1=0.8884
[2025-12-09 10:30:45,632] [INFO] 已保存可视化图：./logs/msl_hybrid/scores_epoch5_hybrid.png
[2025-12-09 10:30:45,633] [INFO] ========== Epoch 6/50 (hybrid) ==========
[2025-12-09 10:32:20,523] [INFO] [Epoch 6] 混合模型训练损失: total=1.230713, recon=0.691646, forecast=0.563818
[2025-12-09 10:33:08,447] [INFO] [Eval-recon(hybrid)] F1=0.8692, P=0.8944, R=0.8454, AUC=0.5475, thr=1.993668, point_adjust=True
[2025-12-09 10:33:38,188] [INFO] [Eval-forecast(hybrid)] F1=0.8873, P=0.9231, R=0.8542, AUC=0.6553, thr=10.226350, point_adjust=True
[2025-12-09 10:34:00,502] [INFO] [Eval-hybrid] F1=0.8798, P=0.9172, R=0.8454, AUC=0.6040, thr=0.368959, point_adjust=True; recon_F1=0.8692, forecast_F1=0.8873
[2025-12-09 10:34:00,754] [INFO] 已保存可视化图：./logs/msl_hybrid/scores_epoch6_hybrid.png
[2025-12-09 10:34:00,754] [INFO] ========== Epoch 7/50 (hybrid) ==========
[2025-12-09 10:35:38,746] [INFO] [Epoch 7] 混合模型训练损失: total=1.228368, recon=0.689776, forecast=0.562126
[2025-12-09 10:36:28,157] [INFO] [Eval-recon(hybrid)] F1=0.8691, P=0.8844, R=0.8542, AUC=0.5475, thr=1.837418, point_adjust=True
[2025-12-09 10:36:58,394] [INFO] [Eval-forecast(hybrid)] F1=0.8885, P=0.9085, R=0.8693, AUC=0.6496, thr=4.692975, point_adjust=True
[2025-12-09 10:37:21,888] [INFO] [Eval-hybrid] F1=0.8798, P=0.9173, R=0.8454, AUC=0.6029, thr=0.395521, point_adjust=True; recon_F1=0.8691, forecast_F1=0.8885
[2025-12-09 10:37:22,140] [INFO] 已保存可视化图：./logs/msl_hybrid/scores_epoch7_hybrid.png
[2025-12-09 10:37:22,140] [INFO] ========== Epoch 8/50 (hybrid) ==========
[2025-12-09 10:38:59,885] [INFO] [Epoch 8] 混合模型训练损失: total=1.228139, recon=0.688373, forecast=0.561721
[2025-12-09 10:39:49,365] [INFO] [Eval-recon(hybrid)] F1=0.8692, P=0.8847, R=0.8542, AUC=0.5483, thr=1.778446, point_adjust=True
[2025-12-09 10:40:19,166] [INFO] [Eval-forecast(hybrid)] F1=0.8867, P=0.9218, R=0.8542, AUC=0.6474, thr=10.228134, point_adjust=True
[2025-12-09 10:40:41,863] [INFO] [Eval-hybrid] F1=0.8796, P=0.9168, R=0.8454, AUC=0.6049, thr=0.401632, point_adjust=True; recon_F1=0.8692, forecast_F1=0.8867
[2025-12-09 10:40:42,116] [INFO] 已保存可视化图：./logs/msl_hybrid/scores_epoch8_hybrid.png
[2025-12-09 10:40:42,116] [INFO] ========== Epoch 9/50 (hybrid) ==========
[2025-12-09 10:42:19,022] [INFO] [Epoch 9] 混合模型训练损失: total=1.225889, recon=0.686999, forecast=0.560265
[2025-12-09 10:43:08,125] [INFO] [Eval-recon(hybrid)] F1=0.8692, P=0.8847, R=0.8542, AUC=0.5482, thr=1.822339, point_adjust=True
[2025-12-09 10:43:38,275] [INFO] [Eval-forecast(hybrid)] F1=0.8880, P=0.9246, R=0.8542, AUC=0.6527, thr=10.228714, point_adjust=True
[2025-12-09 10:44:00,844] [INFO] [Eval-hybrid] F1=0.8783, P=0.9140, R=0.8454, AUC=0.6021, thr=0.360085, point_adjust=True; recon_F1=0.8692, forecast_F1=0.8880
[2025-12-09 10:44:01,266] [INFO] 已保存可视化图：./logs/msl_hybrid/scores_epoch9_hybrid.png
[2025-12-09 10:44:01,266] [INFO] ========== Epoch 10/50 (hybrid) ==========
[2025-12-09 10:45:37,258] [INFO] [Epoch 10] 混合模型训练损失: total=1.225547, recon=0.686320, forecast=0.559351
[2025-12-09 10:46:25,618] [INFO] [Eval-recon(hybrid)] F1=0.8692, P=0.8847, R=0.8542, AUC=0.5495, thr=1.791198, point_adjust=True
[2025-12-09 10:46:55,958] [INFO] [Eval-forecast(hybrid)] F1=0.8873, P=0.9061, R=0.8693, AUC=0.6449, thr=4.671586, point_adjust=True
[2025-12-09 10:47:18,552] [INFO] [Eval-hybrid] F1=0.8783, P=0.9138, R=0.8454, AUC=0.6016, thr=0.363845, point_adjust=True; recon_F1=0.8692, forecast_F1=0.8873
[2025-12-09 10:47:18,809] [INFO] 已保存可视化图：./logs/msl_hybrid/scores_epoch10_hybrid.png
[2025-12-09 10:47:18,809] [INFO] ========== Epoch 11/50 (hybrid) ==========
[2025-12-09 10:48:55,911] [INFO] [Epoch 11] 混合模型训练损失: total=1.223580, recon=0.685348, forecast=0.557637
[2025-12-09 10:49:45,582] [INFO] [Eval-recon(hybrid)] F1=0.8691, P=0.8844, R=0.8542, AUC=0.5487, thr=1.808682, point_adjust=True
[2025-12-09 10:50:15,870] [INFO] [Eval-forecast(hybrid)] F1=0.8883, P=0.9081, R=0.8693, AUC=0.6450, thr=4.682983, point_adjust=True
[2025-12-09 10:50:38,740] [INFO] [Eval-hybrid] F1=0.8786, P=0.9145, R=0.8454, AUC=0.6042, thr=0.368810, point_adjust=True; recon_F1=0.8691, forecast_F1=0.8883
[2025-12-09 10:50:38,741] [INFO] 早停触发：连续 8 个 epoch F1 未提升，停止训练。
[2025-12-09 10:50:38,741] [INFO] 训练结束，最佳 F1=0.8816, 最佳指标={'precision': 0.9107633168576184, 'recall': 0.8542364151418308, 'f1': 0.8815946793893391, 'auc': 0.6050102522571271, 'threshold': 0.29365593233054327, 'use_point_adjust': True}
[2025-12-09 10:50:38,743] [INFO] 训练流程已结束。
