[2025-12-12 17:32:17,058] [INFO] 日志已写入：./logs/msl_hybrid/MambaTSAD_20251212_173217.log
[2025-12-12 17:32:17,060] [INFO] 命令行参数：Namespace(dataset='msl', processed_root='./dataset/MSL', log_dir='./logs/msl_hybrid', branch='hybrid', win_size=15, pred_len=3, train_stride=1, test_stride=1, batch_size=64, epochs=50, lr=0.0001, weight_decay=0.0005, seed=42, no_amp=False, max_grad_norm=1.0, patience=8, lambda_recon=1.0, lambda_forecast=1.0, no_point_adjust=False, num_workers=4)
[2025-12-12 17:32:17,144] [INFO] 数据集 [msl] 构建完成，实体数量=27，input_dim=55，训练样本数=57939，测试样本数=73351
[2025-12-12 17:32:17,325] [INFO] 当前使用的设备：cuda
[2025-12-12 17:32:17,736] [INFO] 训练模式：混合模型 (hybrid)，context_len=12, pred_len=3。
[2025-12-12 17:32:18,253] [INFO] 模型结构：
MambaTSADHybrid(
  (recon_branch): MambaTSAD(
    (encoder): Linear(in_features=55, out_features=128, bias=True)
    (level1): ModuleList(
      (0-1): 2 x LSSBlockTS(
        (global_layers): ModuleList(
          (0-1): 2 x BiMambaBlock(
            (norm): LayerNorm((128,), eps=1e-05, elementwise_affine=True)
            (mamba_fwd): Mamba(
              (in_proj): Linear(in_features=128, out_features=512, bias=False)
              (conv1d): Conv1d(256, 256, kernel_size=(4,), stride=(1,), padding=(3,), groups=256)
              (act): SiLU()
              (x_proj): Linear(in_features=256, out_features=40, bias=False)
              (dt_proj): Linear(in_features=8, out_features=256, bias=True)
              (out_proj): Linear(in_features=256, out_features=128, bias=False)
            )
            (mamba_bwd): Mamba(
              (in_proj): Linear(in_features=128, out_features=512, bias=False)
              (conv1d): Conv1d(256, 256, kernel_size=(4,), stride=(1,), padding=(3,), groups=256)
              (act): SiLU()
              (x_proj): Linear(in_features=256, out_features=40, bias=False)
              (dt_proj): Linear(in_features=8, out_features=256, bias=True)
              (out_proj): Linear(in_features=256, out_features=128, bias=False)
            )
            (ffn): Sequential(
              (0): LayerNorm((128,), eps=1e-05, elementwise_affine=True)
              (1): Linear(in_features=128, out_features=512, bias=True)
              (2): GELU(approximate='none')
              (3): Dropout(p=0.1, inplace=False)
              (4): Linear(in_features=512, out_features=128, bias=True)
            )
            (dropout): Dropout(p=0.1, inplace=False)
          )
        )
        (local_branches): ModuleList(
          (0): LocalConvBlock1D(
            (block): Sequential(
              (0): Conv1d(128, 128, kernel_size=(1,), stride=(1,))
              (1): InstanceNorm1d(128, eps=1e-05, momentum=0.1, affine=False, track_running_stats=False)
              (2): SiLU()
              (3): Conv1d(128, 128, kernel_size=(5,), stride=(1,), padding=(2,), groups=128)
              (4): InstanceNorm1d(128, eps=1e-05, momentum=0.1, affine=False, track_running_stats=False)
              (5): SiLU()
              (6): Conv1d(128, 128, kernel_size=(1,), stride=(1,))
            )
          )
          (1): LocalConvBlock1D(
            (block): Sequential(
              (0): Conv1d(128, 128, kernel_size=(1,), stride=(1,))
              (1): InstanceNorm1d(128, eps=1e-05, momentum=0.1, affine=False, track_running_stats=False)
              (2): SiLU()
              (3): Conv1d(128, 128, kernel_size=(7,), stride=(1,), padding=(3,), groups=128)
              (4): InstanceNorm1d(128, eps=1e-05, momentum=0.1, affine=False, track_running_stats=False)
              (5): SiLU()
              (6): Conv1d(128, 128, kernel_size=(1,), stride=(1,))
            )
          )
        )
        (proj): Linear(in_features=384, out_features=128, bias=True)
      )
    )
    (level2): ModuleList(
      (0-1): 2 x LSSBlockTS(
        (global_layers): ModuleList(
          (0-1): 2 x BiMambaBlock(
            (norm): LayerNorm((128,), eps=1e-05, elementwise_affine=True)
            (mamba_fwd): Mamba(
              (in_proj): Linear(in_features=128, out_features=512, bias=False)
              (conv1d): Conv1d(256, 256, kernel_size=(4,), stride=(1,), padding=(3,), groups=256)
              (act): SiLU()
              (x_proj): Linear(in_features=256, out_features=40, bias=False)
              (dt_proj): Linear(in_features=8, out_features=256, bias=True)
              (out_proj): Linear(in_features=256, out_features=128, bias=False)
            )
            (mamba_bwd): Mamba(
              (in_proj): Linear(in_features=128, out_features=512, bias=False)
              (conv1d): Conv1d(256, 256, kernel_size=(4,), stride=(1,), padding=(3,), groups=256)
              (act): SiLU()
              (x_proj): Linear(in_features=256, out_features=40, bias=False)
              (dt_proj): Linear(in_features=8, out_features=256, bias=True)
              (out_proj): Linear(in_features=256, out_features=128, bias=False)
            )
            (ffn): Sequential(
              (0): LayerNorm((128,), eps=1e-05, elementwise_affine=True)
              (1): Linear(in_features=128, out_features=512, bias=True)
              (2): GELU(approximate='none')
              (3): Dropout(p=0.1, inplace=False)
              (4): Linear(in_features=512, out_features=128, bias=True)
            )
            (dropout): Dropout(p=0.1, inplace=False)
          )
        )
        (local_branches): ModuleList(
          (0): LocalConvBlock1D(
            (block): Sequential(
              (0): Conv1d(128, 128, kernel_size=(1,), stride=(1,))
              (1): InstanceNorm1d(128, eps=1e-05, momentum=0.1, affine=False, track_running_stats=False)
              (2): SiLU()
              (3): Conv1d(128, 128, kernel_size=(5,), stride=(1,), padding=(2,), groups=128)
              (4): InstanceNorm1d(128, eps=1e-05, momentum=0.1, affine=False, track_running_stats=False)
              (5): SiLU()
              (6): Conv1d(128, 128, kernel_size=(1,), stride=(1,))
            )
          )
          (1): LocalConvBlock1D(
            (block): Sequential(
              (0): Conv1d(128, 128, kernel_size=(1,), stride=(1,))
              (1): InstanceNorm1d(128, eps=1e-05, momentum=0.1, affine=False, track_running_stats=False)
              (2): SiLU()
              (3): Conv1d(128, 128, kernel_size=(7,), stride=(1,), padding=(3,), groups=128)
              (4): InstanceNorm1d(128, eps=1e-05, momentum=0.1, affine=False, track_running_stats=False)
              (5): SiLU()
              (6): Conv1d(128, 128, kernel_size=(1,), stride=(1,))
            )
          )
        )
        (proj): Linear(in_features=384, out_features=128, bias=True)
      )
    )
    (level3): ModuleList(
      (0-1): 2 x LSSBlockTS(
        (global_layers): ModuleList(
          (0-1): 2 x BiMambaBlock(
            (norm): LayerNorm((128,), eps=1e-05, elementwise_affine=True)
            (mamba_fwd): Mamba(
              (in_proj): Linear(in_features=128, out_features=512, bias=False)
              (conv1d): Conv1d(256, 256, kernel_size=(4,), stride=(1,), padding=(3,), groups=256)
              (act): SiLU()
              (x_proj): Linear(in_features=256, out_features=40, bias=False)
              (dt_proj): Linear(in_features=8, out_features=256, bias=True)
              (out_proj): Linear(in_features=256, out_features=128, bias=False)
            )
            (mamba_bwd): Mamba(
              (in_proj): Linear(in_features=128, out_features=512, bias=False)
              (conv1d): Conv1d(256, 256, kernel_size=(4,), stride=(1,), padding=(3,), groups=256)
              (act): SiLU()
              (x_proj): Linear(in_features=256, out_features=40, bias=False)
              (dt_proj): Linear(in_features=8, out_features=256, bias=True)
              (out_proj): Linear(in_features=256, out_features=128, bias=False)
            )
            (ffn): Sequential(
              (0): LayerNorm((128,), eps=1e-05, elementwise_affine=True)
              (1): Linear(in_features=128, out_features=512, bias=True)
              (2): GELU(approximate='none')
              (3): Dropout(p=0.1, inplace=False)
              (4): Linear(in_features=512, out_features=128, bias=True)
            )
            (dropout): Dropout(p=0.1, inplace=False)
          )
        )
        (local_branches): ModuleList(
          (0): LocalConvBlock1D(
            (block): Sequential(
              (0): Conv1d(128, 128, kernel_size=(1,), stride=(1,))
              (1): InstanceNorm1d(128, eps=1e-05, momentum=0.1, affine=False, track_running_stats=False)
              (2): SiLU()
              (3): Conv1d(128, 128, kernel_size=(5,), stride=(1,), padding=(2,), groups=128)
              (4): InstanceNorm1d(128, eps=1e-05, momentum=0.1, affine=False, track_running_stats=False)
              (5): SiLU()
              (6): Conv1d(128, 128, kernel_size=(1,), stride=(1,))
            )
          )
          (1): LocalConvBlock1D(
            (block): Sequential(
              (0): Conv1d(128, 128, kernel_size=(1,), stride=(1,))
              (1): InstanceNorm1d(128, eps=1e-05, momentum=0.1, affine=False, track_running_stats=False)
              (2): SiLU()
              (3): Conv1d(128, 128, kernel_size=(7,), stride=(1,), padding=(3,), groups=128)
              (4): InstanceNorm1d(128, eps=1e-05, momentum=0.1, affine=False, track_running_stats=False)
              (5): SiLU()
              (6): Conv1d(128, 128, kernel_size=(1,), stride=(1,))
            )
          )
        )
        (proj): Linear(in_features=384, out_features=128, bias=True)
      )
    )
    (decoder): Linear(in_features=128, out_features=55, bias=True)
  )
  (forecast_branch): MambaTSADForecast(
    (enc_embedding): InvertedTimeEmbedding(
      (proj): Linear(in_features=12, out_features=128, bias=True)
      (dropout): Dropout(p=0.1, inplace=False)
    )
    (encoder_layers): ModuleList(
      (0-2): 3 x BiMambaBlock1D(
        (norm): LayerNorm((128,), eps=1e-05, elementwise_affine=True)
        (mamba_fwd): Mamba(
          (in_proj): Linear(in_features=128, out_features=512, bias=False)
          (conv1d): Conv1d(256, 256, kernel_size=(4,), stride=(1,), padding=(3,), groups=256)
          (act): SiLU()
          (x_proj): Linear(in_features=256, out_features=40, bias=False)
          (dt_proj): Linear(in_features=8, out_features=256, bias=True)
          (out_proj): Linear(in_features=256, out_features=128, bias=False)
        )
        (mamba_bwd): Mamba(
          (in_proj): Linear(in_features=128, out_features=512, bias=False)
          (conv1d): Conv1d(256, 256, kernel_size=(4,), stride=(1,), padding=(3,), groups=256)
          (act): SiLU()
          (x_proj): Linear(in_features=256, out_features=40, bias=False)
          (dt_proj): Linear(in_features=8, out_features=256, bias=True)
          (out_proj): Linear(in_features=256, out_features=128, bias=False)
        )
        (ffn): Sequential(
          (0): LayerNorm((128,), eps=1e-05, elementwise_affine=True)
          (1): Linear(in_features=128, out_features=512, bias=True)
          (2): GELU(approximate='none')
          (3): Dropout(p=0.1, inplace=False)
          (4): Linear(in_features=512, out_features=128, bias=True)
        )
        (dropout): Dropout(p=0.1, inplace=False)
      )
    )
    (enc_norm): LayerNorm((128,), eps=1e-05, elementwise_affine=True)
    (projector): Linear(in_features=128, out_features=3, bias=True)
  )
)
[2025-12-12 17:32:18,254] [INFO] ========== Epoch 1/50 (hybrid) ==========
[2025-12-12 17:34:02,277] [INFO] [Epoch 1] 混合模型训练损失: total=0.796503, recon=0.208993, forecast=0.587510
[2025-12-12 17:35:19,497] [INFO] [Eval-recon] F1=0.6496, P=0.5880, R=0.7255, AUC=0.6513, thr=0.047383, need_flip=False, dir=greater, point_adjust=True
[2025-12-12 17:36:06,794] [INFO] [Eval-forecast] F1=0.7889, P=0.7396, R=0.8454, AUC=0.5622, thr=3.979590, need_flip=False, dir=greater, point_adjust=True
[2025-12-12 17:36:53,824] [INFO] [Eval-hybrid] F1=0.7673, P=0.7024, R=0.8454, AUC=0.5855, thr=-0.007453, need_flip=False, dir=greater, point_adjust=True; recon_F1=0.6496, forecast_F1=0.7889
[2025-12-12 17:36:54,114] [INFO] 已保存可视化图：./logs/msl_hybrid/scores_epoch1_hybrid.png
[2025-12-12 17:36:54,193] [INFO] 发现更优模型 (F1=0.7673)，已保存至 ./logs/msl_hybrid/best_model.pt
[2025-12-12 17:36:54,194] [INFO] ========== Epoch 2/50 (hybrid) ==========
[2025-12-12 17:38:33,772] [INFO] [Epoch 2] 混合模型训练损失: total=0.628642, recon=0.056708, forecast=0.571934
[2025-12-12 17:39:51,987] [INFO] [Eval-recon] F1=0.6076, P=0.5161, R=0.7385, AUC=0.6376, thr=0.020537, need_flip=False, dir=greater, point_adjust=True
[2025-12-12 17:40:39,239] [INFO] [Eval-forecast] F1=0.7901, P=0.7416, R=0.8454, AUC=0.5624, thr=3.980144, need_flip=False, dir=greater, point_adjust=True
[2025-12-12 17:41:26,680] [INFO] [Eval-hybrid] F1=0.7690, P=0.7053, R=0.8454, AUC=0.5865, thr=-0.001173, need_flip=False, dir=greater, point_adjust=True; recon_F1=0.6076, forecast_F1=0.7901
[2025-12-12 17:41:26,937] [INFO] 已保存可视化图：./logs/msl_hybrid/scores_epoch2_hybrid.png
[2025-12-12 17:41:27,045] [INFO] 发现更优模型 (F1=0.7690)，已保存至 ./logs/msl_hybrid/best_model.pt
[2025-12-12 17:41:27,046] [INFO] ========== Epoch 3/50 (hybrid) ==========
[2025-12-12 17:43:02,742] [INFO] [Epoch 3] 混合模型训练损失: total=0.589778, recon=0.020847, forecast=0.568931
[2025-12-12 17:44:18,928] [INFO] [Eval-recon] F1=0.6136, P=0.5665, R=0.6693, AUC=0.6442, thr=0.018926, need_flip=False, dir=greater, point_adjust=True
[2025-12-12 17:45:06,289] [INFO] [Eval-forecast] F1=0.7906, P=0.7425, R=0.8454, AUC=0.5620, thr=3.979642, need_flip=False, dir=greater, point_adjust=True
[2025-12-12 17:45:54,101] [INFO] [Eval-hybrid] F1=0.7709, P=0.7086, R=0.8454, AUC=0.5861, thr=0.001399, need_flip=False, dir=greater, point_adjust=True; recon_F1=0.6136, forecast_F1=0.7906
[2025-12-12 17:45:54,352] [INFO] 已保存可视化图：./logs/msl_hybrid/scores_epoch3_hybrid.png
[2025-12-12 17:45:54,463] [INFO] 发现更优模型 (F1=0.7709)，已保存至 ./logs/msl_hybrid/best_model.pt
[2025-12-12 17:45:54,463] [INFO] ========== Epoch 4/50 (hybrid) ==========
[2025-12-12 17:47:35,120] [INFO] [Epoch 4] 混合模型训练损失: total=0.581245, recon=0.013836, forecast=0.567409
[2025-12-12 17:48:59,094] [INFO] [Eval-recon] F1=0.6264, P=0.5246, R=0.7772, AUC=0.6416, thr=0.010949, need_flip=False, dir=greater, point_adjust=True
[2025-12-12 17:49:46,383] [INFO] [Eval-forecast] F1=0.7923, P=0.7456, R=0.8454, AUC=0.5608, thr=3.979864, need_flip=False, dir=greater, point_adjust=True
[2025-12-12 17:50:33,545] [INFO] [Eval-hybrid] F1=0.7728, P=0.7117, R=0.8454, AUC=0.5851, thr=0.004988, need_flip=False, dir=greater, point_adjust=True; recon_F1=0.6264, forecast_F1=0.7923
[2025-12-12 17:50:33,800] [INFO] 已保存可视化图：./logs/msl_hybrid/scores_epoch4_hybrid.png
[2025-12-12 17:50:33,911] [INFO] 发现更优模型 (F1=0.7728)，已保存至 ./logs/msl_hybrid/best_model.pt
[2025-12-12 17:50:33,912] [INFO] ========== Epoch 5/50 (hybrid) ==========
[2025-12-12 17:52:13,062] [INFO] [Epoch 5] 混合模型训练损失: total=0.575958, recon=0.009304, forecast=0.566654
[2025-12-12 17:53:31,717] [INFO] [Eval-recon] F1=0.6257, P=0.5874, R=0.6693, AUC=0.6508, thr=0.011820, need_flip=False, dir=greater, point_adjust=True
[2025-12-12 17:54:17,678] [INFO] [Eval-forecast] F1=0.7932, P=0.7470, R=0.8454, AUC=0.5608, thr=3.980411, need_flip=False, dir=greater, point_adjust=True
[2025-12-12 17:55:04,466] [INFO] [Eval-hybrid] F1=0.7744, P=0.7145, R=0.8454, AUC=0.5865, thr=0.007534, need_flip=False, dir=greater, point_adjust=True; recon_F1=0.6257, forecast_F1=0.7932
[2025-12-12 17:55:04,721] [INFO] 已保存可视化图：./logs/msl_hybrid/scores_epoch5_hybrid.png
[2025-12-12 17:55:04,833] [INFO] 发现更优模型 (F1=0.7744)，已保存至 ./logs/msl_hybrid/best_model.pt
[2025-12-12 17:55:04,833] [INFO] ========== Epoch 6/50 (hybrid) ==========
[2025-12-12 17:56:48,098] [INFO] [Epoch 6] 混合模型训练损失: total=0.572235, recon=0.007510, forecast=0.564725
[2025-12-12 17:58:11,138] [INFO] [Eval-recon] F1=0.6500, P=0.5805, R=0.7385, AUC=0.6468, thr=0.006841, need_flip=False, dir=greater, point_adjust=True
[2025-12-12 17:58:59,659] [INFO] [Eval-forecast] F1=0.7921, P=0.7451, R=0.8454, AUC=0.5584, thr=3.979800, need_flip=False, dir=greater, point_adjust=True
[2025-12-12 17:59:48,105] [INFO] [Eval-hybrid] F1=0.7729, P=0.7118, R=0.8454, AUC=0.5829, thr=0.007098, need_flip=False, dir=greater, point_adjust=True; recon_F1=0.6500, forecast_F1=0.7921
[2025-12-12 17:59:48,545] [INFO] 已保存可视化图：./logs/msl_hybrid/scores_epoch6_hybrid.png
[2025-12-12 17:59:48,546] [INFO] 当前 F1=0.7729，已连续 1 个 epoch 未提升。
[2025-12-12 17:59:48,546] [INFO] ========== Epoch 7/50 (hybrid) ==========
[2025-12-12 18:01:28,966] [INFO] [Epoch 7] 混合模型训练损失: total=0.569124, recon=0.005978, forecast=0.563147
[2025-12-12 18:02:45,665] [INFO] [Eval-recon] F1=0.5989, P=0.5419, R=0.6693, AUC=0.6461, thr=0.004778, need_flip=False, dir=greater, point_adjust=True
[2025-12-12 18:03:33,282] [INFO] [Eval-forecast] F1=0.7913, P=0.7438, R=0.8454, AUC=0.5622, thr=3.979809, need_flip=False, dir=greater, point_adjust=True
[2025-12-12 18:04:20,454] [INFO] [Eval-hybrid] F1=0.7744, P=0.7145, R=0.8454, AUC=0.5832, thr=0.008453, need_flip=False, dir=greater, point_adjust=True; recon_F1=0.5989, forecast_F1=0.7913
[2025-12-12 18:04:20,698] [INFO] 已保存可视化图：./logs/msl_hybrid/scores_epoch7_hybrid.png
[2025-12-12 18:04:20,699] [INFO] 当前 F1=0.7744，已连续 2 个 epoch 未提升。
[2025-12-12 18:04:20,699] [INFO] ========== Epoch 8/50 (hybrid) ==========
[2025-12-12 18:07:03,139] [INFO] [Epoch 8] 混合模型训练损失: total=0.566804, recon=0.004475, forecast=0.562330
