[2025-12-18 10:07:53,593] [INFO] 日志已写入：./logs/msl_hybrid/MambaTSAD_20251218_100753.log
[2025-12-18 10:07:53,594] [INFO] 命令行参数：Namespace(dataset='msl', processed_root='./dataset/MSL', log_dir='./logs/msl_hybrid', branch='hybrid', win_size=50, pred_len=5, train_stride=1, test_stride=1, batch_size=64, epochs=50, lr=0.0001, weight_decay=0.0005, seed=42, no_amp=False, max_grad_norm=1.0, patience=8, lambda_recon=1.0, lambda_forecast=1.0, no_point_adjust=False, num_workers=4)
[2025-12-18 10:07:53,675] [INFO] 数据集 [msl] 构建完成，实体数量=27，input_dim=55，训练样本数=56994，测试样本数=72406
[2025-12-18 10:07:53,892] [INFO] 当前使用的设备：cuda
[2025-12-18 10:07:54,622] [INFO] 训练模式：混合模型 (hybrid)，context_len=45, pred_len=5。
[2025-12-18 10:07:55,762] [INFO] 模型结构：
MambaTSADHybrid(
  (recon_branch): MambaTSAD(
    (encoder): Linear(in_features=55, out_features=128, bias=True)
    (level1): ModuleList(
      (0-1): 2 x LSSBlockTS(
        (global_layers): ModuleList(
          (0-1): 2 x BiMambaBlock(
            (norm): LayerNorm((128,), eps=1e-05, elementwise_affine=True)
            (mamba_fwd): Mamba(
              (in_proj): Linear(in_features=128, out_features=512, bias=False)
              (conv1d): Conv1d(256, 256, kernel_size=(4,), stride=(1,), padding=(3,), groups=256)
              (act): SiLU()
              (x_proj): Linear(in_features=256, out_features=40, bias=False)
              (dt_proj): Linear(in_features=8, out_features=256, bias=True)
              (out_proj): Linear(in_features=256, out_features=128, bias=False)
            )
            (mamba_bwd): Mamba(
              (in_proj): Linear(in_features=128, out_features=512, bias=False)
              (conv1d): Conv1d(256, 256, kernel_size=(4,), stride=(1,), padding=(3,), groups=256)
              (act): SiLU()
              (x_proj): Linear(in_features=256, out_features=40, bias=False)
              (dt_proj): Linear(in_features=8, out_features=256, bias=True)
              (out_proj): Linear(in_features=256, out_features=128, bias=False)
            )
            (ffn): Sequential(
              (0): LayerNorm((128,), eps=1e-05, elementwise_affine=True)
              (1): Linear(in_features=128, out_features=512, bias=True)
              (2): GELU(approximate='none')
              (3): Dropout(p=0.1, inplace=False)
              (4): Linear(in_features=512, out_features=128, bias=True)
            )
            (dropout): Dropout(p=0.1, inplace=False)
          )
        )
        (local_branches): ModuleList(
          (0): LocalConvBlock1D(
            (block): Sequential(
              (0): Conv1d(128, 128, kernel_size=(1,), stride=(1,))
              (1): InstanceNorm1d(128, eps=1e-05, momentum=0.1, affine=False, track_running_stats=False)
              (2): SiLU()
              (3): Conv1d(128, 128, kernel_size=(5,), stride=(1,), padding=(2,), groups=128)
              (4): InstanceNorm1d(128, eps=1e-05, momentum=0.1, affine=False, track_running_stats=False)
              (5): SiLU()
              (6): Conv1d(128, 128, kernel_size=(1,), stride=(1,))
            )
          )
          (1): LocalConvBlock1D(
            (block): Sequential(
              (0): Conv1d(128, 128, kernel_size=(1,), stride=(1,))
              (1): InstanceNorm1d(128, eps=1e-05, momentum=0.1, affine=False, track_running_stats=False)
              (2): SiLU()
              (3): Conv1d(128, 128, kernel_size=(7,), stride=(1,), padding=(3,), groups=128)
              (4): InstanceNorm1d(128, eps=1e-05, momentum=0.1, affine=False, track_running_stats=False)
              (5): SiLU()
              (6): Conv1d(128, 128, kernel_size=(1,), stride=(1,))
            )
          )
        )
        (proj): Linear(in_features=384, out_features=128, bias=True)
      )
    )
    (level2): ModuleList(
      (0-1): 2 x LSSBlockTS(
        (global_layers): ModuleList(
          (0-1): 2 x BiMambaBlock(
            (norm): LayerNorm((128,), eps=1e-05, elementwise_affine=True)
            (mamba_fwd): Mamba(
              (in_proj): Linear(in_features=128, out_features=512, bias=False)
              (conv1d): Conv1d(256, 256, kernel_size=(4,), stride=(1,), padding=(3,), groups=256)
              (act): SiLU()
              (x_proj): Linear(in_features=256, out_features=40, bias=False)
              (dt_proj): Linear(in_features=8, out_features=256, bias=True)
              (out_proj): Linear(in_features=256, out_features=128, bias=False)
            )
            (mamba_bwd): Mamba(
              (in_proj): Linear(in_features=128, out_features=512, bias=False)
              (conv1d): Conv1d(256, 256, kernel_size=(4,), stride=(1,), padding=(3,), groups=256)
              (act): SiLU()
              (x_proj): Linear(in_features=256, out_features=40, bias=False)
              (dt_proj): Linear(in_features=8, out_features=256, bias=True)
              (out_proj): Linear(in_features=256, out_features=128, bias=False)
            )
            (ffn): Sequential(
              (0): LayerNorm((128,), eps=1e-05, elementwise_affine=True)
              (1): Linear(in_features=128, out_features=512, bias=True)
              (2): GELU(approximate='none')
              (3): Dropout(p=0.1, inplace=False)
              (4): Linear(in_features=512, out_features=128, bias=True)
            )
            (dropout): Dropout(p=0.1, inplace=False)
          )
        )
        (local_branches): ModuleList(
          (0): LocalConvBlock1D(
            (block): Sequential(
              (0): Conv1d(128, 128, kernel_size=(1,), stride=(1,))
              (1): InstanceNorm1d(128, eps=1e-05, momentum=0.1, affine=False, track_running_stats=False)
              (2): SiLU()
              (3): Conv1d(128, 128, kernel_size=(5,), stride=(1,), padding=(2,), groups=128)
              (4): InstanceNorm1d(128, eps=1e-05, momentum=0.1, affine=False, track_running_stats=False)
              (5): SiLU()
              (6): Conv1d(128, 128, kernel_size=(1,), stride=(1,))
            )
          )
          (1): LocalConvBlock1D(
            (block): Sequential(
              (0): Conv1d(128, 128, kernel_size=(1,), stride=(1,))
              (1): InstanceNorm1d(128, eps=1e-05, momentum=0.1, affine=False, track_running_stats=False)
              (2): SiLU()
              (3): Conv1d(128, 128, kernel_size=(7,), stride=(1,), padding=(3,), groups=128)
              (4): InstanceNorm1d(128, eps=1e-05, momentum=0.1, affine=False, track_running_stats=False)
              (5): SiLU()
              (6): Conv1d(128, 128, kernel_size=(1,), stride=(1,))
            )
          )
        )
        (proj): Linear(in_features=384, out_features=128, bias=True)
      )
    )
    (level3): ModuleList(
      (0-1): 2 x LSSBlockTS(
        (global_layers): ModuleList(
          (0-1): 2 x BiMambaBlock(
            (norm): LayerNorm((128,), eps=1e-05, elementwise_affine=True)
            (mamba_fwd): Mamba(
              (in_proj): Linear(in_features=128, out_features=512, bias=False)
              (conv1d): Conv1d(256, 256, kernel_size=(4,), stride=(1,), padding=(3,), groups=256)
              (act): SiLU()
              (x_proj): Linear(in_features=256, out_features=40, bias=False)
              (dt_proj): Linear(in_features=8, out_features=256, bias=True)
              (out_proj): Linear(in_features=256, out_features=128, bias=False)
            )
            (mamba_bwd): Mamba(
              (in_proj): Linear(in_features=128, out_features=512, bias=False)
              (conv1d): Conv1d(256, 256, kernel_size=(4,), stride=(1,), padding=(3,), groups=256)
              (act): SiLU()
              (x_proj): Linear(in_features=256, out_features=40, bias=False)
              (dt_proj): Linear(in_features=8, out_features=256, bias=True)
              (out_proj): Linear(in_features=256, out_features=128, bias=False)
            )
            (ffn): Sequential(
              (0): LayerNorm((128,), eps=1e-05, elementwise_affine=True)
              (1): Linear(in_features=128, out_features=512, bias=True)
              (2): GELU(approximate='none')
              (3): Dropout(p=0.1, inplace=False)
              (4): Linear(in_features=512, out_features=128, bias=True)
            )
            (dropout): Dropout(p=0.1, inplace=False)
          )
        )
        (local_branches): ModuleList(
          (0): LocalConvBlock1D(
            (block): Sequential(
              (0): Conv1d(128, 128, kernel_size=(1,), stride=(1,))
              (1): InstanceNorm1d(128, eps=1e-05, momentum=0.1, affine=False, track_running_stats=False)
              (2): SiLU()
              (3): Conv1d(128, 128, kernel_size=(5,), stride=(1,), padding=(2,), groups=128)
              (4): InstanceNorm1d(128, eps=1e-05, momentum=0.1, affine=False, track_running_stats=False)
              (5): SiLU()
              (6): Conv1d(128, 128, kernel_size=(1,), stride=(1,))
            )
          )
          (1): LocalConvBlock1D(
            (block): Sequential(
              (0): Conv1d(128, 128, kernel_size=(1,), stride=(1,))
              (1): InstanceNorm1d(128, eps=1e-05, momentum=0.1, affine=False, track_running_stats=False)
              (2): SiLU()
              (3): Conv1d(128, 128, kernel_size=(7,), stride=(1,), padding=(3,), groups=128)
              (4): InstanceNorm1d(128, eps=1e-05, momentum=0.1, affine=False, track_running_stats=False)
              (5): SiLU()
              (6): Conv1d(128, 128, kernel_size=(1,), stride=(1,))
            )
          )
        )
        (proj): Linear(in_features=384, out_features=128, bias=True)
      )
    )
    (decoder): Linear(in_features=128, out_features=55, bias=True)
  )
  (forecast_branch): MambaTSADForecast(
    (enc_embedding): InvertedTimeEmbedding(
      (proj): Linear(in_features=45, out_features=128, bias=True)
      (dropout): Dropout(p=0.1, inplace=False)
    )
    (encoder_layers): ModuleList(
      (0-2): 3 x BiMambaBlock1D(
        (norm): LayerNorm((128,), eps=1e-05, elementwise_affine=True)
        (mamba_fwd): Mamba(
          (in_proj): Linear(in_features=128, out_features=512, bias=False)
          (conv1d): Conv1d(256, 256, kernel_size=(4,), stride=(1,), padding=(3,), groups=256)
          (act): SiLU()
          (x_proj): Linear(in_features=256, out_features=40, bias=False)
          (dt_proj): Linear(in_features=8, out_features=256, bias=True)
          (out_proj): Linear(in_features=256, out_features=128, bias=False)
        )
        (mamba_bwd): Mamba(
          (in_proj): Linear(in_features=128, out_features=512, bias=False)
          (conv1d): Conv1d(256, 256, kernel_size=(4,), stride=(1,), padding=(3,), groups=256)
          (act): SiLU()
          (x_proj): Linear(in_features=256, out_features=40, bias=False)
          (dt_proj): Linear(in_features=8, out_features=256, bias=True)
          (out_proj): Linear(in_features=256, out_features=128, bias=False)
        )
        (ffn): Sequential(
          (0): LayerNorm((128,), eps=1e-05, elementwise_affine=True)
          (1): Linear(in_features=128, out_features=512, bias=True)
          (2): GELU(approximate='none')
          (3): Dropout(p=0.1, inplace=False)
          (4): Linear(in_features=512, out_features=128, bias=True)
        )
        (dropout): Dropout(p=0.1, inplace=False)
      )
    )
    (enc_norm): LayerNorm((128,), eps=1e-05, elementwise_affine=True)
    (projector): Linear(in_features=128, out_features=5, bias=True)
  )
)
[2025-12-18 10:07:55,765] [INFO] ========== Epoch 1/50 (hybrid) ==========
[2025-12-18 10:10:41,732] [INFO] [Epoch 1] 混合模型训练损失: total=1.605508, recon=0.947715, forecast=0.657793
[2025-12-18 10:11:57,702] [INFO] [Eval-recon(hybrid)] F1=0.8728, P=0.9020, R=0.8454, AUC=0.5495, thr=2.328052, point_adjust=True
[2025-12-18 10:12:36,362] [INFO] [Eval-forecast(hybrid)] F1=0.8845, P=0.9171, R=0.8542, AUC=0.6159, thr=10.230689, point_adjust=True
[2025-12-18 10:12:59,341] [INFO] [Eval-hybrid] F1=0.8795, P=0.9165, R=0.8454, AUC=0.5980, thr=0.253365, point_adjust=True; recon_F1=0.8728, forecast_F1=0.8845
[2025-12-18 10:12:59,450] [INFO] 发现更优模型，已保存至 ./logs/msl_hybrid/best_model_hybrid.pt
[2025-12-18 10:12:59,706] [INFO] 已保存可视化图：./logs/msl_hybrid/scores_epoch1_hybrid.png
[2025-12-18 10:12:59,706] [INFO] ========== Epoch 2/50 (hybrid) ==========
[2025-12-18 10:15:09,323] [INFO] [Epoch 2] 混合模型训练损失: total=1.320851, recon=0.739954, forecast=0.580897
[2025-12-18 10:16:26,078] [INFO] [Eval-recon(hybrid)] F1=0.8724, P=0.8913, R=0.8542, AUC=0.5500, thr=2.081152, point_adjust=True
[2025-12-18 10:17:05,360] [INFO] [Eval-forecast(hybrid)] F1=0.8861, P=0.9311, R=0.8454, AUC=0.6202, thr=11.938609, point_adjust=True
[2025-12-18 10:17:28,495] [INFO] [Eval-hybrid] F1=0.8815, P=0.9105, R=0.8542, AUC=0.5993, thr=0.253192, point_adjust=True; recon_F1=0.8724, forecast_F1=0.8861
[2025-12-18 10:17:28,611] [INFO] 发现更优模型，已保存至 ./logs/msl_hybrid/best_model_hybrid.pt
[2025-12-18 10:17:28,859] [INFO] 已保存可视化图：./logs/msl_hybrid/scores_epoch2_hybrid.png
[2025-12-18 10:17:28,860] [INFO] ========== Epoch 3/50 (hybrid) ==========
[2025-12-18 10:20:02,343] [INFO] [Epoch 3] 混合模型训练损失: total=1.299983, recon=0.727988, forecast=0.571995
[2025-12-18 10:21:05,708] [INFO] [Eval-recon(hybrid)] F1=0.8724, P=0.8913, R=0.8542, AUC=0.5512, thr=2.056097, point_adjust=True
[2025-12-18 10:21:42,503] [INFO] [Eval-forecast(hybrid)] F1=0.8861, P=0.9036, R=0.8693, AUC=0.6241, thr=4.662275, point_adjust=True
[2025-12-18 10:22:06,576] [INFO] [Eval-hybrid] F1=0.8798, P=0.9172, R=0.8454, AUC=0.5961, thr=0.301588, point_adjust=True; recon_F1=0.8724, forecast_F1=0.8861
[2025-12-18 10:22:06,825] [INFO] 已保存可视化图：./logs/msl_hybrid/scores_epoch3_hybrid.png
[2025-12-18 10:22:06,825] [INFO] ========== Epoch 4/50 (hybrid) ==========
[2025-12-18 10:25:01,145] [INFO] [Epoch 4] 混合模型训练损失: total=1.286856, recon=0.719106, forecast=0.567751
[2025-12-18 10:26:18,600] [INFO] [Eval-recon(hybrid)] F1=0.8724, P=0.9013, R=0.8454, AUC=0.5512, thr=2.292326, point_adjust=True
[2025-12-18 10:26:58,125] [INFO] [Eval-forecast(hybrid)] F1=0.8867, P=0.9218, R=0.8542, AUC=0.6227, thr=10.236572, point_adjust=True
[2025-12-18 10:27:21,081] [INFO] [Eval-hybrid] F1=0.8797, P=0.9169, R=0.8454, AUC=0.5955, thr=0.341422, point_adjust=True; recon_F1=0.8724, forecast_F1=0.8867
[2025-12-18 10:27:21,331] [INFO] 已保存可视化图：./logs/msl_hybrid/scores_epoch4_hybrid.png
[2025-12-18 10:27:21,331] [INFO] ========== Epoch 5/50 (hybrid) ==========
[2025-12-18 10:30:15,050] [INFO] [Epoch 5] 混合模型训练损失: total=1.279811, recon=0.714475, forecast=0.565336
[2025-12-18 10:31:33,230] [INFO] [Eval-recon(hybrid)] F1=0.8724, P=0.9012, R=0.8454, AUC=0.5527, thr=2.295342, point_adjust=True
[2025-12-18 10:32:06,951] [INFO] [Eval-forecast(hybrid)] F1=0.8856, P=0.9024, R=0.8693, AUC=0.6270, thr=4.648342, point_adjust=True
[2025-12-18 10:32:30,268] [INFO] [Eval-hybrid] F1=0.8798, P=0.9172, R=0.8454, AUC=0.5934, thr=0.348874, point_adjust=True; recon_F1=0.8724, forecast_F1=0.8856
[2025-12-18 10:32:30,520] [INFO] 已保存可视化图：./logs/msl_hybrid/scores_epoch5_hybrid.png
[2025-12-18 10:32:30,520] [INFO] ========== Epoch 6/50 (hybrid) ==========
[2025-12-18 10:34:23,030] [INFO] [Epoch 6] 混合模型训练损失: total=1.274451, recon=0.710577, forecast=0.563874
[2025-12-18 10:35:26,966] [INFO] [Eval-recon(hybrid)] F1=0.8707, P=0.8976, R=0.8454, AUC=0.5542, thr=2.190889, point_adjust=True
[2025-12-18 10:36:02,332] [INFO] [Eval-forecast(hybrid)] F1=0.8847, P=0.9174, R=0.8542, AUC=0.6246, thr=10.107052, point_adjust=True
[2025-12-18 10:36:25,913] [INFO] [Eval-hybrid] F1=0.8798, P=0.9172, R=0.8454, AUC=0.5934, thr=0.363850, point_adjust=True; recon_F1=0.8707, forecast_F1=0.8847
[2025-12-18 10:36:26,162] [INFO] 已保存可视化图：./logs/msl_hybrid/scores_epoch6_hybrid.png
[2025-12-18 10:36:26,162] [INFO] ========== Epoch 7/50 (hybrid) ==========
[2025-12-18 10:38:36,353] [INFO] [Epoch 7] 混合模型训练损失: total=1.269840, recon=0.707893, forecast=0.561947
[2025-12-18 10:39:41,074] [INFO] [Eval-recon(hybrid)] F1=0.8724, P=0.8913, R=0.8542, AUC=0.5550, thr=2.084541, point_adjust=True
[2025-12-18 10:40:15,419] [INFO] [Eval-forecast(hybrid)] F1=0.8850, P=0.9286, R=0.8454, AUC=0.6182, thr=11.938552, point_adjust=True
[2025-12-18 10:40:38,999] [INFO] [Eval-hybrid] F1=0.8798, P=0.9173, R=0.8454, AUC=0.5911, thr=0.377340, point_adjust=True; recon_F1=0.8724, forecast_F1=0.8850
[2025-12-18 10:40:39,252] [INFO] 已保存可视化图：./logs/msl_hybrid/scores_epoch7_hybrid.png
[2025-12-18 10:40:39,252] [INFO] ========== Epoch 8/50 (hybrid) ==========
[2025-12-18 10:42:20,195] [INFO] [Epoch 8] 混合模型训练损失: total=1.267007, recon=0.705733, forecast=0.561274
[2025-12-18 10:43:23,818] [INFO] [Eval-recon(hybrid)] F1=0.8723, P=0.8911, R=0.8542, AUC=0.5551, thr=2.031709, point_adjust=True
[2025-12-18 10:43:57,822] [INFO] [Eval-forecast(hybrid)] F1=0.8864, P=0.9210, R=0.8542, AUC=0.6193, thr=10.228417, point_adjust=True
[2025-12-18 10:44:21,198] [INFO] [Eval-hybrid] F1=0.8798, P=0.9173, R=0.8454, AUC=0.5875, thr=0.390913, point_adjust=True; recon_F1=0.8723, forecast_F1=0.8864
[2025-12-18 10:44:21,453] [INFO] 已保存可视化图：./logs/msl_hybrid/scores_epoch8_hybrid.png
[2025-12-18 10:44:21,453] [INFO] ========== Epoch 9/50 (hybrid) ==========
[2025-12-18 10:46:31,121] [INFO] [Epoch 9] 混合模型训练损失: total=1.264292, recon=0.703894, forecast=0.560399
[2025-12-18 10:47:35,165] [INFO] [Eval-recon(hybrid)] F1=0.8742, P=0.8952, R=0.8542, AUC=0.5545, thr=2.042467, point_adjust=True
[2025-12-18 10:48:10,562] [INFO] [Eval-forecast(hybrid)] F1=0.8843, P=0.9166, R=0.8542, AUC=0.6108, thr=10.224048, point_adjust=True
[2025-12-18 10:48:33,627] [INFO] [Eval-hybrid] F1=0.8799, P=0.9072, R=0.8542, AUC=0.5876, thr=0.337982, point_adjust=True; recon_F1=0.8742, forecast_F1=0.8843
[2025-12-18 10:48:33,880] [INFO] 已保存可视化图：./logs/msl_hybrid/scores_epoch9_hybrid.png
[2025-12-18 10:48:33,880] [INFO] ========== Epoch 10/50 (hybrid) ==========
[2025-12-18 10:50:14,980] [INFO] [Epoch 10] 混合模型训练损失: total=1.261454, recon=0.702725, forecast=0.558729
[2025-12-18 10:51:07,372] [INFO] [Eval-recon(hybrid)] F1=0.8724, P=0.8914, R=0.8542, AUC=0.5549, thr=2.008139, point_adjust=True
[2025-12-18 10:51:43,042] [INFO] [Eval-forecast(hybrid)] F1=0.8846, P=0.9172, R=0.8542, AUC=0.6176, thr=10.224044, point_adjust=True
[2025-12-18 10:52:06,493] [INFO] [Eval-hybrid] F1=0.8801, P=0.9076, R=0.8542, AUC=0.5911, thr=0.344156, point_adjust=True; recon_F1=0.8724, forecast_F1=0.8846
[2025-12-18 10:52:06,494] [INFO] 早停触发：连续 8 个 epoch F1 未提升，停止训练。
[2025-12-18 10:52:06,494] [INFO] 训练结束，最佳 F1=0.8815, 最佳指标={'precision': 0.9105133132021541, 'recall': 0.8542364151418308, 'f1': 0.8814775395162707, 'auc': 0.5992521057183241, 'threshold': 0.2531921767031562, 'use_point_adjust': True}
[2025-12-18 10:52:06,495] [INFO] 训练流程已结束。
