[2025-12-12 18:25:53,368] [INFO] 日志已写入：./logs/msl_hybrid/MambaTSAD_20251212_182553.log
[2025-12-12 18:25:53,411] [INFO] 命令行参数：Namespace(dataset='msl', processed_root='./dataset/MSL', log_dir='./logs/msl_hybrid', branch='hybrid', win_size=100, pred_len=10, train_stride=1, test_stride=1, batch_size=64, epochs=50, lr=0.0001, weight_decay=0.0005, seed=42, no_amp=False, max_grad_norm=1.0, patience=8, lambda_recon=1.0, lambda_forecast=1.0, no_point_adjust=False, num_workers=4)
[2025-12-12 18:25:53,690] [INFO] 数据集 [msl] 构建完成，实体数量=27，input_dim=55，训练样本数=55644，测试样本数=71056
[2025-12-12 18:25:55,410] [INFO] 当前使用的设备：cuda
[2025-12-12 18:25:59,687] [INFO] 训练模式：混合模型 (hybrid)，context_len=90, pred_len=10。
[2025-12-12 18:26:03,535] [INFO] 模型结构：
MambaTSADHybrid(
  (recon_branch): MambaTSAD(
    (encoder): Linear(in_features=55, out_features=128, bias=True)
    (level1): ModuleList(
      (0-1): 2 x LSSBlockTS(
        (global_layers): ModuleList(
          (0-1): 2 x BiMambaBlock(
            (norm): LayerNorm((128,), eps=1e-05, elementwise_affine=True)
            (mamba_fwd): Mamba(
              (in_proj): Linear(in_features=128, out_features=512, bias=False)
              (conv1d): Conv1d(256, 256, kernel_size=(4,), stride=(1,), padding=(3,), groups=256)
              (act): SiLU()
              (x_proj): Linear(in_features=256, out_features=40, bias=False)
              (dt_proj): Linear(in_features=8, out_features=256, bias=True)
              (out_proj): Linear(in_features=256, out_features=128, bias=False)
            )
            (mamba_bwd): Mamba(
              (in_proj): Linear(in_features=128, out_features=512, bias=False)
              (conv1d): Conv1d(256, 256, kernel_size=(4,), stride=(1,), padding=(3,), groups=256)
              (act): SiLU()
              (x_proj): Linear(in_features=256, out_features=40, bias=False)
              (dt_proj): Linear(in_features=8, out_features=256, bias=True)
              (out_proj): Linear(in_features=256, out_features=128, bias=False)
            )
            (ffn): Sequential(
              (0): LayerNorm((128,), eps=1e-05, elementwise_affine=True)
              (1): Linear(in_features=128, out_features=512, bias=True)
              (2): GELU(approximate='none')
              (3): Dropout(p=0.1, inplace=False)
              (4): Linear(in_features=512, out_features=128, bias=True)
            )
            (dropout): Dropout(p=0.1, inplace=False)
          )
        )
        (local_branches): ModuleList(
          (0): LocalConvBlock1D(
            (block): Sequential(
              (0): Conv1d(128, 128, kernel_size=(1,), stride=(1,))
              (1): InstanceNorm1d(128, eps=1e-05, momentum=0.1, affine=False, track_running_stats=False)
              (2): SiLU()
              (3): Conv1d(128, 128, kernel_size=(5,), stride=(1,), padding=(2,), groups=128)
              (4): InstanceNorm1d(128, eps=1e-05, momentum=0.1, affine=False, track_running_stats=False)
              (5): SiLU()
              (6): Conv1d(128, 128, kernel_size=(1,), stride=(1,))
            )
          )
          (1): LocalConvBlock1D(
            (block): Sequential(
              (0): Conv1d(128, 128, kernel_size=(1,), stride=(1,))
              (1): InstanceNorm1d(128, eps=1e-05, momentum=0.1, affine=False, track_running_stats=False)
              (2): SiLU()
              (3): Conv1d(128, 128, kernel_size=(7,), stride=(1,), padding=(3,), groups=128)
              (4): InstanceNorm1d(128, eps=1e-05, momentum=0.1, affine=False, track_running_stats=False)
              (5): SiLU()
              (6): Conv1d(128, 128, kernel_size=(1,), stride=(1,))
            )
          )
        )
        (proj): Linear(in_features=384, out_features=128, bias=True)
      )
    )
    (level2): ModuleList(
      (0-1): 2 x LSSBlockTS(
        (global_layers): ModuleList(
          (0-1): 2 x BiMambaBlock(
            (norm): LayerNorm((128,), eps=1e-05, elementwise_affine=True)
            (mamba_fwd): Mamba(
              (in_proj): Linear(in_features=128, out_features=512, bias=False)
              (conv1d): Conv1d(256, 256, kernel_size=(4,), stride=(1,), padding=(3,), groups=256)
              (act): SiLU()
              (x_proj): Linear(in_features=256, out_features=40, bias=False)
              (dt_proj): Linear(in_features=8, out_features=256, bias=True)
              (out_proj): Linear(in_features=256, out_features=128, bias=False)
            )
            (mamba_bwd): Mamba(
              (in_proj): Linear(in_features=128, out_features=512, bias=False)
              (conv1d): Conv1d(256, 256, kernel_size=(4,), stride=(1,), padding=(3,), groups=256)
              (act): SiLU()
              (x_proj): Linear(in_features=256, out_features=40, bias=False)
              (dt_proj): Linear(in_features=8, out_features=256, bias=True)
              (out_proj): Linear(in_features=256, out_features=128, bias=False)
            )
            (ffn): Sequential(
              (0): LayerNorm((128,), eps=1e-05, elementwise_affine=True)
              (1): Linear(in_features=128, out_features=512, bias=True)
              (2): GELU(approximate='none')
              (3): Dropout(p=0.1, inplace=False)
              (4): Linear(in_features=512, out_features=128, bias=True)
            )
            (dropout): Dropout(p=0.1, inplace=False)
          )
        )
        (local_branches): ModuleList(
          (0): LocalConvBlock1D(
            (block): Sequential(
              (0): Conv1d(128, 128, kernel_size=(1,), stride=(1,))
              (1): InstanceNorm1d(128, eps=1e-05, momentum=0.1, affine=False, track_running_stats=False)
              (2): SiLU()
              (3): Conv1d(128, 128, kernel_size=(5,), stride=(1,), padding=(2,), groups=128)
              (4): InstanceNorm1d(128, eps=1e-05, momentum=0.1, affine=False, track_running_stats=False)
              (5): SiLU()
              (6): Conv1d(128, 128, kernel_size=(1,), stride=(1,))
            )
          )
          (1): LocalConvBlock1D(
            (block): Sequential(
              (0): Conv1d(128, 128, kernel_size=(1,), stride=(1,))
              (1): InstanceNorm1d(128, eps=1e-05, momentum=0.1, affine=False, track_running_stats=False)
              (2): SiLU()
              (3): Conv1d(128, 128, kernel_size=(7,), stride=(1,), padding=(3,), groups=128)
              (4): InstanceNorm1d(128, eps=1e-05, momentum=0.1, affine=False, track_running_stats=False)
              (5): SiLU()
              (6): Conv1d(128, 128, kernel_size=(1,), stride=(1,))
            )
          )
        )
        (proj): Linear(in_features=384, out_features=128, bias=True)
      )
    )
    (level3): ModuleList(
      (0-1): 2 x LSSBlockTS(
        (global_layers): ModuleList(
          (0-1): 2 x BiMambaBlock(
            (norm): LayerNorm((128,), eps=1e-05, elementwise_affine=True)
            (mamba_fwd): Mamba(
              (in_proj): Linear(in_features=128, out_features=512, bias=False)
              (conv1d): Conv1d(256, 256, kernel_size=(4,), stride=(1,), padding=(3,), groups=256)
              (act): SiLU()
              (x_proj): Linear(in_features=256, out_features=40, bias=False)
              (dt_proj): Linear(in_features=8, out_features=256, bias=True)
              (out_proj): Linear(in_features=256, out_features=128, bias=False)
            )
            (mamba_bwd): Mamba(
              (in_proj): Linear(in_features=128, out_features=512, bias=False)
              (conv1d): Conv1d(256, 256, kernel_size=(4,), stride=(1,), padding=(3,), groups=256)
              (act): SiLU()
              (x_proj): Linear(in_features=256, out_features=40, bias=False)
              (dt_proj): Linear(in_features=8, out_features=256, bias=True)
              (out_proj): Linear(in_features=256, out_features=128, bias=False)
            )
            (ffn): Sequential(
              (0): LayerNorm((128,), eps=1e-05, elementwise_affine=True)
              (1): Linear(in_features=128, out_features=512, bias=True)
              (2): GELU(approximate='none')
              (3): Dropout(p=0.1, inplace=False)
              (4): Linear(in_features=512, out_features=128, bias=True)
            )
            (dropout): Dropout(p=0.1, inplace=False)
          )
        )
        (local_branches): ModuleList(
          (0): LocalConvBlock1D(
            (block): Sequential(
              (0): Conv1d(128, 128, kernel_size=(1,), stride=(1,))
              (1): InstanceNorm1d(128, eps=1e-05, momentum=0.1, affine=False, track_running_stats=False)
              (2): SiLU()
              (3): Conv1d(128, 128, kernel_size=(5,), stride=(1,), padding=(2,), groups=128)
              (4): InstanceNorm1d(128, eps=1e-05, momentum=0.1, affine=False, track_running_stats=False)
              (5): SiLU()
              (6): Conv1d(128, 128, kernel_size=(1,), stride=(1,))
            )
          )
          (1): LocalConvBlock1D(
            (block): Sequential(
              (0): Conv1d(128, 128, kernel_size=(1,), stride=(1,))
              (1): InstanceNorm1d(128, eps=1e-05, momentum=0.1, affine=False, track_running_stats=False)
              (2): SiLU()
              (3): Conv1d(128, 128, kernel_size=(7,), stride=(1,), padding=(3,), groups=128)
              (4): InstanceNorm1d(128, eps=1e-05, momentum=0.1, affine=False, track_running_stats=False)
              (5): SiLU()
              (6): Conv1d(128, 128, kernel_size=(1,), stride=(1,))
            )
          )
        )
        (proj): Linear(in_features=384, out_features=128, bias=True)
      )
    )
    (decoder): Linear(in_features=128, out_features=55, bias=True)
  )
  (forecast_branch): MambaTSADForecast(
    (enc_embedding): InvertedTimeEmbedding(
      (proj): Linear(in_features=90, out_features=128, bias=True)
      (dropout): Dropout(p=0.1, inplace=False)
    )
    (encoder_layers): ModuleList(
      (0-2): 3 x BiMambaBlock1D(
        (norm): LayerNorm((128,), eps=1e-05, elementwise_affine=True)
        (mamba_fwd): Mamba(
          (in_proj): Linear(in_features=128, out_features=512, bias=False)
          (conv1d): Conv1d(256, 256, kernel_size=(4,), stride=(1,), padding=(3,), groups=256)
          (act): SiLU()
          (x_proj): Linear(in_features=256, out_features=40, bias=False)
          (dt_proj): Linear(in_features=8, out_features=256, bias=True)
          (out_proj): Linear(in_features=256, out_features=128, bias=False)
        )
        (mamba_bwd): Mamba(
          (in_proj): Linear(in_features=128, out_features=512, bias=False)
          (conv1d): Conv1d(256, 256, kernel_size=(4,), stride=(1,), padding=(3,), groups=256)
          (act): SiLU()
          (x_proj): Linear(in_features=256, out_features=40, bias=False)
          (dt_proj): Linear(in_features=8, out_features=256, bias=True)
          (out_proj): Linear(in_features=256, out_features=128, bias=False)
        )
        (ffn): Sequential(
          (0): LayerNorm((128,), eps=1e-05, elementwise_affine=True)
          (1): Linear(in_features=128, out_features=512, bias=True)
          (2): GELU(approximate='none')
          (3): Dropout(p=0.1, inplace=False)
          (4): Linear(in_features=512, out_features=128, bias=True)
        )
        (dropout): Dropout(p=0.1, inplace=False)
      )
    )
    (enc_norm): LayerNorm((128,), eps=1e-05, elementwise_affine=True)
    (projector): Linear(in_features=128, out_features=10, bias=True)
  )
)
[2025-12-12 18:26:03,539] [INFO] ========== Epoch 1/50 (hybrid) ==========
[2025-12-12 18:31:57,388] [INFO] [Epoch 1] 混合模型训练损失: total=0.890580, recon=0.133547, forecast=0.757033
[2025-12-12 18:34:23,882] [INFO] [Eval-recon] F1=0.3975, P=0.2654, R=0.7911, AUC=0.5503, thr=0.023777, need_flip=False, dir=greater, point_adjust=True
[2025-12-12 18:35:51,726] [INFO] [Eval-forecast] F1=0.6797, P=0.6488, R=0.7138, AUC=0.6093, thr=4.887032, need_flip=False, dir=greater, point_adjust=True
[2025-12-12 18:37:21,175] [INFO] [Eval-hybrid] F1=0.6212, P=0.5499, R=0.7138, AUC=0.6019, thr=0.002199, need_flip=False, dir=greater, point_adjust=True; recon_F1=0.3975, forecast_F1=0.6797
[2025-12-12 18:37:21,631] [INFO] 已保存可视化图：./logs/msl_hybrid/scores_epoch1_hybrid.png
[2025-12-12 18:37:21,751] [INFO] 发现更优模型 (F1=0.6212)，已保存至 ./logs/msl_hybrid/best_model.pt
[2025-12-12 18:37:21,751] [INFO] ========== Epoch 2/50 (hybrid) ==========
[2025-12-12 18:40:00,921] [INFO] [Epoch 2] 混合模型训练损失: total=0.911882, recon=0.305305, forecast=0.606576
[2025-12-12 18:40:37,701] [INFO] [Eval-recon] F1=0.0000, P=0.0000, R=0.0000, AUC=0.5000, thr=0.000000, need_flip=False, dir=greater, point_adjust=True
[2025-12-12 18:40:37,704] [INFO] [Eval-forecast] F1=0.0000, P=0.0000, R=0.0000, AUC=0.5000, thr=0.000000, need_flip=False, dir=greater, point_adjust=True
[2025-12-12 18:40:37,753] [INFO] [Eval-hybrid] F1=0.1906, P=0.1053, R=1.0000, AUC=0.5000, thr=0.000000, need_flip=False, dir=greater, point_adjust=True; recon_F1=0.0000, forecast_F1=0.0000
[2025-12-12 18:40:37,978] [INFO] 已保存可视化图：./logs/msl_hybrid/scores_epoch2_hybrid.png
[2025-12-12 18:40:37,979] [INFO] 当前 F1=0.1906，已连续 1 个 epoch 未提升。
[2025-12-12 18:40:37,979] [INFO] ========== Epoch 3/50 (hybrid) ==========
[2025-12-12 18:42:19,254] [INFO] [Epoch 3] 混合模型训练损失: total=1.184119, recon=0.595402, forecast=0.588717
[2025-12-12 18:42:52,490] [INFO] [Eval-recon] F1=0.0000, P=0.0000, R=0.0000, AUC=0.5000, thr=0.000000, need_flip=False, dir=greater, point_adjust=True
[2025-12-12 18:42:52,491] [INFO] [Eval-forecast] F1=0.0000, P=0.0000, R=0.0000, AUC=0.5000, thr=0.000000, need_flip=False, dir=greater, point_adjust=True
[2025-12-12 18:42:52,516] [INFO] [Eval-hybrid] F1=0.1906, P=0.1053, R=1.0000, AUC=0.5000, thr=0.000000, need_flip=False, dir=greater, point_adjust=True; recon_F1=0.0000, forecast_F1=0.0000
[2025-12-12 18:42:52,739] [INFO] 已保存可视化图：./logs/msl_hybrid/scores_epoch3_hybrid.png
[2025-12-12 18:42:52,740] [INFO] 当前 F1=0.1906，已连续 2 个 epoch 未提升。
[2025-12-12 18:42:52,740] [INFO] ========== Epoch 4/50 (hybrid) ==========
[2025-12-12 18:44:28,648] [INFO] [Epoch 4] 混合模型训练损失: total=1.183801, recon=0.595328, forecast=0.588473
[2025-12-12 18:44:59,796] [INFO] [Eval-recon] F1=0.0000, P=0.0000, R=0.0000, AUC=0.5000, thr=0.000000, need_flip=False, dir=greater, point_adjust=True
[2025-12-12 18:44:59,797] [INFO] [Eval-forecast] F1=0.0000, P=0.0000, R=0.0000, AUC=0.5000, thr=0.000000, need_flip=False, dir=greater, point_adjust=True
[2025-12-12 18:44:59,822] [INFO] [Eval-hybrid] F1=0.1906, P=0.1053, R=1.0000, AUC=0.5000, thr=0.000000, need_flip=False, dir=greater, point_adjust=True; recon_F1=0.0000, forecast_F1=0.0000
[2025-12-12 18:45:00,057] [INFO] 已保存可视化图：./logs/msl_hybrid/scores_epoch4_hybrid.png
[2025-12-12 18:45:00,057] [INFO] 当前 F1=0.1906，已连续 3 个 epoch 未提升。
[2025-12-12 18:45:00,058] [INFO] ========== Epoch 5/50 (hybrid) ==========
[2025-12-12 18:46:35,183] [INFO] [Epoch 5] 混合模型训练损失: total=1.183935, recon=0.595367, forecast=0.588568
[2025-12-12 18:47:05,460] [INFO] [Eval-recon] F1=0.0000, P=0.0000, R=0.0000, AUC=0.5000, thr=0.000000, need_flip=False, dir=greater, point_adjust=True
[2025-12-12 18:47:05,461] [INFO] [Eval-forecast] F1=0.0000, P=0.0000, R=0.0000, AUC=0.5000, thr=0.000000, need_flip=False, dir=greater, point_adjust=True
[2025-12-12 18:47:05,486] [INFO] [Eval-hybrid] F1=0.1906, P=0.1053, R=1.0000, AUC=0.5000, thr=0.000000, need_flip=False, dir=greater, point_adjust=True; recon_F1=0.0000, forecast_F1=0.0000
[2025-12-12 18:47:05,712] [INFO] 已保存可视化图：./logs/msl_hybrid/scores_epoch5_hybrid.png
[2025-12-12 18:47:05,712] [INFO] 当前 F1=0.1906，已连续 4 个 epoch 未提升。
[2025-12-12 18:47:05,713] [INFO] ========== Epoch 6/50 (hybrid) ==========
[2025-12-12 18:48:40,441] [INFO] [Epoch 6] 混合模型训练损失: total=1.183728, recon=0.595163, forecast=0.588565
[2025-12-12 18:49:11,358] [INFO] [Eval-recon] F1=0.0000, P=0.0000, R=0.0000, AUC=0.5000, thr=0.000000, need_flip=False, dir=greater, point_adjust=True
[2025-12-12 18:49:11,360] [INFO] [Eval-forecast] F1=0.0000, P=0.0000, R=0.0000, AUC=0.5000, thr=0.000000, need_flip=False, dir=greater, point_adjust=True
[2025-12-12 18:49:11,387] [INFO] [Eval-hybrid] F1=0.1906, P=0.1053, R=1.0000, AUC=0.5000, thr=0.000000, need_flip=False, dir=greater, point_adjust=True; recon_F1=0.0000, forecast_F1=0.0000
[2025-12-12 18:49:11,632] [INFO] 已保存可视化图：./logs/msl_hybrid/scores_epoch6_hybrid.png
[2025-12-12 18:49:11,632] [INFO] 当前 F1=0.1906，已连续 5 个 epoch 未提升。
[2025-12-12 18:49:11,633] [INFO] ========== Epoch 7/50 (hybrid) ==========
[2025-12-12 18:50:47,451] [INFO] [Epoch 7] 混合模型训练损失: total=1.183983, recon=0.595333, forecast=0.588650
[2025-12-12 18:51:18,008] [INFO] [Eval-recon] F1=0.0000, P=0.0000, R=0.0000, AUC=0.5000, thr=0.000000, need_flip=False, dir=greater, point_adjust=True
[2025-12-12 18:51:18,009] [INFO] [Eval-forecast] F1=0.0000, P=0.0000, R=0.0000, AUC=0.5000, thr=0.000000, need_flip=False, dir=greater, point_adjust=True
[2025-12-12 18:51:18,034] [INFO] [Eval-hybrid] F1=0.1906, P=0.1053, R=1.0000, AUC=0.5000, thr=0.000000, need_flip=False, dir=greater, point_adjust=True; recon_F1=0.0000, forecast_F1=0.0000
[2025-12-12 18:51:18,272] [INFO] 已保存可视化图：./logs/msl_hybrid/scores_epoch7_hybrid.png
[2025-12-12 18:51:18,273] [INFO] 当前 F1=0.1906，已连续 6 个 epoch 未提升。
[2025-12-12 18:51:18,273] [INFO] ========== Epoch 8/50 (hybrid) ==========
[2025-12-12 18:52:54,181] [INFO] [Epoch 8] 混合模型训练损失: total=1.183625, recon=0.595013, forecast=0.588612
[2025-12-12 18:53:24,189] [INFO] [Eval-recon] F1=0.0000, P=0.0000, R=0.0000, AUC=0.5000, thr=0.000000, need_flip=False, dir=greater, point_adjust=True
[2025-12-12 18:53:24,190] [INFO] [Eval-forecast] F1=0.0000, P=0.0000, R=0.0000, AUC=0.5000, thr=0.000000, need_flip=False, dir=greater, point_adjust=True
[2025-12-12 18:53:24,215] [INFO] [Eval-hybrid] F1=0.1906, P=0.1053, R=1.0000, AUC=0.5000, thr=0.000000, need_flip=False, dir=greater, point_adjust=True; recon_F1=0.0000, forecast_F1=0.0000
[2025-12-12 18:53:24,439] [INFO] 已保存可视化图：./logs/msl_hybrid/scores_epoch8_hybrid.png
[2025-12-12 18:53:24,440] [INFO] 当前 F1=0.1906，已连续 7 个 epoch 未提升。
[2025-12-12 18:53:24,440] [INFO] ========== Epoch 9/50 (hybrid) ==========
[2025-12-12 18:55:00,630] [INFO] [Epoch 9] 混合模型训练损失: total=1.183969, recon=0.595332, forecast=0.588637
[2025-12-12 18:55:31,042] [INFO] [Eval-recon] F1=0.0000, P=0.0000, R=0.0000, AUC=0.5000, thr=0.000000, need_flip=False, dir=greater, point_adjust=True
[2025-12-12 18:55:31,043] [INFO] [Eval-forecast] F1=0.0000, P=0.0000, R=0.0000, AUC=0.5000, thr=0.000000, need_flip=False, dir=greater, point_adjust=True
[2025-12-12 18:55:31,068] [INFO] [Eval-hybrid] F1=0.1906, P=0.1053, R=1.0000, AUC=0.5000, thr=0.000000, need_flip=False, dir=greater, point_adjust=True; recon_F1=0.0000, forecast_F1=0.0000
[2025-12-12 18:55:31,311] [INFO] 已保存可视化图：./logs/msl_hybrid/scores_epoch9_hybrid.png
[2025-12-12 18:55:31,312] [INFO] 当前 F1=0.1906，已连续 8 个 epoch 未提升。
[2025-12-12 18:55:31,312] [INFO] 早停触发：patience=8，最佳 F1=0.6212 (epoch=1)，对应指标={'precision': 0.549900793650248, 'recall': 0.713752253411391, 'f1': 0.6212036261491538, 'auc': 0.6018998823855432, 'threshold': 0.0021994151256566896, 'use_point_adjust': True, 'need_flip': False, 'direction': 'greater'}
[2025-12-12 18:55:31,312] [INFO] 训练结束，最佳 F1=0.6212 (epoch=1)，最佳指标={'precision': 0.549900793650248, 'recall': 0.713752253411391, 'f1': 0.6212036261491538, 'auc': 0.6018998823855432, 'threshold': 0.0021994151256566896, 'use_point_adjust': True, 'need_flip': False, 'direction': 'greater'}
[2025-12-12 18:55:31,313] [INFO] 训练流程已结束。
