[2025-12-05 16:36:33,731] [INFO] 日志已写入：./logs/smd_forecast/MambaTSAD_20251205_163633.log
[2025-12-05 16:36:33,732] [INFO] 参数配置：Namespace(dataset='smd', processed_root='./dataset/SMD', log_dir='./logs/smd_forecast', win_size=100, task='forecast', pred_len=10, train_stride=1, test_stride=1, batch_size=64, epochs=50, lr=0.001, weight_decay=0.0001, seed=42, no_amp=False, max_grad_norm=1.0, patience=8, no_point_adjust=False)
[2025-12-05 16:36:33,966] [INFO] SMD 多机数据集 构建完成：entities=['machine-1-1', 'machine-1-2', 'machine-1-3', 'machine-1-4'], input_dim=38, len(train)=99185, len(test)=99187
[2025-12-05 16:36:34,612] [INFO] 任务类型：预测分支（forecast），context_len=90, pred_len=10
[2025-12-05 16:36:35,647] [INFO] 模型结构：
MambaTSADForecast(
  (enc_embedding): InvertedTimeEmbedding(
    (proj): Linear(in_features=90, out_features=128, bias=True)
    (dropout): Dropout(p=0.1, inplace=False)
  )
  (encoder_layers): ModuleList(
    (0-2): 3 x BiMambaBlock1D(
      (norm): LayerNorm((128,), eps=1e-05, elementwise_affine=True)
      (mamba_fwd): Mamba(
        (in_proj): Linear(in_features=128, out_features=512, bias=False)
        (conv1d): Conv1d(256, 256, kernel_size=(4,), stride=(1,), padding=(3,), groups=256)
        (act): SiLU()
        (x_proj): Linear(in_features=256, out_features=40, bias=False)
        (dt_proj): Linear(in_features=8, out_features=256, bias=True)
        (out_proj): Linear(in_features=256, out_features=128, bias=False)
      )
      (mamba_bwd): Mamba(
        (in_proj): Linear(in_features=128, out_features=512, bias=False)
        (conv1d): Conv1d(256, 256, kernel_size=(4,), stride=(1,), padding=(3,), groups=256)
        (act): SiLU()
        (x_proj): Linear(in_features=256, out_features=40, bias=False)
        (dt_proj): Linear(in_features=8, out_features=256, bias=True)
        (out_proj): Linear(in_features=256, out_features=128, bias=False)
      )
      (ffn): Sequential(
        (0): LayerNorm((128,), eps=1e-05, elementwise_affine=True)
        (1): Linear(in_features=128, out_features=512, bias=True)
        (2): GELU(approximate='none')
        (3): Dropout(p=0.1, inplace=False)
        (4): Linear(in_features=512, out_features=128, bias=True)
      )
      (dropout): Dropout(p=0.1, inplace=False)
    )
  )
  (enc_norm): LayerNorm((128,), eps=1e-05, elementwise_affine=True)
  (projector): Linear(in_features=128, out_features=10, bias=True)
)
[2025-12-05 16:36:35,648] [INFO] ========== Epoch 1/50 ==========
[2025-12-05 16:37:14,358] [INFO] 本 epoch（预测分支）平均训练损失: 0.425973
[2025-12-05 16:37:56,308] [INFO] [Eval] F1=0.8833, P=0.8194, R=0.9581, AUC=0.8881, thr=7.171520, point_adjust=True
[2025-12-05 16:37:56,333] [INFO] 发现更优模型，已保存至 ./logs/smd_forecast/best_model.pt
[2025-12-05 16:37:56,604] [INFO] 已保存可视化图：./logs/smd_forecast/scores_epoch1.png
[2025-12-05 16:37:56,604] [INFO] ========== Epoch 2/50 ==========
[2025-12-05 16:38:32,674] [INFO] 本 epoch（预测分支）平均训练损失: 0.400594
[2025-12-05 16:39:14,577] [INFO] [Eval] F1=0.8866, P=0.8213, R=0.9631, AUC=0.8838, thr=6.857733, point_adjust=True
[2025-12-05 16:39:14,607] [INFO] 发现更优模型，已保存至 ./logs/smd_forecast/best_model.pt
[2025-12-05 16:39:14,860] [INFO] 已保存可视化图：./logs/smd_forecast/scores_epoch2.png
[2025-12-05 16:39:14,860] [INFO] ========== Epoch 3/50 ==========
[2025-12-05 16:39:50,766] [INFO] 本 epoch（预测分支）平均训练损失: 0.388864
[2025-12-05 16:40:33,389] [INFO] [Eval] F1=0.8878, P=0.8234, R=0.9631, AUC=0.8778, thr=7.209029, point_adjust=True
[2025-12-05 16:40:33,404] [INFO] 发现更优模型，已保存至 ./logs/smd_forecast/best_model.pt
[2025-12-05 16:40:33,648] [INFO] 已保存可视化图：./logs/smd_forecast/scores_epoch3.png
[2025-12-05 16:40:33,648] [INFO] ========== Epoch 4/50 ==========
[2025-12-05 16:41:08,831] [INFO] 本 epoch（预测分支）平均训练损失: 0.377660
[2025-12-05 16:41:50,365] [INFO] [Eval] F1=0.8875, P=0.8230, R=0.9631, AUC=0.8799, thr=7.125549, point_adjust=True
[2025-12-05 16:41:50,614] [INFO] 已保存可视化图：./logs/smd_forecast/scores_epoch4.png
[2025-12-05 16:41:50,614] [INFO] ========== Epoch 5/50 ==========
[2025-12-05 16:42:26,164] [INFO] 本 epoch（预测分支）平均训练损失: 0.372544
[2025-12-05 16:43:07,471] [INFO] [Eval] F1=0.8840, P=0.8168, R=0.9631, AUC=0.8853, thr=7.084723, point_adjust=True
[2025-12-05 16:43:07,716] [INFO] 已保存可视化图：./logs/smd_forecast/scores_epoch5.png
[2025-12-05 16:43:07,717] [INFO] ========== Epoch 6/50 ==========
[2025-12-05 16:43:43,376] [INFO] 本 epoch（预测分支）平均训练损失: 0.365973
[2025-12-05 16:44:25,719] [INFO] [Eval] F1=0.8870, P=0.8221, R=0.9631, AUC=0.8875, thr=7.024084, point_adjust=True
[2025-12-05 16:44:25,966] [INFO] 已保存可视化图：./logs/smd_forecast/scores_epoch6.png
[2025-12-05 16:44:25,966] [INFO] ========== Epoch 7/50 ==========
[2025-12-05 16:45:01,175] [INFO] 本 epoch（预测分支）平均训练损失: 0.360946
[2025-12-05 16:45:42,087] [INFO] [Eval] F1=0.8864, P=0.8210, R=0.9631, AUC=0.8765, thr=7.137744, point_adjust=True
[2025-12-05 16:45:42,602] [INFO] 已保存可视化图：./logs/smd_forecast/scores_epoch7.png
[2025-12-05 16:45:42,602] [INFO] ========== Epoch 8/50 ==========
[2025-12-05 16:46:18,164] [INFO] 本 epoch（预测分支）平均训练损失: 0.354244
[2025-12-05 16:47:00,153] [INFO] [Eval] F1=0.8853, P=0.8191, R=0.9631, AUC=0.8843, thr=7.076506, point_adjust=True
[2025-12-05 16:47:00,417] [INFO] 已保存可视化图：./logs/smd_forecast/scores_epoch8.png
[2025-12-05 16:47:00,417] [INFO] ========== Epoch 9/50 ==========
[2025-12-05 16:47:36,872] [WARNING] 遇到非有限 loss (NaN/Inf)，跳过该 batch
[2025-12-05 16:47:36,927] [WARNING] 遇到非有限 loss (NaN/Inf)，跳过该 batch
[2025-12-05 16:47:40,226] [INFO] 本 epoch（预测分支）平均训练损失: 0.350067
[2025-12-05 16:48:22,212] [INFO] [Eval] F1=0.8853, P=0.8191, R=0.9631, AUC=0.8807, thr=6.785679, point_adjust=True
[2025-12-05 16:48:22,461] [INFO] 已保存可视化图：./logs/smd_forecast/scores_epoch9.png
[2025-12-05 16:48:22,466] [INFO] ========== Epoch 10/50 ==========
[2025-12-05 16:48:59,376] [INFO] 本 epoch（预测分支）平均训练损失: 0.348188
[2025-12-05 16:49:39,747] [INFO] [Eval] F1=0.8785, P=0.8075, R=0.9631, AUC=0.8854, thr=6.876129, point_adjust=True
[2025-12-05 16:49:39,992] [INFO] 已保存可视化图：./logs/smd_forecast/scores_epoch10.png
[2025-12-05 16:49:39,992] [INFO] ========== Epoch 11/50 ==========
[2025-12-05 16:50:15,777] [INFO] 本 epoch（预测分支）平均训练损失: 0.345875
[2025-12-05 16:50:57,318] [INFO] [Eval] F1=0.8811, P=0.8119, R=0.9631, AUC=0.8780, thr=6.829980, point_adjust=True
[2025-12-05 16:50:57,318] [INFO] 早停触发：连续 8 个 epoch F1 未提升，在第 11 个 epoch 停止训练。
[2025-12-05 16:50:57,319] [INFO] 训练结束，最佳 F1=0.8878, 最佳指标={'precision': 0.8233924413383067, 'recall': 0.9631259166122709, 'f1': 0.8877945102857298, 'auc': 0.8777589715803965, 'threshold': 7.209029483795166, 'use_point_adjust': True}
