[2025-12-08 10:03:42,494] [INFO] 日志已写入：./logs/smd_forecast/MambaTSAD_20251208_100342.log
[2025-12-08 10:03:42,495] [INFO] 参数配置：Namespace(dataset='smd', processed_root='./dataset/SMD', log_dir='./logs/smd_forecast', win_size=100, task='forecast', pred_len=10, train_stride=1, test_stride=1, batch_size=64, epochs=50, lr=0.001, weight_decay=0.0001, seed=42, no_amp=False, max_grad_norm=1.0, patience=8, no_point_adjust=False)
[2025-12-08 10:03:42,623] [INFO] SMD 多机数据集 构建完成：entities=['machine-1-1', 'machine-1-2', 'machine-1-3', 'machine-1-4'], input_dim=38, len(train)=99185, len(test)=99187
[2025-12-08 10:03:43,068] [INFO] 任务类型：预测分支（forecast），context_len=90, pred_len=10
[2025-12-08 10:03:43,516] [INFO] 模型结构：
MambaTSADForecast(
  (enc_embedding): InvertedTimeEmbedding(
    (proj): Linear(in_features=90, out_features=128, bias=True)
    (dropout): Dropout(p=0.1, inplace=False)
  )
  (encoder_layers): ModuleList(
    (0-2): 3 x BiMambaBlock1D(
      (norm): LayerNorm((128,), eps=1e-05, elementwise_affine=True)
      (mamba_fwd): Mamba(
        (in_proj): Linear(in_features=128, out_features=512, bias=False)
        (conv1d): Conv1d(256, 256, kernel_size=(4,), stride=(1,), padding=(3,), groups=256)
        (act): SiLU()
        (x_proj): Linear(in_features=256, out_features=40, bias=False)
        (dt_proj): Linear(in_features=8, out_features=256, bias=True)
        (out_proj): Linear(in_features=256, out_features=128, bias=False)
      )
      (mamba_bwd): Mamba(
        (in_proj): Linear(in_features=128, out_features=512, bias=False)
        (conv1d): Conv1d(256, 256, kernel_size=(4,), stride=(1,), padding=(3,), groups=256)
        (act): SiLU()
        (x_proj): Linear(in_features=256, out_features=40, bias=False)
        (dt_proj): Linear(in_features=8, out_features=256, bias=True)
        (out_proj): Linear(in_features=256, out_features=128, bias=False)
      )
      (ffn): Sequential(
        (0): LayerNorm((128,), eps=1e-05, elementwise_affine=True)
        (1): Linear(in_features=128, out_features=512, bias=True)
        (2): GELU(approximate='none')
        (3): Dropout(p=0.1, inplace=False)
        (4): Linear(in_features=512, out_features=128, bias=True)
      )
      (dropout): Dropout(p=0.1, inplace=False)
    )
  )
  (enc_norm): LayerNorm((128,), eps=1e-05, elementwise_affine=True)
  (projector): Linear(in_features=128, out_features=10, bias=True)
)
[2025-12-08 10:03:43,517] [INFO] ========== Epoch 1/50 ==========
[2025-12-08 10:04:26,510] [INFO] 本 epoch（预测分支）平均训练损失: 0.427997
[2025-12-08 10:05:06,780] [INFO] [Eval] F1=0.8872, P=0.8260, R=0.9581, AUC=0.8891, thr=7.238392, point_adjust=True
[2025-12-08 10:05:06,798] [INFO] 发现更优模型，已保存至 ./logs/smd_forecast/best_model.pt
[2025-12-08 10:05:07,055] [INFO] 已保存可视化图：./logs/smd_forecast/scores_epoch1.png
[2025-12-08 10:05:07,055] [INFO] ========== Epoch 2/50 ==========
[2025-12-08 10:05:57,122] [INFO] 本 epoch（预测分支）平均训练损失: 0.400127
[2025-12-08 10:06:36,489] [INFO] [Eval] F1=0.8843, P=0.8174, R=0.9631, AUC=0.8852, thr=7.176913, point_adjust=True
[2025-12-08 10:06:36,735] [INFO] 已保存可视化图：./logs/smd_forecast/scores_epoch2.png
[2025-12-08 10:06:36,735] [INFO] ========== Epoch 3/50 ==========
[2025-12-08 10:07:16,594] [INFO] 本 epoch（预测分支）平均训练损失: 0.389567
[2025-12-08 10:07:56,704] [INFO] [Eval] F1=0.8857, P=0.8199, R=0.9631, AUC=0.8745, thr=7.187364, point_adjust=True
[2025-12-08 10:07:56,966] [INFO] 已保存可视化图：./logs/smd_forecast/scores_epoch3.png
[2025-12-08 10:07:56,967] [INFO] ========== Epoch 4/50 ==========
[2025-12-08 10:08:49,389] [INFO] 本 epoch（预测分支）平均训练损失: 0.377427
[2025-12-08 10:09:28,822] [INFO] [Eval] F1=0.8893, P=0.8261, R=0.9631, AUC=0.8819, thr=7.098648, point_adjust=True
[2025-12-08 10:09:28,839] [INFO] 发现更优模型，已保存至 ./logs/smd_forecast/best_model.pt
[2025-12-08 10:09:29,083] [INFO] 已保存可视化图：./logs/smd_forecast/scores_epoch4.png
[2025-12-08 10:09:29,083] [INFO] ========== Epoch 5/50 ==========
[2025-12-08 10:10:16,455] [INFO] 本 epoch（预测分支）平均训练损失: 0.367818
[2025-12-08 10:10:57,341] [INFO] [Eval] F1=0.8866, P=0.8213, R=0.9631, AUC=0.8849, thr=7.014321, point_adjust=True
[2025-12-08 10:10:57,585] [INFO] 已保存可视化图：./logs/smd_forecast/scores_epoch5.png
[2025-12-08 10:10:57,585] [INFO] ========== Epoch 6/50 ==========
[2025-12-08 10:11:48,323] [INFO] 本 epoch（预测分支）平均训练损失: 0.365677
[2025-12-08 10:12:28,276] [INFO] [Eval] F1=0.8797, P=0.8096, R=0.9631, AUC=0.8917, thr=6.749027, point_adjust=True
[2025-12-08 10:12:28,523] [INFO] 已保存可视化图：./logs/smd_forecast/scores_epoch6.png
[2025-12-08 10:12:28,523] [INFO] ========== Epoch 7/50 ==========
[2025-12-08 10:13:19,887] [INFO] 本 epoch（预测分支）平均训练损失: 0.358471
[2025-12-08 10:14:00,286] [INFO] [Eval] F1=0.8849, P=0.8184, R=0.9631, AUC=0.8783, thr=7.085508, point_adjust=True
[2025-12-08 10:14:00,863] [INFO] 已保存可视化图：./logs/smd_forecast/scores_epoch7.png
[2025-12-08 10:14:00,863] [INFO] ========== Epoch 8/50 ==========
[2025-12-08 10:14:52,625] [INFO] 本 epoch（预测分支）平均训练损失: 0.353914
[2025-12-08 10:15:32,805] [INFO] [Eval] F1=0.8875, P=0.8230, R=0.9631, AUC=0.8809, thr=6.882788, point_adjust=True
[2025-12-08 10:15:33,068] [INFO] 已保存可视化图：./logs/smd_forecast/scores_epoch8.png
[2025-12-08 10:15:33,068] [INFO] ========== Epoch 9/50 ==========
[2025-12-08 10:16:18,518] [INFO] 本 epoch（预测分支）平均训练损失: 0.353967
[2025-12-08 10:16:58,495] [INFO] [Eval] F1=0.8894, P=0.8262, R=0.9631, AUC=0.8846, thr=7.183603, point_adjust=True
[2025-12-08 10:16:58,749] [INFO] 已保存可视化图：./logs/smd_forecast/scores_epoch9.png
[2025-12-08 10:16:58,749] [INFO] ========== Epoch 10/50 ==========
[2025-12-08 10:17:40,847] [INFO] 本 epoch（预测分支）平均训练损失: 0.345721
[2025-12-08 10:18:22,278] [INFO] [Eval] F1=0.8839, P=0.8167, R=0.9631, AUC=0.8747, thr=6.884985, point_adjust=True
[2025-12-08 10:18:22,524] [INFO] 已保存可视化图：./logs/smd_forecast/scores_epoch10.png
[2025-12-08 10:18:22,524] [INFO] ========== Epoch 11/50 ==========
[2025-12-08 10:19:08,196] [INFO] 本 epoch（预测分支）平均训练损失: 0.345529
[2025-12-08 10:19:49,203] [INFO] [Eval] F1=0.8869, P=0.8218, R=0.9631, AUC=0.8776, thr=7.132812, point_adjust=True
[2025-12-08 10:19:49,449] [INFO] 已保存可视化图：./logs/smd_forecast/scores_epoch11.png
[2025-12-08 10:19:49,449] [INFO] ========== Epoch 12/50 ==========
[2025-12-08 10:20:37,165] [INFO] 本 epoch（预测分支）平均训练损失: 0.338972
[2025-12-08 10:21:16,196] [INFO] [Eval] F1=0.8841, P=0.8171, R=0.9631, AUC=0.8808, thr=6.856427, point_adjust=True
[2025-12-08 10:21:16,196] [INFO] 早停触发：连续 8 个 epoch F1 未提升，在第 12 个 epoch 停止训练。
[2025-12-08 10:21:16,196] [INFO] 训练结束，最佳 F1=0.8893, 最佳指标={'precision': 0.826055705299504, 'recall': 0.9631259166122709, 'f1': 0.8893402929575926, 'auc': 0.8818987584263546, 'threshold': 7.098647546768189, 'use_point_adjust': True}
