[2025-12-10 15:33:41,520] [INFO] 日志已写入：./logs/smap_hybrid/MambaTSAD_20251210_153341.log
[2025-12-10 15:33:41,521] [INFO] 命令行参数：Namespace(dataset='smap', processed_root='./dataset/SMAP', log_dir='./logs/smap_hybrid', branch='hybrid', win_size=100, pred_len=10, train_stride=1, test_stride=1, batch_size=64, epochs=50, lr=0.0001, weight_decay=0.0005, seed=42, no_amp=False, max_grad_norm=1.0, patience=8, lambda_recon=1.0, lambda_forecast=1.0, no_point_adjust=False, num_workers=4)
[2025-12-10 15:33:41,573] [INFO] 数据集 [smap] 构建完成，实体数量=54，input_dim=25，训练样本数=132658，测试样本数=430480
[2025-12-10 15:33:41,817] [INFO] 当前使用的设备：cuda
[2025-12-10 15:33:42,235] [INFO] 训练模式：混合模型 (hybrid)，context_len=90, pred_len=10。
[2025-12-10 15:33:42,730] [INFO] 模型结构：
MambaTSADHybrid(
  (recon_branch): MambaTSAD(
    (encoder): Linear(in_features=25, out_features=128, bias=True)
    (level1): ModuleList(
      (0-1): 2 x LSSBlockTS(
        (global_layers): ModuleList(
          (0-1): 2 x BiMambaBlock(
            (norm): LayerNorm((128,), eps=1e-05, elementwise_affine=True)
            (mamba_fwd): Mamba(
              (in_proj): Linear(in_features=128, out_features=512, bias=False)
              (conv1d): Conv1d(256, 256, kernel_size=(4,), stride=(1,), padding=(3,), groups=256)
              (act): SiLU()
              (x_proj): Linear(in_features=256, out_features=40, bias=False)
              (dt_proj): Linear(in_features=8, out_features=256, bias=True)
              (out_proj): Linear(in_features=256, out_features=128, bias=False)
            )
            (mamba_bwd): Mamba(
              (in_proj): Linear(in_features=128, out_features=512, bias=False)
              (conv1d): Conv1d(256, 256, kernel_size=(4,), stride=(1,), padding=(3,), groups=256)
              (act): SiLU()
              (x_proj): Linear(in_features=256, out_features=40, bias=False)
              (dt_proj): Linear(in_features=8, out_features=256, bias=True)
              (out_proj): Linear(in_features=256, out_features=128, bias=False)
            )
            (ffn): Sequential(
              (0): LayerNorm((128,), eps=1e-05, elementwise_affine=True)
              (1): Linear(in_features=128, out_features=512, bias=True)
              (2): GELU(approximate='none')
              (3): Dropout(p=0.1, inplace=False)
              (4): Linear(in_features=512, out_features=128, bias=True)
            )
            (dropout): Dropout(p=0.1, inplace=False)
          )
        )
        (local_branches): ModuleList(
          (0): LocalConvBlock1D(
            (block): Sequential(
              (0): Conv1d(128, 128, kernel_size=(1,), stride=(1,))
              (1): InstanceNorm1d(128, eps=1e-05, momentum=0.1, affine=False, track_running_stats=False)
              (2): SiLU()
              (3): Conv1d(128, 128, kernel_size=(5,), stride=(1,), padding=(2,), groups=128)
              (4): InstanceNorm1d(128, eps=1e-05, momentum=0.1, affine=False, track_running_stats=False)
              (5): SiLU()
              (6): Conv1d(128, 128, kernel_size=(1,), stride=(1,))
            )
          )
          (1): LocalConvBlock1D(
            (block): Sequential(
              (0): Conv1d(128, 128, kernel_size=(1,), stride=(1,))
              (1): InstanceNorm1d(128, eps=1e-05, momentum=0.1, affine=False, track_running_stats=False)
              (2): SiLU()
              (3): Conv1d(128, 128, kernel_size=(7,), stride=(1,), padding=(3,), groups=128)
              (4): InstanceNorm1d(128, eps=1e-05, momentum=0.1, affine=False, track_running_stats=False)
              (5): SiLU()
              (6): Conv1d(128, 128, kernel_size=(1,), stride=(1,))
            )
          )
        )
        (proj): Linear(in_features=384, out_features=128, bias=True)
      )
    )
    (level2): ModuleList(
      (0-1): 2 x LSSBlockTS(
        (global_layers): ModuleList(
          (0-1): 2 x BiMambaBlock(
            (norm): LayerNorm((128,), eps=1e-05, elementwise_affine=True)
            (mamba_fwd): Mamba(
              (in_proj): Linear(in_features=128, out_features=512, bias=False)
              (conv1d): Conv1d(256, 256, kernel_size=(4,), stride=(1,), padding=(3,), groups=256)
              (act): SiLU()
              (x_proj): Linear(in_features=256, out_features=40, bias=False)
              (dt_proj): Linear(in_features=8, out_features=256, bias=True)
              (out_proj): Linear(in_features=256, out_features=128, bias=False)
            )
            (mamba_bwd): Mamba(
              (in_proj): Linear(in_features=128, out_features=512, bias=False)
              (conv1d): Conv1d(256, 256, kernel_size=(4,), stride=(1,), padding=(3,), groups=256)
              (act): SiLU()
              (x_proj): Linear(in_features=256, out_features=40, bias=False)
              (dt_proj): Linear(in_features=8, out_features=256, bias=True)
              (out_proj): Linear(in_features=256, out_features=128, bias=False)
            )
            (ffn): Sequential(
              (0): LayerNorm((128,), eps=1e-05, elementwise_affine=True)
              (1): Linear(in_features=128, out_features=512, bias=True)
              (2): GELU(approximate='none')
              (3): Dropout(p=0.1, inplace=False)
              (4): Linear(in_features=512, out_features=128, bias=True)
            )
            (dropout): Dropout(p=0.1, inplace=False)
          )
        )
        (local_branches): ModuleList(
          (0): LocalConvBlock1D(
            (block): Sequential(
              (0): Conv1d(128, 128, kernel_size=(1,), stride=(1,))
              (1): InstanceNorm1d(128, eps=1e-05, momentum=0.1, affine=False, track_running_stats=False)
              (2): SiLU()
              (3): Conv1d(128, 128, kernel_size=(5,), stride=(1,), padding=(2,), groups=128)
              (4): InstanceNorm1d(128, eps=1e-05, momentum=0.1, affine=False, track_running_stats=False)
              (5): SiLU()
              (6): Conv1d(128, 128, kernel_size=(1,), stride=(1,))
            )
          )
          (1): LocalConvBlock1D(
            (block): Sequential(
              (0): Conv1d(128, 128, kernel_size=(1,), stride=(1,))
              (1): InstanceNorm1d(128, eps=1e-05, momentum=0.1, affine=False, track_running_stats=False)
              (2): SiLU()
              (3): Conv1d(128, 128, kernel_size=(7,), stride=(1,), padding=(3,), groups=128)
              (4): InstanceNorm1d(128, eps=1e-05, momentum=0.1, affine=False, track_running_stats=False)
              (5): SiLU()
              (6): Conv1d(128, 128, kernel_size=(1,), stride=(1,))
            )
          )
        )
        (proj): Linear(in_features=384, out_features=128, bias=True)
      )
    )
    (level3): ModuleList(
      (0-1): 2 x LSSBlockTS(
        (global_layers): ModuleList(
          (0-1): 2 x BiMambaBlock(
            (norm): LayerNorm((128,), eps=1e-05, elementwise_affine=True)
            (mamba_fwd): Mamba(
              (in_proj): Linear(in_features=128, out_features=512, bias=False)
              (conv1d): Conv1d(256, 256, kernel_size=(4,), stride=(1,), padding=(3,), groups=256)
              (act): SiLU()
              (x_proj): Linear(in_features=256, out_features=40, bias=False)
              (dt_proj): Linear(in_features=8, out_features=256, bias=True)
              (out_proj): Linear(in_features=256, out_features=128, bias=False)
            )
            (mamba_bwd): Mamba(
              (in_proj): Linear(in_features=128, out_features=512, bias=False)
              (conv1d): Conv1d(256, 256, kernel_size=(4,), stride=(1,), padding=(3,), groups=256)
              (act): SiLU()
              (x_proj): Linear(in_features=256, out_features=40, bias=False)
              (dt_proj): Linear(in_features=8, out_features=256, bias=True)
              (out_proj): Linear(in_features=256, out_features=128, bias=False)
            )
            (ffn): Sequential(
              (0): LayerNorm((128,), eps=1e-05, elementwise_affine=True)
              (1): Linear(in_features=128, out_features=512, bias=True)
              (2): GELU(approximate='none')
              (3): Dropout(p=0.1, inplace=False)
              (4): Linear(in_features=512, out_features=128, bias=True)
            )
            (dropout): Dropout(p=0.1, inplace=False)
          )
        )
        (local_branches): ModuleList(
          (0): LocalConvBlock1D(
            (block): Sequential(
              (0): Conv1d(128, 128, kernel_size=(1,), stride=(1,))
              (1): InstanceNorm1d(128, eps=1e-05, momentum=0.1, affine=False, track_running_stats=False)
              (2): SiLU()
              (3): Conv1d(128, 128, kernel_size=(5,), stride=(1,), padding=(2,), groups=128)
              (4): InstanceNorm1d(128, eps=1e-05, momentum=0.1, affine=False, track_running_stats=False)
              (5): SiLU()
              (6): Conv1d(128, 128, kernel_size=(1,), stride=(1,))
            )
          )
          (1): LocalConvBlock1D(
            (block): Sequential(
              (0): Conv1d(128, 128, kernel_size=(1,), stride=(1,))
              (1): InstanceNorm1d(128, eps=1e-05, momentum=0.1, affine=False, track_running_stats=False)
              (2): SiLU()
              (3): Conv1d(128, 128, kernel_size=(7,), stride=(1,), padding=(3,), groups=128)
              (4): InstanceNorm1d(128, eps=1e-05, momentum=0.1, affine=False, track_running_stats=False)
              (5): SiLU()
              (6): Conv1d(128, 128, kernel_size=(1,), stride=(1,))
            )
          )
        )
        (proj): Linear(in_features=384, out_features=128, bias=True)
      )
    )
    (decoder): Linear(in_features=128, out_features=25, bias=True)
  )
  (forecast_branch): MambaTSADForecast(
    (enc_embedding): InvertedTimeEmbedding(
      (proj): Linear(in_features=90, out_features=128, bias=True)
      (dropout): Dropout(p=0.1, inplace=False)
    )
    (encoder_layers): ModuleList(
      (0-2): 3 x BiMambaBlock1D(
        (norm): LayerNorm((128,), eps=1e-05, elementwise_affine=True)
        (mamba_fwd): Mamba(
          (in_proj): Linear(in_features=128, out_features=512, bias=False)
          (conv1d): Conv1d(256, 256, kernel_size=(4,), stride=(1,), padding=(3,), groups=256)
          (act): SiLU()
          (x_proj): Linear(in_features=256, out_features=40, bias=False)
          (dt_proj): Linear(in_features=8, out_features=256, bias=True)
          (out_proj): Linear(in_features=256, out_features=128, bias=False)
        )
        (mamba_bwd): Mamba(
          (in_proj): Linear(in_features=128, out_features=512, bias=False)
          (conv1d): Conv1d(256, 256, kernel_size=(4,), stride=(1,), padding=(3,), groups=256)
          (act): SiLU()
          (x_proj): Linear(in_features=256, out_features=40, bias=False)
          (dt_proj): Linear(in_features=8, out_features=256, bias=True)
          (out_proj): Linear(in_features=256, out_features=128, bias=False)
        )
        (ffn): Sequential(
          (0): LayerNorm((128,), eps=1e-05, elementwise_affine=True)
          (1): Linear(in_features=128, out_features=512, bias=True)
          (2): GELU(approximate='none')
          (3): Dropout(p=0.1, inplace=False)
          (4): Linear(in_features=512, out_features=128, bias=True)
        )
        (dropout): Dropout(p=0.1, inplace=False)
      )
    )
    (enc_norm): LayerNorm((128,), eps=1e-05, elementwise_affine=True)
    (projector): Linear(in_features=128, out_features=10, bias=True)
  )
)
[2025-12-10 15:33:42,731] [INFO] ========== Epoch 1/50 (hybrid) ==========
