[2025-12-12 17:26:07,791] [INFO] 日志已写入：./logs/smap_hybrid/MambaTSAD_20251212_172607.log
[2025-12-12 17:26:07,793] [INFO] 命令行参数：Namespace(dataset='smap', processed_root='./dataset/SMAP', log_dir='./logs/smap_hybrid', branch='hybrid', win_size=100, pred_len=10, train_stride=1, test_stride=1, batch_size=64, epochs=50, lr=0.0001, weight_decay=0.0005, seed=42, no_amp=False, max_grad_norm=1.0, patience=8, lambda_recon=1.0, lambda_forecast=1.0, no_point_adjust=False, num_workers=4)
[2025-12-12 17:26:07,902] [INFO] 数据集 [smap] 构建完成，实体数量=54，input_dim=25，训练样本数=132658，测试样本数=430480
[2025-12-12 17:26:08,151] [INFO] 当前使用的设备：cuda
[2025-12-12 17:26:08,573] [INFO] 训练模式：混合模型 (hybrid)，context_len=90, pred_len=10。
[2025-12-12 17:26:09,113] [INFO] 模型结构：
MambaTSADHybrid(
  (recon_branch): MambaTSAD(
    (encoder): Linear(in_features=25, out_features=128, bias=True)
    (level1): ModuleList(
      (0-1): 2 x LSSBlockTS(
        (global_layers): ModuleList(
          (0-1): 2 x BiMambaBlock(
            (norm): LayerNorm((128,), eps=1e-05, elementwise_affine=True)
            (mamba_fwd): Mamba(
              (in_proj): Linear(in_features=128, out_features=512, bias=False)
              (conv1d): Conv1d(256, 256, kernel_size=(4,), stride=(1,), padding=(3,), groups=256)
              (act): SiLU()
              (x_proj): Linear(in_features=256, out_features=40, bias=False)
              (dt_proj): Linear(in_features=8, out_features=256, bias=True)
              (out_proj): Linear(in_features=256, out_features=128, bias=False)
            )
            (mamba_bwd): Mamba(
              (in_proj): Linear(in_features=128, out_features=512, bias=False)
              (conv1d): Conv1d(256, 256, kernel_size=(4,), stride=(1,), padding=(3,), groups=256)
              (act): SiLU()
              (x_proj): Linear(in_features=256, out_features=40, bias=False)
              (dt_proj): Linear(in_features=8, out_features=256, bias=True)
              (out_proj): Linear(in_features=256, out_features=128, bias=False)
            )
            (ffn): Sequential(
              (0): LayerNorm((128,), eps=1e-05, elementwise_affine=True)
              (1): Linear(in_features=128, out_features=512, bias=True)
              (2): GELU(approximate='none')
              (3): Dropout(p=0.1, inplace=False)
              (4): Linear(in_features=512, out_features=128, bias=True)
            )
            (dropout): Dropout(p=0.1, inplace=False)
          )
        )
        (local_branches): ModuleList(
          (0): LocalConvBlock1D(
            (block): Sequential(
              (0): Conv1d(128, 128, kernel_size=(1,), stride=(1,))
              (1): InstanceNorm1d(128, eps=1e-05, momentum=0.1, affine=False, track_running_stats=False)
              (2): SiLU()
              (3): Conv1d(128, 128, kernel_size=(5,), stride=(1,), padding=(2,), groups=128)
              (4): InstanceNorm1d(128, eps=1e-05, momentum=0.1, affine=False, track_running_stats=False)
              (5): SiLU()
              (6): Conv1d(128, 128, kernel_size=(1,), stride=(1,))
            )
          )
          (1): LocalConvBlock1D(
            (block): Sequential(
              (0): Conv1d(128, 128, kernel_size=(1,), stride=(1,))
              (1): InstanceNorm1d(128, eps=1e-05, momentum=0.1, affine=False, track_running_stats=False)
              (2): SiLU()
              (3): Conv1d(128, 128, kernel_size=(7,), stride=(1,), padding=(3,), groups=128)
              (4): InstanceNorm1d(128, eps=1e-05, momentum=0.1, affine=False, track_running_stats=False)
              (5): SiLU()
              (6): Conv1d(128, 128, kernel_size=(1,), stride=(1,))
            )
          )
        )
        (proj): Linear(in_features=384, out_features=128, bias=True)
      )
    )
    (level2): ModuleList(
      (0-1): 2 x LSSBlockTS(
        (global_layers): ModuleList(
          (0-1): 2 x BiMambaBlock(
            (norm): LayerNorm((128,), eps=1e-05, elementwise_affine=True)
            (mamba_fwd): Mamba(
              (in_proj): Linear(in_features=128, out_features=512, bias=False)
              (conv1d): Conv1d(256, 256, kernel_size=(4,), stride=(1,), padding=(3,), groups=256)
              (act): SiLU()
              (x_proj): Linear(in_features=256, out_features=40, bias=False)
              (dt_proj): Linear(in_features=8, out_features=256, bias=True)
              (out_proj): Linear(in_features=256, out_features=128, bias=False)
            )
            (mamba_bwd): Mamba(
              (in_proj): Linear(in_features=128, out_features=512, bias=False)
              (conv1d): Conv1d(256, 256, kernel_size=(4,), stride=(1,), padding=(3,), groups=256)
              (act): SiLU()
              (x_proj): Linear(in_features=256, out_features=40, bias=False)
              (dt_proj): Linear(in_features=8, out_features=256, bias=True)
              (out_proj): Linear(in_features=256, out_features=128, bias=False)
            )
            (ffn): Sequential(
              (0): LayerNorm((128,), eps=1e-05, elementwise_affine=True)
              (1): Linear(in_features=128, out_features=512, bias=True)
              (2): GELU(approximate='none')
              (3): Dropout(p=0.1, inplace=False)
              (4): Linear(in_features=512, out_features=128, bias=True)
            )
            (dropout): Dropout(p=0.1, inplace=False)
          )
        )
        (local_branches): ModuleList(
          (0): LocalConvBlock1D(
            (block): Sequential(
              (0): Conv1d(128, 128, kernel_size=(1,), stride=(1,))
              (1): InstanceNorm1d(128, eps=1e-05, momentum=0.1, affine=False, track_running_stats=False)
              (2): SiLU()
              (3): Conv1d(128, 128, kernel_size=(5,), stride=(1,), padding=(2,), groups=128)
              (4): InstanceNorm1d(128, eps=1e-05, momentum=0.1, affine=False, track_running_stats=False)
              (5): SiLU()
              (6): Conv1d(128, 128, kernel_size=(1,), stride=(1,))
            )
          )
          (1): LocalConvBlock1D(
            (block): Sequential(
              (0): Conv1d(128, 128, kernel_size=(1,), stride=(1,))
              (1): InstanceNorm1d(128, eps=1e-05, momentum=0.1, affine=False, track_running_stats=False)
              (2): SiLU()
              (3): Conv1d(128, 128, kernel_size=(7,), stride=(1,), padding=(3,), groups=128)
              (4): InstanceNorm1d(128, eps=1e-05, momentum=0.1, affine=False, track_running_stats=False)
              (5): SiLU()
              (6): Conv1d(128, 128, kernel_size=(1,), stride=(1,))
            )
          )
        )
        (proj): Linear(in_features=384, out_features=128, bias=True)
      )
    )
    (level3): ModuleList(
      (0-1): 2 x LSSBlockTS(
        (global_layers): ModuleList(
          (0-1): 2 x BiMambaBlock(
            (norm): LayerNorm((128,), eps=1e-05, elementwise_affine=True)
            (mamba_fwd): Mamba(
              (in_proj): Linear(in_features=128, out_features=512, bias=False)
              (conv1d): Conv1d(256, 256, kernel_size=(4,), stride=(1,), padding=(3,), groups=256)
              (act): SiLU()
              (x_proj): Linear(in_features=256, out_features=40, bias=False)
              (dt_proj): Linear(in_features=8, out_features=256, bias=True)
              (out_proj): Linear(in_features=256, out_features=128, bias=False)
            )
            (mamba_bwd): Mamba(
              (in_proj): Linear(in_features=128, out_features=512, bias=False)
              (conv1d): Conv1d(256, 256, kernel_size=(4,), stride=(1,), padding=(3,), groups=256)
              (act): SiLU()
              (x_proj): Linear(in_features=256, out_features=40, bias=False)
              (dt_proj): Linear(in_features=8, out_features=256, bias=True)
              (out_proj): Linear(in_features=256, out_features=128, bias=False)
            )
            (ffn): Sequential(
              (0): LayerNorm((128,), eps=1e-05, elementwise_affine=True)
              (1): Linear(in_features=128, out_features=512, bias=True)
              (2): GELU(approximate='none')
              (3): Dropout(p=0.1, inplace=False)
              (4): Linear(in_features=512, out_features=128, bias=True)
            )
            (dropout): Dropout(p=0.1, inplace=False)
          )
        )
        (local_branches): ModuleList(
          (0): LocalConvBlock1D(
            (block): Sequential(
              (0): Conv1d(128, 128, kernel_size=(1,), stride=(1,))
              (1): InstanceNorm1d(128, eps=1e-05, momentum=0.1, affine=False, track_running_stats=False)
              (2): SiLU()
              (3): Conv1d(128, 128, kernel_size=(5,), stride=(1,), padding=(2,), groups=128)
              (4): InstanceNorm1d(128, eps=1e-05, momentum=0.1, affine=False, track_running_stats=False)
              (5): SiLU()
              (6): Conv1d(128, 128, kernel_size=(1,), stride=(1,))
            )
          )
          (1): LocalConvBlock1D(
            (block): Sequential(
              (0): Conv1d(128, 128, kernel_size=(1,), stride=(1,))
              (1): InstanceNorm1d(128, eps=1e-05, momentum=0.1, affine=False, track_running_stats=False)
              (2): SiLU()
              (3): Conv1d(128, 128, kernel_size=(7,), stride=(1,), padding=(3,), groups=128)
              (4): InstanceNorm1d(128, eps=1e-05, momentum=0.1, affine=False, track_running_stats=False)
              (5): SiLU()
              (6): Conv1d(128, 128, kernel_size=(1,), stride=(1,))
            )
          )
        )
        (proj): Linear(in_features=384, out_features=128, bias=True)
      )
    )
    (decoder): Linear(in_features=128, out_features=25, bias=True)
  )
  (forecast_branch): MambaTSADForecast(
    (enc_embedding): InvertedTimeEmbedding(
      (proj): Linear(in_features=90, out_features=128, bias=True)
      (dropout): Dropout(p=0.1, inplace=False)
    )
    (encoder_layers): ModuleList(
      (0-2): 3 x BiMambaBlock1D(
        (norm): LayerNorm((128,), eps=1e-05, elementwise_affine=True)
        (mamba_fwd): Mamba(
          (in_proj): Linear(in_features=128, out_features=512, bias=False)
          (conv1d): Conv1d(256, 256, kernel_size=(4,), stride=(1,), padding=(3,), groups=256)
          (act): SiLU()
          (x_proj): Linear(in_features=256, out_features=40, bias=False)
          (dt_proj): Linear(in_features=8, out_features=256, bias=True)
          (out_proj): Linear(in_features=256, out_features=128, bias=False)
        )
        (mamba_bwd): Mamba(
          (in_proj): Linear(in_features=128, out_features=512, bias=False)
          (conv1d): Conv1d(256, 256, kernel_size=(4,), stride=(1,), padding=(3,), groups=256)
          (act): SiLU()
          (x_proj): Linear(in_features=256, out_features=40, bias=False)
          (dt_proj): Linear(in_features=8, out_features=256, bias=True)
          (out_proj): Linear(in_features=256, out_features=128, bias=False)
        )
        (ffn): Sequential(
          (0): LayerNorm((128,), eps=1e-05, elementwise_affine=True)
          (1): Linear(in_features=128, out_features=512, bias=True)
          (2): GELU(approximate='none')
          (3): Dropout(p=0.1, inplace=False)
          (4): Linear(in_features=512, out_features=128, bias=True)
        )
        (dropout): Dropout(p=0.1, inplace=False)
      )
    )
    (enc_norm): LayerNorm((128,), eps=1e-05, elementwise_affine=True)
    (projector): Linear(in_features=128, out_features=10, bias=True)
  )
)
[2025-12-12 17:26:09,114] [INFO] ========== Epoch 1/50 (hybrid) ==========
[2025-12-12 17:30:00,352] [INFO] [Epoch 1] 混合模型训练损失: total=0.946134, recon=0.322055, forecast=0.624080
[2025-12-12 17:32:43,939] [INFO] [Eval-recon] F1=0.0000, P=0.0000, R=0.0000, AUC=0.5000, thr=0.000000, need_flip=False, dir=greater, point_adjust=True
[2025-12-12 17:32:43,942] [INFO] [Eval-forecast] F1=0.0000, P=0.0000, R=0.0000, AUC=0.5000, thr=0.000000, need_flip=False, dir=greater, point_adjust=True
[2025-12-12 17:32:44,103] [INFO] [Eval-hybrid] F1=0.2276, P=0.1284, R=1.0000, AUC=0.5000, thr=0.000000, need_flip=False, dir=greater, point_adjust=True; recon_F1=0.0000, forecast_F1=0.0000
[2025-12-12 17:32:44,346] [INFO] 已保存可视化图：./logs/smap_hybrid/scores_epoch1_hybrid.png
[2025-12-12 17:32:44,461] [INFO] 发现更优模型 (F1=0.2276)，已保存至 ./logs/smap_hybrid/best_model.pt
[2025-12-12 17:32:44,461] [INFO] ========== Epoch 2/50 (hybrid) ==========
[2025-12-12 17:36:32,203] [INFO] [Epoch 2] 混合模型训练损失: total=1.165808, recon=0.575691, forecast=0.590116
[2025-12-12 17:39:31,320] [INFO] [Eval-recon] F1=0.0000, P=0.0000, R=0.0000, AUC=0.5000, thr=0.000000, need_flip=False, dir=greater, point_adjust=True
[2025-12-12 17:39:31,323] [INFO] [Eval-forecast] F1=0.0000, P=0.0000, R=0.0000, AUC=0.5000, thr=0.000000, need_flip=False, dir=greater, point_adjust=True
[2025-12-12 17:39:31,474] [INFO] [Eval-hybrid] F1=0.2276, P=0.1284, R=1.0000, AUC=0.5000, thr=0.000000, need_flip=False, dir=greater, point_adjust=True; recon_F1=0.0000, forecast_F1=0.0000
[2025-12-12 17:39:31,703] [INFO] 已保存可视化图：./logs/smap_hybrid/scores_epoch2_hybrid.png
[2025-12-12 17:39:31,704] [INFO] 当前 F1=0.2276，已连续 1 个 epoch 未提升。
[2025-12-12 17:39:31,704] [INFO] ========== Epoch 3/50 (hybrid) ==========
[2025-12-12 17:43:17,780] [INFO] [Epoch 3] 混合模型训练损失: total=1.165907, recon=0.575664, forecast=0.590243
[2025-12-12 17:46:03,094] [INFO] [Eval-recon] F1=0.0000, P=0.0000, R=0.0000, AUC=0.5000, thr=0.000000, need_flip=False, dir=greater, point_adjust=True
[2025-12-12 17:46:03,097] [INFO] [Eval-forecast] F1=0.0000, P=0.0000, R=0.0000, AUC=0.5000, thr=0.000000, need_flip=False, dir=greater, point_adjust=True
[2025-12-12 17:46:03,241] [INFO] [Eval-hybrid] F1=0.2276, P=0.1284, R=1.0000, AUC=0.5000, thr=0.000000, need_flip=False, dir=greater, point_adjust=True; recon_F1=0.0000, forecast_F1=0.0000
[2025-12-12 17:46:03,468] [INFO] 已保存可视化图：./logs/smap_hybrid/scores_epoch3_hybrid.png
[2025-12-12 17:46:03,468] [INFO] 当前 F1=0.2276，已连续 2 个 epoch 未提升。
[2025-12-12 17:46:03,469] [INFO] ========== Epoch 4/50 (hybrid) ==========
[2025-12-12 17:49:47,945] [INFO] [Epoch 4] 混合模型训练损失: total=1.165788, recon=0.575697, forecast=0.590091
[2025-12-12 17:52:33,027] [INFO] [Eval-recon] F1=0.0000, P=0.0000, R=0.0000, AUC=0.5000, thr=0.000000, need_flip=False, dir=greater, point_adjust=True
[2025-12-12 17:52:33,030] [INFO] [Eval-forecast] F1=0.0000, P=0.0000, R=0.0000, AUC=0.5000, thr=0.000000, need_flip=False, dir=greater, point_adjust=True
[2025-12-12 17:52:33,175] [INFO] [Eval-hybrid] F1=0.2276, P=0.1284, R=1.0000, AUC=0.5000, thr=0.000000, need_flip=False, dir=greater, point_adjust=True; recon_F1=0.0000, forecast_F1=0.0000
[2025-12-12 17:52:33,399] [INFO] 已保存可视化图：./logs/smap_hybrid/scores_epoch4_hybrid.png
[2025-12-12 17:52:33,399] [INFO] 当前 F1=0.2276，已连续 3 个 epoch 未提升。
[2025-12-12 17:52:33,399] [INFO] ========== Epoch 5/50 (hybrid) ==========
[2025-12-12 17:56:21,179] [INFO] [Epoch 5] 混合模型训练损失: total=1.165699, recon=0.575691, forecast=0.590008
[2025-12-12 17:59:24,839] [INFO] [Eval-recon] F1=0.0000, P=0.0000, R=0.0000, AUC=0.5000, thr=0.000000, need_flip=False, dir=greater, point_adjust=True
[2025-12-12 17:59:24,842] [INFO] [Eval-forecast] F1=0.0000, P=0.0000, R=0.0000, AUC=0.5000, thr=0.000000, need_flip=False, dir=greater, point_adjust=True
[2025-12-12 17:59:24,992] [INFO] [Eval-hybrid] F1=0.2276, P=0.1284, R=1.0000, AUC=0.5000, thr=0.000000, need_flip=False, dir=greater, point_adjust=True; recon_F1=0.0000, forecast_F1=0.0000
[2025-12-12 17:59:25,218] [INFO] 已保存可视化图：./logs/smap_hybrid/scores_epoch5_hybrid.png
[2025-12-12 17:59:25,219] [INFO] 当前 F1=0.2276，已连续 4 个 epoch 未提升。
[2025-12-12 17:59:25,219] [INFO] ========== Epoch 6/50 (hybrid) ==========
[2025-12-12 18:03:12,229] [INFO] [Epoch 6] 混合模型训练损失: total=1.165611, recon=0.575625, forecast=0.589986
[2025-12-12 18:07:21,679] [INFO] [Eval-recon] F1=0.0000, P=0.0000, R=0.0000, AUC=0.5000, thr=0.000000, need_flip=False, dir=greater, point_adjust=True
[2025-12-12 18:07:21,681] [INFO] [Eval-forecast] F1=0.0000, P=0.0000, R=0.0000, AUC=0.5000, thr=0.000000, need_flip=False, dir=greater, point_adjust=True
[2025-12-12 18:07:21,997] [INFO] [Eval-hybrid] F1=0.2276, P=0.1284, R=1.0000, AUC=0.5000, thr=0.000000, need_flip=False, dir=greater, point_adjust=True; recon_F1=0.0000, forecast_F1=0.0000
[2025-12-12 18:07:22,603] [INFO] 已保存可视化图：./logs/smap_hybrid/scores_epoch6_hybrid.png
[2025-12-12 18:07:22,604] [INFO] 当前 F1=0.2276，已连续 5 个 epoch 未提升。
[2025-12-12 18:07:22,604] [INFO] ========== Epoch 7/50 (hybrid) ==========
