[2025-12-09 20:36:26,579] [INFO] 日志已写入：./logs/swat_hybrid/MambaTSAD_20251209_203626.log
[2025-12-09 20:36:26,580] [INFO] 命令行参数：Namespace(dataset='swat', processed_root='./dataset/SWaT', log_dir='./logs/swat_hybrid', branch='hybrid', win_size=100, pred_len=10, train_stride=1, test_stride=1, batch_size=64, epochs=50, lr=0.0001, weight_decay=0.0005, seed=42, no_amp=False, max_grad_norm=1.0, patience=8, lambda_recon=1.0, lambda_forecast=1.0, no_point_adjust=False, num_workers=4)
[2025-12-09 20:36:27,108] [INFO] 数据集 [swat] 构建完成，实体数量=1，input_dim=51，训练样本数=494901，测试样本数=449820
[2025-12-09 20:36:27,680] [INFO] 当前使用的设备：cuda
[2025-12-09 20:36:28,091] [INFO] 训练模式：混合模型 (hybrid)，context_len=90, pred_len=10。
[2025-12-09 20:36:31,710] [INFO] 模型结构：
MambaTSADHybrid(
  (recon_branch): MambaTSAD(
    (encoder): Linear(in_features=51, out_features=128, bias=True)
    (level1): ModuleList(
      (0-1): 2 x LSSBlockTS(
        (global_layers): ModuleList(
          (0-1): 2 x BiMambaBlock(
            (norm): LayerNorm((128,), eps=1e-05, elementwise_affine=True)
            (mamba_fwd): Mamba(
              (in_proj): Linear(in_features=128, out_features=512, bias=False)
              (conv1d): Conv1d(256, 256, kernel_size=(4,), stride=(1,), padding=(3,), groups=256)
              (act): SiLU()
              (x_proj): Linear(in_features=256, out_features=40, bias=False)
              (dt_proj): Linear(in_features=8, out_features=256, bias=True)
              (out_proj): Linear(in_features=256, out_features=128, bias=False)
            )
            (mamba_bwd): Mamba(
              (in_proj): Linear(in_features=128, out_features=512, bias=False)
              (conv1d): Conv1d(256, 256, kernel_size=(4,), stride=(1,), padding=(3,), groups=256)
              (act): SiLU()
              (x_proj): Linear(in_features=256, out_features=40, bias=False)
              (dt_proj): Linear(in_features=8, out_features=256, bias=True)
              (out_proj): Linear(in_features=256, out_features=128, bias=False)
            )
            (ffn): Sequential(
              (0): LayerNorm((128,), eps=1e-05, elementwise_affine=True)
              (1): Linear(in_features=128, out_features=512, bias=True)
              (2): GELU(approximate='none')
              (3): Dropout(p=0.1, inplace=False)
              (4): Linear(in_features=512, out_features=128, bias=True)
            )
            (dropout): Dropout(p=0.1, inplace=False)
          )
        )
        (local_branches): ModuleList(
          (0): LocalConvBlock1D(
            (block): Sequential(
              (0): Conv1d(128, 128, kernel_size=(1,), stride=(1,))
              (1): InstanceNorm1d(128, eps=1e-05, momentum=0.1, affine=False, track_running_stats=False)
              (2): SiLU()
              (3): Conv1d(128, 128, kernel_size=(5,), stride=(1,), padding=(2,), groups=128)
              (4): InstanceNorm1d(128, eps=1e-05, momentum=0.1, affine=False, track_running_stats=False)
              (5): SiLU()
              (6): Conv1d(128, 128, kernel_size=(1,), stride=(1,))
            )
          )
          (1): LocalConvBlock1D(
            (block): Sequential(
              (0): Conv1d(128, 128, kernel_size=(1,), stride=(1,))
              (1): InstanceNorm1d(128, eps=1e-05, momentum=0.1, affine=False, track_running_stats=False)
              (2): SiLU()
              (3): Conv1d(128, 128, kernel_size=(7,), stride=(1,), padding=(3,), groups=128)
              (4): InstanceNorm1d(128, eps=1e-05, momentum=0.1, affine=False, track_running_stats=False)
              (5): SiLU()
              (6): Conv1d(128, 128, kernel_size=(1,), stride=(1,))
            )
          )
        )
        (proj): Linear(in_features=384, out_features=128, bias=True)
      )
    )
    (level2): ModuleList(
      (0-1): 2 x LSSBlockTS(
        (global_layers): ModuleList(
          (0-1): 2 x BiMambaBlock(
            (norm): LayerNorm((128,), eps=1e-05, elementwise_affine=True)
            (mamba_fwd): Mamba(
              (in_proj): Linear(in_features=128, out_features=512, bias=False)
              (conv1d): Conv1d(256, 256, kernel_size=(4,), stride=(1,), padding=(3,), groups=256)
              (act): SiLU()
              (x_proj): Linear(in_features=256, out_features=40, bias=False)
              (dt_proj): Linear(in_features=8, out_features=256, bias=True)
              (out_proj): Linear(in_features=256, out_features=128, bias=False)
            )
            (mamba_bwd): Mamba(
              (in_proj): Linear(in_features=128, out_features=512, bias=False)
              (conv1d): Conv1d(256, 256, kernel_size=(4,), stride=(1,), padding=(3,), groups=256)
              (act): SiLU()
              (x_proj): Linear(in_features=256, out_features=40, bias=False)
              (dt_proj): Linear(in_features=8, out_features=256, bias=True)
              (out_proj): Linear(in_features=256, out_features=128, bias=False)
            )
            (ffn): Sequential(
              (0): LayerNorm((128,), eps=1e-05, elementwise_affine=True)
              (1): Linear(in_features=128, out_features=512, bias=True)
              (2): GELU(approximate='none')
              (3): Dropout(p=0.1, inplace=False)
              (4): Linear(in_features=512, out_features=128, bias=True)
            )
            (dropout): Dropout(p=0.1, inplace=False)
          )
        )
        (local_branches): ModuleList(
          (0): LocalConvBlock1D(
            (block): Sequential(
              (0): Conv1d(128, 128, kernel_size=(1,), stride=(1,))
              (1): InstanceNorm1d(128, eps=1e-05, momentum=0.1, affine=False, track_running_stats=False)
              (2): SiLU()
              (3): Conv1d(128, 128, kernel_size=(5,), stride=(1,), padding=(2,), groups=128)
              (4): InstanceNorm1d(128, eps=1e-05, momentum=0.1, affine=False, track_running_stats=False)
              (5): SiLU()
              (6): Conv1d(128, 128, kernel_size=(1,), stride=(1,))
            )
          )
          (1): LocalConvBlock1D(
            (block): Sequential(
              (0): Conv1d(128, 128, kernel_size=(1,), stride=(1,))
              (1): InstanceNorm1d(128, eps=1e-05, momentum=0.1, affine=False, track_running_stats=False)
              (2): SiLU()
              (3): Conv1d(128, 128, kernel_size=(7,), stride=(1,), padding=(3,), groups=128)
              (4): InstanceNorm1d(128, eps=1e-05, momentum=0.1, affine=False, track_running_stats=False)
              (5): SiLU()
              (6): Conv1d(128, 128, kernel_size=(1,), stride=(1,))
            )
          )
        )
        (proj): Linear(in_features=384, out_features=128, bias=True)
      )
    )
    (level3): ModuleList(
      (0-1): 2 x LSSBlockTS(
        (global_layers): ModuleList(
          (0-1): 2 x BiMambaBlock(
            (norm): LayerNorm((128,), eps=1e-05, elementwise_affine=True)
            (mamba_fwd): Mamba(
              (in_proj): Linear(in_features=128, out_features=512, bias=False)
              (conv1d): Conv1d(256, 256, kernel_size=(4,), stride=(1,), padding=(3,), groups=256)
              (act): SiLU()
              (x_proj): Linear(in_features=256, out_features=40, bias=False)
              (dt_proj): Linear(in_features=8, out_features=256, bias=True)
              (out_proj): Linear(in_features=256, out_features=128, bias=False)
            )
            (mamba_bwd): Mamba(
              (in_proj): Linear(in_features=128, out_features=512, bias=False)
              (conv1d): Conv1d(256, 256, kernel_size=(4,), stride=(1,), padding=(3,), groups=256)
              (act): SiLU()
              (x_proj): Linear(in_features=256, out_features=40, bias=False)
              (dt_proj): Linear(in_features=8, out_features=256, bias=True)
              (out_proj): Linear(in_features=256, out_features=128, bias=False)
            )
            (ffn): Sequential(
              (0): LayerNorm((128,), eps=1e-05, elementwise_affine=True)
              (1): Linear(in_features=128, out_features=512, bias=True)
              (2): GELU(approximate='none')
              (3): Dropout(p=0.1, inplace=False)
              (4): Linear(in_features=512, out_features=128, bias=True)
            )
            (dropout): Dropout(p=0.1, inplace=False)
          )
        )
        (local_branches): ModuleList(
          (0): LocalConvBlock1D(
            (block): Sequential(
              (0): Conv1d(128, 128, kernel_size=(1,), stride=(1,))
              (1): InstanceNorm1d(128, eps=1e-05, momentum=0.1, affine=False, track_running_stats=False)
              (2): SiLU()
              (3): Conv1d(128, 128, kernel_size=(5,), stride=(1,), padding=(2,), groups=128)
              (4): InstanceNorm1d(128, eps=1e-05, momentum=0.1, affine=False, track_running_stats=False)
              (5): SiLU()
              (6): Conv1d(128, 128, kernel_size=(1,), stride=(1,))
            )
          )
          (1): LocalConvBlock1D(
            (block): Sequential(
              (0): Conv1d(128, 128, kernel_size=(1,), stride=(1,))
              (1): InstanceNorm1d(128, eps=1e-05, momentum=0.1, affine=False, track_running_stats=False)
              (2): SiLU()
              (3): Conv1d(128, 128, kernel_size=(7,), stride=(1,), padding=(3,), groups=128)
              (4): InstanceNorm1d(128, eps=1e-05, momentum=0.1, affine=False, track_running_stats=False)
              (5): SiLU()
              (6): Conv1d(128, 128, kernel_size=(1,), stride=(1,))
            )
          )
        )
        (proj): Linear(in_features=384, out_features=128, bias=True)
      )
    )
    (decoder): Linear(in_features=128, out_features=51, bias=True)
  )
  (forecast_branch): MambaTSADForecast(
    (enc_embedding): InvertedTimeEmbedding(
      (proj): Linear(in_features=90, out_features=128, bias=True)
      (dropout): Dropout(p=0.1, inplace=False)
    )
    (encoder_layers): ModuleList(
      (0-2): 3 x BiMambaBlock1D(
        (norm): LayerNorm((128,), eps=1e-05, elementwise_affine=True)
        (mamba_fwd): Mamba(
          (in_proj): Linear(in_features=128, out_features=512, bias=False)
          (conv1d): Conv1d(256, 256, kernel_size=(4,), stride=(1,), padding=(3,), groups=256)
          (act): SiLU()
          (x_proj): Linear(in_features=256, out_features=40, bias=False)
          (dt_proj): Linear(in_features=8, out_features=256, bias=True)
          (out_proj): Linear(in_features=256, out_features=128, bias=False)
        )
        (mamba_bwd): Mamba(
          (in_proj): Linear(in_features=128, out_features=512, bias=False)
          (conv1d): Conv1d(256, 256, kernel_size=(4,), stride=(1,), padding=(3,), groups=256)
          (act): SiLU()
          (x_proj): Linear(in_features=256, out_features=40, bias=False)
          (dt_proj): Linear(in_features=8, out_features=256, bias=True)
          (out_proj): Linear(in_features=256, out_features=128, bias=False)
        )
        (ffn): Sequential(
          (0): LayerNorm((128,), eps=1e-05, elementwise_affine=True)
          (1): Linear(in_features=128, out_features=512, bias=True)
          (2): GELU(approximate='none')
          (3): Dropout(p=0.1, inplace=False)
          (4): Linear(in_features=512, out_features=128, bias=True)
        )
        (dropout): Dropout(p=0.1, inplace=False)
      )
    )
    (enc_norm): LayerNorm((128,), eps=1e-05, elementwise_affine=True)
    (projector): Linear(in_features=128, out_features=10, bias=True)
  )
)
[2025-12-09 20:36:31,712] [INFO] ========== Epoch 1/50 (hybrid) ==========
[2025-12-09 20:52:05,351] [INFO] [Epoch 1] 混合模型训练损失: total=-0.656644, recon=0.029718, forecast=0.029263
[2025-12-09 20:57:59,584] [INFO] [Eval-recon(hybrid)] F1=1.0000, P=1.0000, R=1.0000, AUC=0.5000, thr=0.000026, point_adjust=True
[2025-12-09 21:00:53,329] [INFO] [Eval-forecast(hybrid)] F1=1.0000, P=1.0000, R=1.0000, AUC=0.5000, thr=0.000000, point_adjust=True
[2025-12-09 21:02:58,732] [INFO] [Eval-hybrid] F1=1.0000, P=1.0000, R=1.0000, AUC=0.5000, thr=-0.339769, point_adjust=True; recon_F1=1.0000, forecast_F1=1.0000
[2025-12-09 21:02:58,799] [INFO] 发现更优模型，已保存至 ./logs/swat_hybrid/best_model_hybrid.pt
[2025-12-09 21:02:59,055] [INFO] 已保存可视化图：./logs/swat_hybrid/scores_epoch1_hybrid.png
[2025-12-09 21:02:59,056] [INFO] ========== Epoch 2/50 (hybrid) ==========
[2025-12-09 21:18:54,134] [INFO] [Epoch 2] 混合模型训练损失: total=-1.922028, recon=0.007632, forecast=0.023521
[2025-12-09 21:24:56,229] [INFO] [Eval-recon(hybrid)] F1=1.0000, P=1.0000, R=1.0000, AUC=0.5000, thr=0.000010, point_adjust=True
[2025-12-09 21:27:49,563] [INFO] [Eval-forecast(hybrid)] F1=1.0000, P=1.0000, R=1.0000, AUC=0.5000, thr=0.000000, point_adjust=True
[2025-12-09 21:29:58,424] [INFO] [Eval-hybrid] F1=1.0000, P=1.0000, R=1.0000, AUC=0.5000, thr=-0.281327, point_adjust=True; recon_F1=1.0000, forecast_F1=1.0000
[2025-12-09 21:29:58,667] [INFO] 已保存可视化图：./logs/swat_hybrid/scores_epoch2_hybrid.png
[2025-12-09 21:29:58,667] [INFO] ========== Epoch 3/50 (hybrid) ==========
[2025-12-09 21:45:59,943] [INFO] [Epoch 3] 混合模型训练损失: total=-2.560162, recon=0.007217, forecast=0.022669
[2025-12-09 21:52:06,170] [INFO] [Eval-recon(hybrid)] F1=1.0000, P=1.0000, R=1.0000, AUC=0.5000, thr=0.000008, point_adjust=True
[2025-12-09 21:55:00,493] [INFO] [Eval-forecast(hybrid)] F1=1.0000, P=1.0000, R=1.0000, AUC=0.5000, thr=0.000000, point_adjust=True
[2025-12-09 21:57:06,286] [INFO] [Eval-hybrid] F1=1.0000, P=1.0000, R=1.0000, AUC=0.5000, thr=-0.259385, point_adjust=True; recon_F1=1.0000, forecast_F1=1.0000
[2025-12-09 21:57:06,542] [INFO] 已保存可视化图：./logs/swat_hybrid/scores_epoch3_hybrid.png
[2025-12-09 21:57:06,543] [INFO] ========== Epoch 4/50 (hybrid) ==========
[2025-12-09 22:12:37,652] [INFO] [Epoch 4] 混合模型训练损失: total=-2.682587, recon=0.007039, forecast=0.022243
[2025-12-09 22:18:47,015] [INFO] [Eval-recon(hybrid)] F1=1.0000, P=1.0000, R=1.0000, AUC=0.5000, thr=0.000004, point_adjust=True
[2025-12-09 22:21:43,901] [INFO] [Eval-forecast(hybrid)] F1=1.0000, P=1.0000, R=1.0000, AUC=0.5000, thr=0.000000, point_adjust=True
[2025-12-09 22:23:48,700] [INFO] [Eval-hybrid] F1=1.0000, P=1.0000, R=1.0000, AUC=0.5000, thr=-0.227661, point_adjust=True; recon_F1=1.0000, forecast_F1=1.0000
[2025-12-09 22:23:48,949] [INFO] 已保存可视化图：./logs/swat_hybrid/scores_epoch4_hybrid.png
[2025-12-09 22:23:48,949] [INFO] ========== Epoch 5/50 (hybrid) ==========
[2025-12-09 22:39:34,942] [INFO] [Epoch 5] 混合模型训练损失: total=-2.680670, recon=0.007036, forecast=0.022003
[2025-12-09 22:45:49,661] [INFO] [Eval-recon(hybrid)] F1=1.0000, P=1.0000, R=1.0000, AUC=0.5000, thr=0.000003, point_adjust=True
[2025-12-09 22:48:41,531] [INFO] [Eval-forecast(hybrid)] F1=1.0000, P=1.0000, R=1.0000, AUC=0.5000, thr=0.000000, point_adjust=True
[2025-12-09 22:50:48,600] [INFO] [Eval-hybrid] F1=1.0000, P=1.0000, R=1.0000, AUC=0.5000, thr=-0.207173, point_adjust=True; recon_F1=1.0000, forecast_F1=1.0000
[2025-12-09 22:50:48,852] [INFO] 已保存可视化图：./logs/swat_hybrid/scores_epoch5_hybrid.png
[2025-12-09 22:50:48,853] [INFO] ========== Epoch 6/50 (hybrid) ==========
[2025-12-09 23:06:33,778] [INFO] [Epoch 6] 混合模型训练损失: total=-2.687888, recon=0.006985, forecast=0.021749
[2025-12-09 23:12:33,085] [INFO] [Eval-recon(hybrid)] F1=1.0000, P=1.0000, R=1.0000, AUC=0.5000, thr=0.000004, point_adjust=True
[2025-12-09 23:15:33,251] [INFO] [Eval-forecast(hybrid)] F1=1.0000, P=1.0000, R=1.0000, AUC=0.5000, thr=0.000000, point_adjust=True
[2025-12-09 23:17:43,353] [INFO] [Eval-hybrid] F1=1.0000, P=1.0000, R=1.0000, AUC=0.5000, thr=-0.208251, point_adjust=True; recon_F1=1.0000, forecast_F1=1.0000
[2025-12-09 23:17:43,616] [INFO] 已保存可视化图：./logs/swat_hybrid/scores_epoch6_hybrid.png
[2025-12-09 23:17:43,617] [INFO] ========== Epoch 7/50 (hybrid) ==========
[2025-12-09 23:33:31,589] [INFO] [Epoch 7] 混合模型训练损失: total=-2.693198, recon=0.006985, forecast=0.021486
[2025-12-09 23:39:48,402] [INFO] [Eval-recon(hybrid)] F1=1.0000, P=1.0000, R=1.0000, AUC=0.5000, thr=0.000004, point_adjust=True
[2025-12-09 23:42:41,205] [INFO] [Eval-forecast(hybrid)] F1=1.0000, P=1.0000, R=1.0000, AUC=0.5000, thr=0.000000, point_adjust=True
[2025-12-09 23:44:50,679] [INFO] [Eval-hybrid] F1=1.0000, P=1.0000, R=1.0000, AUC=0.5000, thr=-0.167932, point_adjust=True; recon_F1=1.0000, forecast_F1=1.0000
[2025-12-09 23:44:50,929] [INFO] 已保存可视化图：./logs/swat_hybrid/scores_epoch7_hybrid.png
[2025-12-09 23:44:50,929] [INFO] ========== Epoch 8/50 (hybrid) ==========
[2025-12-10 00:00:34,658] [INFO] [Epoch 8] 混合模型训练损失: total=-2.696762, recon=0.006964, forecast=0.021307
[2025-12-10 00:06:43,585] [INFO] [Eval-recon(hybrid)] F1=1.0000, P=1.0000, R=1.0000, AUC=0.5000, thr=0.000003, point_adjust=True
[2025-12-10 00:09:38,566] [INFO] [Eval-forecast(hybrid)] F1=1.0000, P=1.0000, R=1.0000, AUC=0.5000, thr=0.000000, point_adjust=True
[2025-12-10 00:11:45,951] [INFO] [Eval-hybrid] F1=1.0000, P=1.0000, R=1.0000, AUC=0.5000, thr=-0.152000, point_adjust=True; recon_F1=1.0000, forecast_F1=1.0000
[2025-12-10 00:11:46,200] [INFO] 已保存可视化图：./logs/swat_hybrid/scores_epoch8_hybrid.png
[2025-12-10 00:11:46,200] [INFO] ========== Epoch 9/50 (hybrid) ==========
[2025-12-10 00:27:03,332] [INFO] [Epoch 9] 混合模型训练损失: total=-2.704180, recon=0.006937, forecast=0.021071
[2025-12-10 00:33:18,201] [INFO] [Eval-recon(hybrid)] F1=1.0000, P=1.0000, R=1.0000, AUC=0.5000, thr=0.000002, point_adjust=True
[2025-12-10 00:36:15,200] [INFO] [Eval-forecast(hybrid)] F1=1.0000, P=1.0000, R=1.0000, AUC=0.5000, thr=0.000000, point_adjust=True
[2025-12-10 00:38:22,585] [INFO] [Eval-hybrid] F1=1.0000, P=1.0000, R=1.0000, AUC=0.5000, thr=-0.146504, point_adjust=True; recon_F1=1.0000, forecast_F1=1.0000
[2025-12-10 00:38:22,586] [INFO] 早停触发：连续 8 个 epoch F1 未提升，停止训练。
[2025-12-10 00:38:22,586] [INFO] 训练结束，最佳 F1=1.0000, 最佳指标={'precision': 0.9999999999999778, 'recall': 0.9999999999999778, 'f1': 0.9999999949999778, 'auc': 0.5, 'threshold': -0.3397694771462068, 'use_point_adjust': True}
[2025-12-10 00:38:22,587] [INFO] 训练流程已结束。
