[2025-12-12 18:26:25,843] [INFO] 日志已写入：./logs/swat_hybrid/MambaTSAD_20251212_182625.log
[2025-12-12 18:26:25,854] [INFO] 命令行参数：Namespace(dataset='swat', processed_root='./dataset/SWaT', log_dir='./logs/swat_hybrid', branch='hybrid', win_size=100, pred_len=10, train_stride=1, test_stride=1, batch_size=64, epochs=50, lr=0.0001, weight_decay=0.0005, seed=42, no_amp=False, max_grad_norm=1.0, patience=8, lambda_recon=1.0, lambda_forecast=1.0, no_point_adjust=False, num_workers=4)
[2025-12-12 18:26:26,888] [INFO] 数据集 [swat] 构建完成，实体数量=1，input_dim=51，训练样本数=494901，测试样本数=449820
[2025-12-12 18:26:28,507] [INFO] 当前使用的设备：cuda
[2025-12-12 18:26:32,600] [INFO] 训练模式：混合模型 (hybrid)，context_len=90, pred_len=10。
[2025-12-12 18:26:35,451] [INFO] 模型结构：
MambaTSADHybrid(
  (recon_branch): MambaTSAD(
    (encoder): Linear(in_features=51, out_features=128, bias=True)
    (level1): ModuleList(
      (0-1): 2 x LSSBlockTS(
        (global_layers): ModuleList(
          (0-1): 2 x BiMambaBlock(
            (norm): LayerNorm((128,), eps=1e-05, elementwise_affine=True)
            (mamba_fwd): Mamba(
              (in_proj): Linear(in_features=128, out_features=512, bias=False)
              (conv1d): Conv1d(256, 256, kernel_size=(4,), stride=(1,), padding=(3,), groups=256)
              (act): SiLU()
              (x_proj): Linear(in_features=256, out_features=40, bias=False)
              (dt_proj): Linear(in_features=8, out_features=256, bias=True)
              (out_proj): Linear(in_features=256, out_features=128, bias=False)
            )
            (mamba_bwd): Mamba(
              (in_proj): Linear(in_features=128, out_features=512, bias=False)
              (conv1d): Conv1d(256, 256, kernel_size=(4,), stride=(1,), padding=(3,), groups=256)
              (act): SiLU()
              (x_proj): Linear(in_features=256, out_features=40, bias=False)
              (dt_proj): Linear(in_features=8, out_features=256, bias=True)
              (out_proj): Linear(in_features=256, out_features=128, bias=False)
            )
            (ffn): Sequential(
              (0): LayerNorm((128,), eps=1e-05, elementwise_affine=True)
              (1): Linear(in_features=128, out_features=512, bias=True)
              (2): GELU(approximate='none')
              (3): Dropout(p=0.1, inplace=False)
              (4): Linear(in_features=512, out_features=128, bias=True)
            )
            (dropout): Dropout(p=0.1, inplace=False)
          )
        )
        (local_branches): ModuleList(
          (0): LocalConvBlock1D(
            (block): Sequential(
              (0): Conv1d(128, 128, kernel_size=(1,), stride=(1,))
              (1): InstanceNorm1d(128, eps=1e-05, momentum=0.1, affine=False, track_running_stats=False)
              (2): SiLU()
              (3): Conv1d(128, 128, kernel_size=(5,), stride=(1,), padding=(2,), groups=128)
              (4): InstanceNorm1d(128, eps=1e-05, momentum=0.1, affine=False, track_running_stats=False)
              (5): SiLU()
              (6): Conv1d(128, 128, kernel_size=(1,), stride=(1,))
            )
          )
          (1): LocalConvBlock1D(
            (block): Sequential(
              (0): Conv1d(128, 128, kernel_size=(1,), stride=(1,))
              (1): InstanceNorm1d(128, eps=1e-05, momentum=0.1, affine=False, track_running_stats=False)
              (2): SiLU()
              (3): Conv1d(128, 128, kernel_size=(7,), stride=(1,), padding=(3,), groups=128)
              (4): InstanceNorm1d(128, eps=1e-05, momentum=0.1, affine=False, track_running_stats=False)
              (5): SiLU()
              (6): Conv1d(128, 128, kernel_size=(1,), stride=(1,))
            )
          )
        )
        (proj): Linear(in_features=384, out_features=128, bias=True)
      )
    )
    (level2): ModuleList(
      (0-1): 2 x LSSBlockTS(
        (global_layers): ModuleList(
          (0-1): 2 x BiMambaBlock(
            (norm): LayerNorm((128,), eps=1e-05, elementwise_affine=True)
            (mamba_fwd): Mamba(
              (in_proj): Linear(in_features=128, out_features=512, bias=False)
              (conv1d): Conv1d(256, 256, kernel_size=(4,), stride=(1,), padding=(3,), groups=256)
              (act): SiLU()
              (x_proj): Linear(in_features=256, out_features=40, bias=False)
              (dt_proj): Linear(in_features=8, out_features=256, bias=True)
              (out_proj): Linear(in_features=256, out_features=128, bias=False)
            )
            (mamba_bwd): Mamba(
              (in_proj): Linear(in_features=128, out_features=512, bias=False)
              (conv1d): Conv1d(256, 256, kernel_size=(4,), stride=(1,), padding=(3,), groups=256)
              (act): SiLU()
              (x_proj): Linear(in_features=256, out_features=40, bias=False)
              (dt_proj): Linear(in_features=8, out_features=256, bias=True)
              (out_proj): Linear(in_features=256, out_features=128, bias=False)
            )
            (ffn): Sequential(
              (0): LayerNorm((128,), eps=1e-05, elementwise_affine=True)
              (1): Linear(in_features=128, out_features=512, bias=True)
              (2): GELU(approximate='none')
              (3): Dropout(p=0.1, inplace=False)
              (4): Linear(in_features=512, out_features=128, bias=True)
            )
            (dropout): Dropout(p=0.1, inplace=False)
          )
        )
        (local_branches): ModuleList(
          (0): LocalConvBlock1D(
            (block): Sequential(
              (0): Conv1d(128, 128, kernel_size=(1,), stride=(1,))
              (1): InstanceNorm1d(128, eps=1e-05, momentum=0.1, affine=False, track_running_stats=False)
              (2): SiLU()
              (3): Conv1d(128, 128, kernel_size=(5,), stride=(1,), padding=(2,), groups=128)
              (4): InstanceNorm1d(128, eps=1e-05, momentum=0.1, affine=False, track_running_stats=False)
              (5): SiLU()
              (6): Conv1d(128, 128, kernel_size=(1,), stride=(1,))
            )
          )
          (1): LocalConvBlock1D(
            (block): Sequential(
              (0): Conv1d(128, 128, kernel_size=(1,), stride=(1,))
              (1): InstanceNorm1d(128, eps=1e-05, momentum=0.1, affine=False, track_running_stats=False)
              (2): SiLU()
              (3): Conv1d(128, 128, kernel_size=(7,), stride=(1,), padding=(3,), groups=128)
              (4): InstanceNorm1d(128, eps=1e-05, momentum=0.1, affine=False, track_running_stats=False)
              (5): SiLU()
              (6): Conv1d(128, 128, kernel_size=(1,), stride=(1,))
            )
          )
        )
        (proj): Linear(in_features=384, out_features=128, bias=True)
      )
    )
    (level3): ModuleList(
      (0-1): 2 x LSSBlockTS(
        (global_layers): ModuleList(
          (0-1): 2 x BiMambaBlock(
            (norm): LayerNorm((128,), eps=1e-05, elementwise_affine=True)
            (mamba_fwd): Mamba(
              (in_proj): Linear(in_features=128, out_features=512, bias=False)
              (conv1d): Conv1d(256, 256, kernel_size=(4,), stride=(1,), padding=(3,), groups=256)
              (act): SiLU()
              (x_proj): Linear(in_features=256, out_features=40, bias=False)
              (dt_proj): Linear(in_features=8, out_features=256, bias=True)
              (out_proj): Linear(in_features=256, out_features=128, bias=False)
            )
            (mamba_bwd): Mamba(
              (in_proj): Linear(in_features=128, out_features=512, bias=False)
              (conv1d): Conv1d(256, 256, kernel_size=(4,), stride=(1,), padding=(3,), groups=256)
              (act): SiLU()
              (x_proj): Linear(in_features=256, out_features=40, bias=False)
              (dt_proj): Linear(in_features=8, out_features=256, bias=True)
              (out_proj): Linear(in_features=256, out_features=128, bias=False)
            )
            (ffn): Sequential(
              (0): LayerNorm((128,), eps=1e-05, elementwise_affine=True)
              (1): Linear(in_features=128, out_features=512, bias=True)
              (2): GELU(approximate='none')
              (3): Dropout(p=0.1, inplace=False)
              (4): Linear(in_features=512, out_features=128, bias=True)
            )
            (dropout): Dropout(p=0.1, inplace=False)
          )
        )
        (local_branches): ModuleList(
          (0): LocalConvBlock1D(
            (block): Sequential(
              (0): Conv1d(128, 128, kernel_size=(1,), stride=(1,))
              (1): InstanceNorm1d(128, eps=1e-05, momentum=0.1, affine=False, track_running_stats=False)
              (2): SiLU()
              (3): Conv1d(128, 128, kernel_size=(5,), stride=(1,), padding=(2,), groups=128)
              (4): InstanceNorm1d(128, eps=1e-05, momentum=0.1, affine=False, track_running_stats=False)
              (5): SiLU()
              (6): Conv1d(128, 128, kernel_size=(1,), stride=(1,))
            )
          )
          (1): LocalConvBlock1D(
            (block): Sequential(
              (0): Conv1d(128, 128, kernel_size=(1,), stride=(1,))
              (1): InstanceNorm1d(128, eps=1e-05, momentum=0.1, affine=False, track_running_stats=False)
              (2): SiLU()
              (3): Conv1d(128, 128, kernel_size=(7,), stride=(1,), padding=(3,), groups=128)
              (4): InstanceNorm1d(128, eps=1e-05, momentum=0.1, affine=False, track_running_stats=False)
              (5): SiLU()
              (6): Conv1d(128, 128, kernel_size=(1,), stride=(1,))
            )
          )
        )
        (proj): Linear(in_features=384, out_features=128, bias=True)
      )
    )
    (decoder): Linear(in_features=128, out_features=51, bias=True)
  )
  (forecast_branch): MambaTSADForecast(
    (enc_embedding): InvertedTimeEmbedding(
      (proj): Linear(in_features=90, out_features=128, bias=True)
      (dropout): Dropout(p=0.1, inplace=False)
    )
    (encoder_layers): ModuleList(
      (0-2): 3 x BiMambaBlock1D(
        (norm): LayerNorm((128,), eps=1e-05, elementwise_affine=True)
        (mamba_fwd): Mamba(
          (in_proj): Linear(in_features=128, out_features=512, bias=False)
          (conv1d): Conv1d(256, 256, kernel_size=(4,), stride=(1,), padding=(3,), groups=256)
          (act): SiLU()
          (x_proj): Linear(in_features=256, out_features=40, bias=False)
          (dt_proj): Linear(in_features=8, out_features=256, bias=True)
          (out_proj): Linear(in_features=256, out_features=128, bias=False)
        )
        (mamba_bwd): Mamba(
          (in_proj): Linear(in_features=128, out_features=512, bias=False)
          (conv1d): Conv1d(256, 256, kernel_size=(4,), stride=(1,), padding=(3,), groups=256)
          (act): SiLU()
          (x_proj): Linear(in_features=256, out_features=40, bias=False)
          (dt_proj): Linear(in_features=8, out_features=256, bias=True)
          (out_proj): Linear(in_features=256, out_features=128, bias=False)
        )
        (ffn): Sequential(
          (0): LayerNorm((128,), eps=1e-05, elementwise_affine=True)
          (1): Linear(in_features=128, out_features=512, bias=True)
          (2): GELU(approximate='none')
          (3): Dropout(p=0.1, inplace=False)
          (4): Linear(in_features=512, out_features=128, bias=True)
        )
        (dropout): Dropout(p=0.1, inplace=False)
      )
    )
    (enc_norm): LayerNorm((128,), eps=1e-05, elementwise_affine=True)
    (projector): Linear(in_features=128, out_features=10, bias=True)
  )
)
[2025-12-12 18:26:35,453] [INFO] ========== Epoch 1/50 (hybrid) ==========
[2025-12-12 18:48:56,311] [INFO] [Epoch 1] 混合模型训练损失: total=0.039187, recon=0.009515, forecast=0.029672
[2025-12-12 18:58:08,805] [INFO] [Eval-recon] F1=0.8274, P=0.9801, R=0.7159, AUC=0.8201, thr=4.158606, need_flip=False, dir=greater, point_adjust=True
[2025-12-12 19:02:56,544] [INFO] [Eval-forecast] F1=0.9073, P=0.9452, R=0.8723, AUC=0.7701, thr=0.000528, need_flip=True, dir=less, point_adjust=True
[2025-12-12 19:07:44,470] [INFO] [Eval-hybrid] F1=0.8985, P=0.9444, R=0.8569, AUC=0.8198, thr=2.143907, need_flip=False, dir=greater, point_adjust=True; recon_F1=0.8274, forecast_F1=0.9073
[2025-12-12 19:07:44,728] [INFO] 已保存可视化图：./logs/swat_hybrid/scores_epoch1_hybrid.png
[2025-12-12 19:07:44,804] [INFO] 发现更优模型 (F1=0.8985)，已保存至 ./logs/swat_hybrid/best_model.pt
[2025-12-12 19:07:44,805] [INFO] ========== Epoch 2/50 (hybrid) ==========
[2025-12-12 19:23:26,005] [INFO] [Epoch 2] 混合模型训练损失: total=0.025500, recon=0.001624, forecast=0.023877
[2025-12-12 19:38:21,044] [INFO] [Eval-recon] F1=0.8258, P=0.9823, R=0.7123, AUC=0.8231, thr=3.864491, need_flip=False, dir=greater, point_adjust=True
[2025-12-12 19:44:52,647] [INFO] [Eval-forecast] F1=0.9078, P=0.9348, R=0.8824, AUC=0.7700, thr=0.000542, need_flip=True, dir=less, point_adjust=True
[2025-12-12 19:49:52,325] [INFO] [Eval-hybrid] F1=0.8976, P=0.8808, R=0.9151, AUC=0.8229, thr=0.498443, need_flip=False, dir=greater, point_adjust=True; recon_F1=0.8258, forecast_F1=0.9078
[2025-12-12 19:49:52,581] [INFO] 已保存可视化图：./logs/swat_hybrid/scores_epoch2_hybrid.png
[2025-12-12 19:49:52,582] [INFO] 当前 F1=0.8976，已连续 1 个 epoch 未提升。
[2025-12-12 19:49:52,582] [INFO] ========== Epoch 3/50 (hybrid) ==========
[2025-12-12 20:05:42,361] [INFO] [Epoch 3] 混合模型训练损失: total=0.024350, recon=0.001392, forecast=0.022958
[2025-12-12 20:14:21,544] [INFO] [Eval-recon] F1=0.8255, P=0.9816, R=0.7123, AUC=0.8418, thr=2.913436, need_flip=False, dir=greater, point_adjust=True
[2025-12-12 20:19:05,322] [INFO] [Eval-forecast] F1=0.9000, P=0.9435, R=0.8603, AUC=0.7663, thr=0.000707, need_flip=True, dir=less, point_adjust=True
[2025-12-12 20:23:51,063] [INFO] [Eval-hybrid] F1=0.8960, P=0.9097, R=0.8826, AUC=0.8370, thr=1.195455, need_flip=False, dir=greater, point_adjust=True; recon_F1=0.8255, forecast_F1=0.9000
[2025-12-12 20:23:51,305] [INFO] 已保存可视化图：./logs/swat_hybrid/scores_epoch3_hybrid.png
[2025-12-12 20:23:51,306] [INFO] 当前 F1=0.8960，已连续 2 个 epoch 未提升。
[2025-12-12 20:23:51,306] [INFO] ========== Epoch 4/50 (hybrid) ==========
[2025-12-12 20:38:35,399] [INFO] [Epoch 4] 混合模型训练损失: total=0.023980, recon=0.001276, forecast=0.022704
[2025-12-12 20:47:24,549] [INFO] [Eval-recon] F1=0.8430, P=0.9687, R=0.7463, AUC=0.8622, thr=0.343223, need_flip=False, dir=greater, point_adjust=True
[2025-12-12 20:52:06,707] [INFO] [Eval-forecast] F1=0.9069, P=0.9428, R=0.8737, AUC=0.7660, thr=0.000957, need_flip=True, dir=less, point_adjust=True
[2025-12-12 20:56:47,869] [INFO] [Eval-hybrid] F1=0.8944, P=0.8745, R=0.9151, AUC=0.8533, thr=0.287163, need_flip=False, dir=greater, point_adjust=True; recon_F1=0.8430, forecast_F1=0.9069
[2025-12-12 20:56:48,106] [INFO] 已保存可视化图：./logs/swat_hybrid/scores_epoch4_hybrid.png
[2025-12-12 20:56:48,106] [INFO] 当前 F1=0.8944，已连续 3 个 epoch 未提升。
[2025-12-12 20:56:48,107] [INFO] ========== Epoch 5/50 (hybrid) ==========
[2025-12-12 21:11:09,201] [INFO] [Epoch 5] 混合模型训练损失: total=0.023831, recon=0.001226, forecast=0.022606
[2025-12-12 21:19:42,768] [INFO] [Eval-recon] F1=0.8575, P=0.9324, R=0.7937, AUC=0.8681, thr=0.067966, need_flip=False, dir=greater, point_adjust=True
[2025-12-12 21:24:20,518] [INFO] [Eval-forecast] F1=0.8975, P=0.9059, R=0.8893, AUC=0.7643, thr=0.001267, need_flip=True, dir=less, point_adjust=True
[2025-12-12 21:28:56,306] [INFO] [Eval-hybrid] F1=0.8987, P=0.8935, R=0.9041, AUC=0.8589, thr=0.452571, need_flip=False, dir=greater, point_adjust=True; recon_F1=0.8575, forecast_F1=0.8975
[2025-12-12 21:28:56,562] [INFO] 已保存可视化图：./logs/swat_hybrid/scores_epoch5_hybrid.png
[2025-12-12 21:28:56,670] [INFO] 发现更优模型 (F1=0.8987)，已保存至 ./logs/swat_hybrid/best_model.pt
[2025-12-12 21:28:56,670] [INFO] ========== Epoch 6/50 (hybrid) ==========
[2025-12-12 21:43:00,730] [INFO] [Epoch 6] 混合模型训练损失: total=0.023942, recon=0.001228, forecast=0.022714
[2025-12-12 21:51:41,766] [INFO] [Eval-recon] F1=0.8488, P=0.9567, R=0.7628, AUC=0.8641, thr=0.060191, need_flip=False, dir=greater, point_adjust=True
[2025-12-12 21:56:23,996] [INFO] [Eval-forecast] F1=0.9111, P=0.9145, R=0.9078, AUC=0.7579, thr=0.001516, need_flip=True, dir=less, point_adjust=True
[2025-12-12 22:01:06,865] [INFO] [Eval-hybrid] F1=0.8932, P=0.9326, R=0.8569, AUC=0.8594, thr=1.006867, need_flip=False, dir=greater, point_adjust=True; recon_F1=0.8488, forecast_F1=0.9111
[2025-12-12 22:01:07,116] [INFO] 已保存可视化图：./logs/swat_hybrid/scores_epoch6_hybrid.png
[2025-12-12 22:01:07,117] [INFO] 当前 F1=0.8932，已连续 1 个 epoch 未提升。
[2025-12-12 22:01:07,117] [INFO] ========== Epoch 7/50 (hybrid) ==========
[2025-12-12 22:15:03,811] [INFO] [Epoch 7] 混合模型训练损失: total=0.024246, recon=0.001498, forecast=0.022748
[2025-12-12 22:23:41,356] [INFO] [Eval-recon] F1=0.8603, P=0.9163, R=0.8107, AUC=0.8615, thr=0.038163, need_flip=False, dir=greater, point_adjust=True
[2025-12-12 22:28:21,391] [INFO] [Eval-forecast] F1=0.8865, P=0.8762, R=0.8971, AUC=0.7668, thr=0.001838, need_flip=True, dir=less, point_adjust=True
[2025-12-12 22:32:58,897] [INFO] [Eval-hybrid] F1=0.8966, P=0.8665, R=0.9289, AUC=0.8583, thr=0.123267, need_flip=False, dir=greater, point_adjust=True; recon_F1=0.8603, forecast_F1=0.8865
[2025-12-12 22:32:59,147] [INFO] 已保存可视化图：./logs/swat_hybrid/scores_epoch7_hybrid.png
[2025-12-12 22:32:59,148] [INFO] 当前 F1=0.8966，已连续 2 个 epoch 未提升。
[2025-12-12 22:32:59,148] [INFO] ========== Epoch 8/50 (hybrid) ==========
[2025-12-12 22:47:15,885] [INFO] [Epoch 8] 混合模型训练损失: total=0.024214, recon=0.001396, forecast=0.022818
[2025-12-12 22:55:56,852] [INFO] [Eval-recon] F1=0.8633, P=0.9350, R=0.8019, AUC=0.8644, thr=0.033484, need_flip=False, dir=greater, point_adjust=True
[2025-12-12 23:00:37,589] [INFO] [Eval-forecast] F1=0.8987, P=0.8828, R=0.9151, AUC=0.2404, thr=0.635376, need_flip=False, dir=greater, point_adjust=True
[2025-12-12 23:05:18,953] [INFO] [Eval-hybrid] F1=0.8939, P=0.8615, R=0.9289, AUC=0.8546, thr=0.188342, need_flip=False, dir=greater, point_adjust=True; recon_F1=0.8633, forecast_F1=0.8987
[2025-12-12 23:05:19,212] [INFO] 已保存可视化图：./logs/swat_hybrid/scores_epoch8_hybrid.png
[2025-12-12 23:05:19,212] [INFO] 当前 F1=0.8939，已连续 3 个 epoch 未提升。
[2025-12-12 23:05:19,212] [INFO] ========== Epoch 9/50 (hybrid) ==========
[2025-12-12 23:19:18,245] [INFO] [Epoch 9] 混合模型训练损失: total=0.024414, recon=0.001194, forecast=0.023220
[2025-12-12 23:27:57,896] [INFO] [Eval-recon] F1=0.8688, P=0.9480, R=0.8019, AUC=0.8612, thr=0.035042, need_flip=False, dir=greater, point_adjust=True
[2025-12-12 23:32:37,702] [INFO] [Eval-forecast] F1=0.9029, P=0.8791, R=0.9280, AUC=0.3321, thr=0.592436, need_flip=False, dir=greater, point_adjust=True
[2025-12-12 23:37:21,219] [INFO] [Eval-hybrid] F1=0.8992, P=0.8670, R=0.9339, AUC=0.8524, thr=0.196285, need_flip=False, dir=greater, point_adjust=True; recon_F1=0.8688, forecast_F1=0.9029
[2025-12-12 23:37:21,472] [INFO] 已保存可视化图：./logs/swat_hybrid/scores_epoch9_hybrid.png
[2025-12-12 23:37:21,579] [INFO] 发现更优模型 (F1=0.8992)，已保存至 ./logs/swat_hybrid/best_model.pt
[2025-12-12 23:37:21,579] [INFO] ========== Epoch 10/50 (hybrid) ==========
[2025-12-12 23:51:14,792] [INFO] [Epoch 10] 混合模型训练损失: total=0.917720, recon=0.456456, forecast=0.461264
[2025-12-12 23:55:11,271] [INFO] [Eval-recon] F1=0.0000, P=0.0000, R=0.0000, AUC=0.5000, thr=0.000000, need_flip=False, dir=greater, point_adjust=True
[2025-12-12 23:55:11,272] [INFO] [Eval-forecast] F1=0.0000, P=0.0000, R=0.0000, AUC=0.5000, thr=0.000000, need_flip=False, dir=greater, point_adjust=True
[2025-12-12 23:55:11,418] [INFO] [Eval-hybrid] F1=0.2165, P=0.1214, R=1.0000, AUC=0.5000, thr=0.000000, need_flip=False, dir=greater, point_adjust=True; recon_F1=0.0000, forecast_F1=0.0000
[2025-12-12 23:55:11,646] [INFO] 已保存可视化图：./logs/swat_hybrid/scores_epoch10_hybrid.png
[2025-12-12 23:55:11,647] [INFO] 当前 F1=0.2165，已连续 1 个 epoch 未提升。
[2025-12-12 23:55:11,647] [INFO] ========== Epoch 11/50 (hybrid) ==========
[2025-12-13 00:09:07,432] [INFO] [Epoch 11] 混合模型训练损失: total=1.546891, recon=0.776878, forecast=0.770013
[2025-12-13 00:13:04,247] [INFO] [Eval-recon] F1=0.0000, P=0.0000, R=0.0000, AUC=0.5000, thr=0.000000, need_flip=False, dir=greater, point_adjust=True
[2025-12-13 00:13:04,248] [INFO] [Eval-forecast] F1=0.0000, P=0.0000, R=0.0000, AUC=0.5000, thr=0.000000, need_flip=False, dir=greater, point_adjust=True
[2025-12-13 00:13:04,399] [INFO] [Eval-hybrid] F1=0.2165, P=0.1214, R=1.0000, AUC=0.5000, thr=0.000000, need_flip=False, dir=greater, point_adjust=True; recon_F1=0.0000, forecast_F1=0.0000
[2025-12-13 00:13:04,629] [INFO] 已保存可视化图：./logs/swat_hybrid/scores_epoch11_hybrid.png
[2025-12-13 00:13:04,630] [INFO] 当前 F1=0.2165，已连续 2 个 epoch 未提升。
[2025-12-13 00:13:04,630] [INFO] ========== Epoch 12/50 (hybrid) ==========
[2025-12-13 00:26:56,949] [INFO] [Epoch 12] 混合模型训练损失: total=1.546946, recon=0.776902, forecast=0.770044
[2025-12-13 00:30:52,189] [INFO] [Eval-recon] F1=0.0000, P=0.0000, R=0.0000, AUC=0.5000, thr=0.000000, need_flip=False, dir=greater, point_adjust=True
[2025-12-13 00:30:52,190] [INFO] [Eval-forecast] F1=0.0000, P=0.0000, R=0.0000, AUC=0.5000, thr=0.000000, need_flip=False, dir=greater, point_adjust=True
[2025-12-13 00:30:52,337] [INFO] [Eval-hybrid] F1=0.2165, P=0.1214, R=1.0000, AUC=0.5000, thr=0.000000, need_flip=False, dir=greater, point_adjust=True; recon_F1=0.0000, forecast_F1=0.0000
[2025-12-13 00:30:52,563] [INFO] 已保存可视化图：./logs/swat_hybrid/scores_epoch12_hybrid.png
[2025-12-13 00:30:52,563] [INFO] 当前 F1=0.2165，已连续 3 个 epoch 未提升。
[2025-12-13 00:30:52,563] [INFO] ========== Epoch 13/50 (hybrid) ==========
[2025-12-13 00:44:45,798] [INFO] [Epoch 13] 混合模型训练损失: total=1.546928, recon=0.776892, forecast=0.770036
[2025-12-13 00:48:44,166] [INFO] [Eval-recon] F1=0.0000, P=0.0000, R=0.0000, AUC=0.5000, thr=0.000000, need_flip=False, dir=greater, point_adjust=True
[2025-12-13 00:48:44,167] [INFO] [Eval-forecast] F1=0.0000, P=0.0000, R=0.0000, AUC=0.5000, thr=0.000000, need_flip=False, dir=greater, point_adjust=True
[2025-12-13 00:48:44,319] [INFO] [Eval-hybrid] F1=0.2165, P=0.1214, R=1.0000, AUC=0.5000, thr=0.000000, need_flip=False, dir=greater, point_adjust=True; recon_F1=0.0000, forecast_F1=0.0000
[2025-12-13 00:48:44,547] [INFO] 已保存可视化图：./logs/swat_hybrid/scores_epoch13_hybrid.png
[2025-12-13 00:48:44,547] [INFO] 当前 F1=0.2165，已连续 4 个 epoch 未提升。
[2025-12-13 00:48:44,548] [INFO] ========== Epoch 14/50 (hybrid) ==========
[2025-12-13 01:02:37,907] [INFO] [Epoch 14] 混合模型训练损失: total=1.546616, recon=0.776740, forecast=0.769876
[2025-12-13 01:06:33,195] [INFO] [Eval-recon] F1=0.0000, P=0.0000, R=0.0000, AUC=0.5000, thr=0.000000, need_flip=False, dir=greater, point_adjust=True
[2025-12-13 01:06:33,196] [INFO] [Eval-forecast] F1=0.0000, P=0.0000, R=0.0000, AUC=0.5000, thr=0.000000, need_flip=False, dir=greater, point_adjust=True
[2025-12-13 01:06:33,352] [INFO] [Eval-hybrid] F1=0.2165, P=0.1214, R=1.0000, AUC=0.5000, thr=0.000000, need_flip=False, dir=greater, point_adjust=True; recon_F1=0.0000, forecast_F1=0.0000
[2025-12-13 01:06:33,580] [INFO] 已保存可视化图：./logs/swat_hybrid/scores_epoch14_hybrid.png
[2025-12-13 01:06:33,581] [INFO] 当前 F1=0.2165，已连续 5 个 epoch 未提升。
[2025-12-13 01:06:33,581] [INFO] ========== Epoch 15/50 (hybrid) ==========
[2025-12-13 01:20:30,632] [INFO] [Epoch 15] 混合模型训练损失: total=1.546946, recon=0.776902, forecast=0.770044
[2025-12-13 01:24:28,877] [INFO] [Eval-recon] F1=0.0000, P=0.0000, R=0.0000, AUC=0.5000, thr=0.000000, need_flip=False, dir=greater, point_adjust=True
[2025-12-13 01:24:28,879] [INFO] [Eval-forecast] F1=0.0000, P=0.0000, R=0.0000, AUC=0.5000, thr=0.000000, need_flip=False, dir=greater, point_adjust=True
[2025-12-13 01:24:29,029] [INFO] [Eval-hybrid] F1=0.2165, P=0.1214, R=1.0000, AUC=0.5000, thr=0.000000, need_flip=False, dir=greater, point_adjust=True; recon_F1=0.0000, forecast_F1=0.0000
[2025-12-13 01:24:29,257] [INFO] 已保存可视化图：./logs/swat_hybrid/scores_epoch15_hybrid.png
[2025-12-13 01:24:29,257] [INFO] 当前 F1=0.2165，已连续 6 个 epoch 未提升。
[2025-12-13 01:24:29,258] [INFO] ========== Epoch 16/50 (hybrid) ==========
[2025-12-13 01:38:25,450] [INFO] [Epoch 16] 混合模型训练损失: total=1.546946, recon=0.776902, forecast=0.770044
[2025-12-13 01:42:21,641] [INFO] [Eval-recon] F1=0.0000, P=0.0000, R=0.0000, AUC=0.5000, thr=0.000000, need_flip=False, dir=greater, point_adjust=True
[2025-12-13 01:42:21,642] [INFO] [Eval-forecast] F1=0.0000, P=0.0000, R=0.0000, AUC=0.5000, thr=0.000000, need_flip=False, dir=greater, point_adjust=True
[2025-12-13 01:42:21,789] [INFO] [Eval-hybrid] F1=0.2165, P=0.1214, R=1.0000, AUC=0.5000, thr=0.000000, need_flip=False, dir=greater, point_adjust=True; recon_F1=0.0000, forecast_F1=0.0000
[2025-12-13 01:42:22,016] [INFO] 已保存可视化图：./logs/swat_hybrid/scores_epoch16_hybrid.png
[2025-12-13 01:42:22,017] [INFO] 当前 F1=0.2165，已连续 7 个 epoch 未提升。
[2025-12-13 01:42:22,017] [INFO] ========== Epoch 17/50 (hybrid) ==========
[2025-12-13 01:56:17,416] [INFO] [Epoch 17] 混合模型训练损失: total=1.546925, recon=0.776897, forecast=0.770028
[2025-12-13 02:00:13,394] [INFO] [Eval-recon] F1=0.0000, P=0.0000, R=0.0000, AUC=0.5000, thr=0.000000, need_flip=False, dir=greater, point_adjust=True
[2025-12-13 02:00:13,395] [INFO] [Eval-forecast] F1=0.0000, P=0.0000, R=0.0000, AUC=0.5000, thr=0.000000, need_flip=False, dir=greater, point_adjust=True
[2025-12-13 02:00:13,543] [INFO] [Eval-hybrid] F1=0.2165, P=0.1214, R=1.0000, AUC=0.5000, thr=0.000000, need_flip=False, dir=greater, point_adjust=True; recon_F1=0.0000, forecast_F1=0.0000
[2025-12-13 02:00:13,773] [INFO] 已保存可视化图：./logs/swat_hybrid/scores_epoch17_hybrid.png
[2025-12-13 02:00:13,773] [INFO] 当前 F1=0.2165，已连续 8 个 epoch 未提升。
[2025-12-13 02:00:13,773] [INFO] 早停触发：patience=8，最佳 F1=0.8992 (epoch=9)，对应指标={'precision': 0.8669737244636346, 'recall': 0.9339082038042267, 'f1': 0.8991970617885819, 'auc': 0.8523568335164898, 'threshold': 0.1962846035884544, 'use_point_adjust': True, 'need_flip': False, 'direction': 'greater'}
[2025-12-13 02:00:13,774] [INFO] 训练结束，最佳 F1=0.8992 (epoch=9)，最佳指标={'precision': 0.8669737244636346, 'recall': 0.9339082038042267, 'f1': 0.8991970617885819, 'auc': 0.8523568335164898, 'threshold': 0.1962846035884544, 'use_point_adjust': True, 'need_flip': False, 'direction': 'greater'}
[2025-12-13 02:00:13,774] [INFO] 训练流程已结束。
