[2025-12-11 11:55:17,004] [INFO] 日志已写入：./logs/wadi_hybrid/MambaTSAD_20251211_115517.log
[2025-12-11 11:55:17,005] [INFO] 命令行参数：Namespace(dataset='wadi', processed_root='./dataset/WADI', log_dir='./logs/wadi_hybrid', branch='hybrid', win_size=100, pred_len=10, train_stride=1, test_stride=1, batch_size=64, epochs=50, lr=0.0001, weight_decay=0.0005, seed=42, no_amp=False, max_grad_norm=1.0, patience=8, lambda_recon=1.0, lambda_forecast=1.0, no_point_adjust=False, num_workers=4)
[2025-12-11 11:55:17,825] [INFO] 数据集 [wadi] 构建完成，实体数量=1，input_dim=127，训练样本数=784472，测试样本数=172704
[2025-12-11 11:55:18,122] [INFO] 当前使用的设备：cuda
[2025-12-11 11:55:18,548] [INFO] 训练模式：混合模型 (hybrid)，context_len=90, pred_len=10。
[2025-12-11 11:55:19,773] [INFO] 模型结构：
MambaTSADHybrid(
  (recon_branch): MambaTSAD(
    (encoder): Linear(in_features=127, out_features=128, bias=True)
    (level1): ModuleList(
      (0-1): 2 x LSSBlockTS(
        (global_layers): ModuleList(
          (0-1): 2 x BiMambaBlock(
            (norm): LayerNorm((128,), eps=1e-05, elementwise_affine=True)
            (mamba_fwd): Mamba(
              (in_proj): Linear(in_features=128, out_features=512, bias=False)
              (conv1d): Conv1d(256, 256, kernel_size=(4,), stride=(1,), padding=(3,), groups=256)
              (act): SiLU()
              (x_proj): Linear(in_features=256, out_features=40, bias=False)
              (dt_proj): Linear(in_features=8, out_features=256, bias=True)
              (out_proj): Linear(in_features=256, out_features=128, bias=False)
            )
            (mamba_bwd): Mamba(
              (in_proj): Linear(in_features=128, out_features=512, bias=False)
              (conv1d): Conv1d(256, 256, kernel_size=(4,), stride=(1,), padding=(3,), groups=256)
              (act): SiLU()
              (x_proj): Linear(in_features=256, out_features=40, bias=False)
              (dt_proj): Linear(in_features=8, out_features=256, bias=True)
              (out_proj): Linear(in_features=256, out_features=128, bias=False)
            )
            (ffn): Sequential(
              (0): LayerNorm((128,), eps=1e-05, elementwise_affine=True)
              (1): Linear(in_features=128, out_features=512, bias=True)
              (2): GELU(approximate='none')
              (3): Dropout(p=0.1, inplace=False)
              (4): Linear(in_features=512, out_features=128, bias=True)
            )
            (dropout): Dropout(p=0.1, inplace=False)
          )
        )
        (local_branches): ModuleList(
          (0): LocalConvBlock1D(
            (block): Sequential(
              (0): Conv1d(128, 128, kernel_size=(1,), stride=(1,))
              (1): InstanceNorm1d(128, eps=1e-05, momentum=0.1, affine=False, track_running_stats=False)
              (2): SiLU()
              (3): Conv1d(128, 128, kernel_size=(5,), stride=(1,), padding=(2,), groups=128)
              (4): InstanceNorm1d(128, eps=1e-05, momentum=0.1, affine=False, track_running_stats=False)
              (5): SiLU()
              (6): Conv1d(128, 128, kernel_size=(1,), stride=(1,))
            )
          )
          (1): LocalConvBlock1D(
            (block): Sequential(
              (0): Conv1d(128, 128, kernel_size=(1,), stride=(1,))
              (1): InstanceNorm1d(128, eps=1e-05, momentum=0.1, affine=False, track_running_stats=False)
              (2): SiLU()
              (3): Conv1d(128, 128, kernel_size=(7,), stride=(1,), padding=(3,), groups=128)
              (4): InstanceNorm1d(128, eps=1e-05, momentum=0.1, affine=False, track_running_stats=False)
              (5): SiLU()
              (6): Conv1d(128, 128, kernel_size=(1,), stride=(1,))
            )
          )
        )
        (proj): Linear(in_features=384, out_features=128, bias=True)
      )
    )
    (level2): ModuleList(
      (0-1): 2 x LSSBlockTS(
        (global_layers): ModuleList(
          (0-1): 2 x BiMambaBlock(
            (norm): LayerNorm((128,), eps=1e-05, elementwise_affine=True)
            (mamba_fwd): Mamba(
              (in_proj): Linear(in_features=128, out_features=512, bias=False)
              (conv1d): Conv1d(256, 256, kernel_size=(4,), stride=(1,), padding=(3,), groups=256)
              (act): SiLU()
              (x_proj): Linear(in_features=256, out_features=40, bias=False)
              (dt_proj): Linear(in_features=8, out_features=256, bias=True)
              (out_proj): Linear(in_features=256, out_features=128, bias=False)
            )
            (mamba_bwd): Mamba(
              (in_proj): Linear(in_features=128, out_features=512, bias=False)
              (conv1d): Conv1d(256, 256, kernel_size=(4,), stride=(1,), padding=(3,), groups=256)
              (act): SiLU()
              (x_proj): Linear(in_features=256, out_features=40, bias=False)
              (dt_proj): Linear(in_features=8, out_features=256, bias=True)
              (out_proj): Linear(in_features=256, out_features=128, bias=False)
            )
            (ffn): Sequential(
              (0): LayerNorm((128,), eps=1e-05, elementwise_affine=True)
              (1): Linear(in_features=128, out_features=512, bias=True)
              (2): GELU(approximate='none')
              (3): Dropout(p=0.1, inplace=False)
              (4): Linear(in_features=512, out_features=128, bias=True)
            )
            (dropout): Dropout(p=0.1, inplace=False)
          )
        )
        (local_branches): ModuleList(
          (0): LocalConvBlock1D(
            (block): Sequential(
              (0): Conv1d(128, 128, kernel_size=(1,), stride=(1,))
              (1): InstanceNorm1d(128, eps=1e-05, momentum=0.1, affine=False, track_running_stats=False)
              (2): SiLU()
              (3): Conv1d(128, 128, kernel_size=(5,), stride=(1,), padding=(2,), groups=128)
              (4): InstanceNorm1d(128, eps=1e-05, momentum=0.1, affine=False, track_running_stats=False)
              (5): SiLU()
              (6): Conv1d(128, 128, kernel_size=(1,), stride=(1,))
            )
          )
          (1): LocalConvBlock1D(
            (block): Sequential(
              (0): Conv1d(128, 128, kernel_size=(1,), stride=(1,))
              (1): InstanceNorm1d(128, eps=1e-05, momentum=0.1, affine=False, track_running_stats=False)
              (2): SiLU()
              (3): Conv1d(128, 128, kernel_size=(7,), stride=(1,), padding=(3,), groups=128)
              (4): InstanceNorm1d(128, eps=1e-05, momentum=0.1, affine=False, track_running_stats=False)
              (5): SiLU()
              (6): Conv1d(128, 128, kernel_size=(1,), stride=(1,))
            )
          )
        )
        (proj): Linear(in_features=384, out_features=128, bias=True)
      )
    )
    (level3): ModuleList(
      (0-1): 2 x LSSBlockTS(
        (global_layers): ModuleList(
          (0-1): 2 x BiMambaBlock(
            (norm): LayerNorm((128,), eps=1e-05, elementwise_affine=True)
            (mamba_fwd): Mamba(
              (in_proj): Linear(in_features=128, out_features=512, bias=False)
              (conv1d): Conv1d(256, 256, kernel_size=(4,), stride=(1,), padding=(3,), groups=256)
              (act): SiLU()
              (x_proj): Linear(in_features=256, out_features=40, bias=False)
              (dt_proj): Linear(in_features=8, out_features=256, bias=True)
              (out_proj): Linear(in_features=256, out_features=128, bias=False)
            )
            (mamba_bwd): Mamba(
              (in_proj): Linear(in_features=128, out_features=512, bias=False)
              (conv1d): Conv1d(256, 256, kernel_size=(4,), stride=(1,), padding=(3,), groups=256)
              (act): SiLU()
              (x_proj): Linear(in_features=256, out_features=40, bias=False)
              (dt_proj): Linear(in_features=8, out_features=256, bias=True)
              (out_proj): Linear(in_features=256, out_features=128, bias=False)
            )
            (ffn): Sequential(
              (0): LayerNorm((128,), eps=1e-05, elementwise_affine=True)
              (1): Linear(in_features=128, out_features=512, bias=True)
              (2): GELU(approximate='none')
              (3): Dropout(p=0.1, inplace=False)
              (4): Linear(in_features=512, out_features=128, bias=True)
            )
            (dropout): Dropout(p=0.1, inplace=False)
          )
        )
        (local_branches): ModuleList(
          (0): LocalConvBlock1D(
            (block): Sequential(
              (0): Conv1d(128, 128, kernel_size=(1,), stride=(1,))
              (1): InstanceNorm1d(128, eps=1e-05, momentum=0.1, affine=False, track_running_stats=False)
              (2): SiLU()
              (3): Conv1d(128, 128, kernel_size=(5,), stride=(1,), padding=(2,), groups=128)
              (4): InstanceNorm1d(128, eps=1e-05, momentum=0.1, affine=False, track_running_stats=False)
              (5): SiLU()
              (6): Conv1d(128, 128, kernel_size=(1,), stride=(1,))
            )
          )
          (1): LocalConvBlock1D(
            (block): Sequential(
              (0): Conv1d(128, 128, kernel_size=(1,), stride=(1,))
              (1): InstanceNorm1d(128, eps=1e-05, momentum=0.1, affine=False, track_running_stats=False)
              (2): SiLU()
              (3): Conv1d(128, 128, kernel_size=(7,), stride=(1,), padding=(3,), groups=128)
              (4): InstanceNorm1d(128, eps=1e-05, momentum=0.1, affine=False, track_running_stats=False)
              (5): SiLU()
              (6): Conv1d(128, 128, kernel_size=(1,), stride=(1,))
            )
          )
        )
        (proj): Linear(in_features=384, out_features=128, bias=True)
      )
    )
    (decoder): Linear(in_features=128, out_features=127, bias=True)
  )
  (forecast_branch): MambaTSADForecast(
    (enc_embedding): InvertedTimeEmbedding(
      (proj): Linear(in_features=90, out_features=128, bias=True)
      (dropout): Dropout(p=0.1, inplace=False)
    )
    (encoder_layers): ModuleList(
      (0-2): 3 x BiMambaBlock1D(
        (norm): LayerNorm((128,), eps=1e-05, elementwise_affine=True)
        (mamba_fwd): Mamba(
          (in_proj): Linear(in_features=128, out_features=512, bias=False)
          (conv1d): Conv1d(256, 256, kernel_size=(4,), stride=(1,), padding=(3,), groups=256)
          (act): SiLU()
          (x_proj): Linear(in_features=256, out_features=40, bias=False)
          (dt_proj): Linear(in_features=8, out_features=256, bias=True)
          (out_proj): Linear(in_features=256, out_features=128, bias=False)
        )
        (mamba_bwd): Mamba(
          (in_proj): Linear(in_features=128, out_features=512, bias=False)
          (conv1d): Conv1d(256, 256, kernel_size=(4,), stride=(1,), padding=(3,), groups=256)
          (act): SiLU()
          (x_proj): Linear(in_features=256, out_features=40, bias=False)
          (dt_proj): Linear(in_features=8, out_features=256, bias=True)
          (out_proj): Linear(in_features=256, out_features=128, bias=False)
        )
        (ffn): Sequential(
          (0): LayerNorm((128,), eps=1e-05, elementwise_affine=True)
          (1): Linear(in_features=128, out_features=512, bias=True)
          (2): GELU(approximate='none')
          (3): Dropout(p=0.1, inplace=False)
          (4): Linear(in_features=512, out_features=128, bias=True)
        )
        (dropout): Dropout(p=0.1, inplace=False)
      )
    )
    (enc_norm): LayerNorm((128,), eps=1e-05, elementwise_affine=True)
    (projector): Linear(in_features=128, out_features=10, bias=True)
  )
)
[2025-12-11 11:55:19,775] [INFO] ========== Epoch 1/50 (hybrid) ==========
[2025-12-11 12:17:24,622] [INFO] [Epoch 1] 混合模型训练损失: total=0.097733, recon=0.021082, forecast=0.076651
[2025-12-11 12:20:28,486] [INFO] [Eval-recon] F1=0.2023, P=0.3086, R=0.1504, AUC=0.5138, thr=0.002546, need_flip=True, dir=less, point_adjust=True
[2025-12-11 12:22:20,457] [INFO] [Eval-forecast] F1=0.4183, P=0.3191, R=0.6068, AUC=0.5472, thr=0.014161, need_flip=True, dir=less, point_adjust=True
[2025-12-11 12:24:10,213] [INFO] [Eval-hybrid] F1=0.3496, P=0.2593, R=0.5367, AUC=0.5676, thr=-0.554146, need_flip=True, dir=less, point_adjust=True; recon_F1=0.2023, forecast_F1=0.4183
[2025-12-11 12:24:10,476] [INFO] 已保存可视化图：./logs/wadi_hybrid/scores_epoch1_hybrid.png
[2025-12-11 12:24:10,545] [INFO] 发现更优模型 (F1=0.3496)，已保存至 ./logs/wadi_hybrid/best_model.pt
[2025-12-11 12:24:10,545] [INFO] ========== Epoch 2/50 (hybrid) ==========
[2025-12-11 12:46:13,727] [INFO] [Epoch 2] 混合模型训练损失: total=0.076031, recon=0.005327, forecast=0.070704
[2025-12-11 12:49:13,900] [INFO] [Eval-recon] F1=0.2121, P=0.3593, R=0.1504, AUC=0.5280, thr=0.001740, need_flip=True, dir=less, point_adjust=True
[2025-12-11 12:50:59,421] [INFO] [Eval-forecast] F1=0.4191, P=0.3201, R=0.6068, AUC=0.5453, thr=0.012943, need_flip=True, dir=less, point_adjust=True
[2025-12-11 12:52:46,911] [INFO] [Eval-hybrid] F1=0.2615, P=1.0000, R=0.1504, AUC=0.5460, thr=-0.554590, need_flip=True, dir=less, point_adjust=True; recon_F1=0.2121, forecast_F1=0.4191
[2025-12-11 12:52:47,145] [INFO] 已保存可视化图：./logs/wadi_hybrid/scores_epoch2_hybrid.png
[2025-12-11 12:52:47,146] [INFO] 当前 F1=0.2615，已连续 1 个 epoch 未提升。
[2025-12-11 12:52:47,146] [INFO] ========== Epoch 3/50 (hybrid) ==========
[2025-12-11 13:14:54,395] [INFO] [Epoch 3] 混合模型训练损失: total=0.071424, recon=0.004282, forecast=0.067141
[2025-12-11 13:17:56,268] [INFO] [Eval-recon] F1=0.2429, P=0.6304, R=0.1504, AUC=0.4910, thr=0.001586, need_flip=True, dir=less, point_adjust=True
[2025-12-11 13:19:43,590] [INFO] [Eval-forecast] F1=0.4089, P=0.3084, R=0.6068, AUC=0.5444, thr=0.014869, need_flip=True, dir=less, point_adjust=True
[2025-12-11 13:21:31,111] [INFO] [Eval-hybrid] F1=0.2575, P=0.8935, R=0.1504, AUC=0.5187, thr=-0.556237, need_flip=True, dir=less, point_adjust=True; recon_F1=0.2429, forecast_F1=0.4089
[2025-12-11 13:21:31,338] [INFO] 已保存可视化图：./logs/wadi_hybrid/scores_epoch3_hybrid.png
[2025-12-11 13:21:31,339] [INFO] 当前 F1=0.2575，已连续 2 个 epoch 未提升。
[2025-12-11 13:21:31,339] [INFO] ========== Epoch 4/50 (hybrid) ==========
[2025-12-11 13:43:25,097] [INFO] [Epoch 4] 混合模型训练损失: total=0.068497, recon=0.003711, forecast=0.064786
[2025-12-11 13:46:27,258] [INFO] [Eval-recon] F1=0.1946, P=0.1713, R=0.2253, AUC=0.5181, thr=259906.687500, need_flip=False, dir=greater, point_adjust=True
[2025-12-11 13:48:16,050] [INFO] [Eval-forecast] F1=0.3994, P=0.2977, R=0.6068, AUC=0.5477, thr=0.015098, need_flip=True, dir=less, point_adjust=True
[2025-12-11 13:50:04,535] [INFO] [Eval-hybrid] F1=0.2529, P=0.7925, R=0.1504, AUC=0.5222, thr=-0.556113, need_flip=True, dir=less, point_adjust=True; recon_F1=0.1946, forecast_F1=0.3994
[2025-12-11 13:50:04,763] [INFO] 已保存可视化图：./logs/wadi_hybrid/scores_epoch4_hybrid.png
[2025-12-11 13:50:04,764] [INFO] 当前 F1=0.2529，已连续 3 个 epoch 未提升。
[2025-12-11 13:50:04,764] [INFO] ========== Epoch 5/50 (hybrid) ==========
[2025-12-11 14:12:31,788] [INFO] [Epoch 5] 混合模型训练损失: total=0.066276, recon=0.003366, forecast=0.062909
[2025-12-11 14:15:32,742] [INFO] [Eval-recon] F1=0.2367, P=0.5543, R=0.1504, AUC=0.4908, thr=0.001122, need_flip=True, dir=less, point_adjust=True
[2025-12-11 14:17:19,162] [INFO] [Eval-forecast] F1=0.3909, P=0.2884, R=0.6068, AUC=0.5462, thr=0.015706, need_flip=True, dir=less, point_adjust=True
[2025-12-11 14:19:07,293] [INFO] [Eval-hybrid] F1=0.2581, P=0.9069, R=0.1504, AUC=0.5118, thr=-0.555457, need_flip=True, dir=less, point_adjust=True; recon_F1=0.2367, forecast_F1=0.3909
[2025-12-11 14:19:07,525] [INFO] 已保存可视化图：./logs/wadi_hybrid/scores_epoch5_hybrid.png
[2025-12-11 14:19:07,526] [INFO] 当前 F1=0.2581，已连续 4 个 epoch 未提升。
[2025-12-11 14:19:07,526] [INFO] ========== Epoch 6/50 (hybrid) ==========
[2025-12-11 14:41:01,522] [INFO] [Epoch 6] 混合模型训练损失: total=0.064704, recon=0.003066, forecast=0.061638
[2025-12-11 14:44:05,164] [INFO] [Eval-recon] F1=0.1848, P=0.2395, R=0.1504, AUC=0.5286, thr=0.001338, need_flip=True, dir=less, point_adjust=True
[2025-12-11 14:45:53,505] [INFO] [Eval-forecast] F1=0.4107, P=0.3104, R=0.6068, AUC=0.5473, thr=0.013266, need_flip=True, dir=less, point_adjust=True
[2025-12-11 14:47:41,782] [INFO] [Eval-hybrid] F1=0.2587, P=0.9231, R=0.1504, AUC=0.5542, thr=-0.555233, need_flip=True, dir=less, point_adjust=True; recon_F1=0.1848, forecast_F1=0.4107
[2025-12-11 14:47:42,012] [INFO] 已保存可视化图：./logs/wadi_hybrid/scores_epoch6_hybrid.png
[2025-12-11 14:47:42,013] [INFO] 当前 F1=0.2587，已连续 5 个 epoch 未提升。
[2025-12-11 14:47:42,013] [INFO] ========== Epoch 7/50 (hybrid) ==========
[2025-12-11 15:09:36,469] [INFO] [Epoch 7] 混合模型训练损失: total=0.063951, recon=0.003362, forecast=0.060589
[2025-12-11 15:12:39,293] [INFO] [Eval-recon] F1=0.2265, P=0.3514, R=0.1671, AUC=0.5189, thr=91899.125000, need_flip=False, dir=greater, point_adjust=True
[2025-12-11 15:14:29,244] [INFO] [Eval-forecast] F1=0.3879, P=0.2850, R=0.6068, AUC=0.5447, thr=0.016073, need_flip=True, dir=less, point_adjust=True
[2025-12-11 15:16:18,076] [INFO] [Eval-hybrid] F1=0.2582, P=0.1769, R=0.4775, AUC=0.5107, thr=-0.555262, need_flip=True, dir=less, point_adjust=True; recon_F1=0.2265, forecast_F1=0.3879
[2025-12-11 15:16:18,304] [INFO] 已保存可视化图：./logs/wadi_hybrid/scores_epoch7_hybrid.png
[2025-12-11 15:16:18,305] [INFO] 当前 F1=0.2582，已连续 6 个 epoch 未提升。
[2025-12-11 15:16:18,305] [INFO] ========== Epoch 8/50 (hybrid) ==========
[2025-12-11 15:38:05,929] [INFO] [Epoch 8] 混合模型训练损失: total=0.063101, recon=0.003421, forecast=0.059680
[2025-12-11 15:41:09,855] [INFO] [Eval-recon] F1=0.2021, P=0.1885, R=0.2177, AUC=0.4958, thr=0.001540, need_flip=True, dir=less, point_adjust=True
[2025-12-11 15:42:59,016] [INFO] [Eval-forecast] F1=0.3946, P=0.3084, R=0.5476, AUC=0.5433, thr=0.011022, need_flip=True, dir=less, point_adjust=True
[2025-12-11 15:44:48,220] [INFO] [Eval-hybrid] F1=0.2592, P=0.9346, R=0.1504, AUC=0.5159, thr=-0.555023, need_flip=True, dir=less, point_adjust=True; recon_F1=0.2021, forecast_F1=0.3946
[2025-12-11 15:44:48,449] [INFO] 已保存可视化图：./logs/wadi_hybrid/scores_epoch8_hybrid.png
[2025-12-11 15:44:48,450] [INFO] 当前 F1=0.2592，已连续 7 个 epoch 未提升。
[2025-12-11 15:44:48,450] [INFO] ========== Epoch 9/50 (hybrid) ==========
[2025-12-11 16:06:49,616] [INFO] [Epoch 9] 混合模型训练损失: total=0.063177, recon=0.004354, forecast=0.058823
[2025-12-11 16:09:54,025] [INFO] [Eval-recon] F1=0.1690, P=0.0925, R=0.9797, AUC=0.5020, thr=99049.210938, need_flip=True, dir=less, point_adjust=True
[2025-12-11 16:11:43,346] [INFO] [Eval-forecast] F1=0.3867, P=0.2837, R=0.6068, AUC=0.5458, thr=0.015576, need_flip=True, dir=less, point_adjust=True
[2025-12-11 16:13:32,977] [INFO] [Eval-hybrid] F1=0.2506, P=0.7498, R=0.1504, AUC=0.5244, thr=-0.555851, need_flip=True, dir=less, point_adjust=True; recon_F1=0.1690, forecast_F1=0.3867
[2025-12-11 16:13:33,207] [INFO] 已保存可视化图：./logs/wadi_hybrid/scores_epoch9_hybrid.png
[2025-12-11 16:13:33,208] [INFO] 当前 F1=0.2506，已连续 8 个 epoch 未提升。
[2025-12-11 16:13:33,208] [INFO] 早停触发：patience=8，最佳 F1=0.3496 (epoch=1)，对应指标={'precision': 0.2592718117554666, 'recall': 0.5367344893249105, 'f1': 0.34964577929046836, 'auc': 0.5676130450409962, 'threshold': -0.5541455379304678, 'use_point_adjust': True, 'need_flip': True, 'direction': 'less'}
[2025-12-11 16:13:33,208] [INFO] 训练结束，最佳 F1=0.3496 (epoch=1)，最佳指标={'precision': 0.2592718117554666, 'recall': 0.5367344893249105, 'f1': 0.34964577929046836, 'auc': 0.5676130450409962, 'threshold': -0.5541455379304678, 'use_point_adjust': True, 'need_flip': True, 'direction': 'less'}
[2025-12-11 16:13:33,210] [INFO] 训练流程已结束。
