[2025-12-09 11:28:26,590] [INFO] 日志已写入：./logs/smd_hybrid/MambaTSAD_20251209_112826.log
[2025-12-09 11:28:26,591] [INFO] 命令行参数：Namespace(dataset='smd', processed_root='./dataset/SMD', log_dir='./logs/smd_hybrid', branch='hybrid', win_size=100, pred_len=10, train_stride=1, test_stride=1, batch_size=64, epochs=50, lr=0.0001, weight_decay=0.0005, seed=42, no_amp=False, max_grad_norm=1.0, patience=8, lambda_recon=1.0, lambda_forecast=1.0, no_point_adjust=False, num_workers=4)
[2025-12-09 11:28:29,213] [INFO] 数据集 [smd] 构建完成，实体数量=4，input_dim=38，训练样本数=99185，测试样本数=99187
[2025-12-09 11:28:29,426] [INFO] 当前使用的设备：cuda
[2025-12-09 11:28:29,818] [INFO] 训练模式：混合模型 (hybrid)，context_len=90, pred_len=10。
[2025-12-09 11:28:30,262] [INFO] 模型结构：
MambaTSADHybrid(
  (recon_branch): MambaTSAD(
    (encoder): Linear(in_features=38, out_features=128, bias=True)
    (level1): ModuleList(
      (0-1): 2 x LSSBlockTS(
        (global_layers): ModuleList(
          (0-1): 2 x BiMambaBlock(
            (norm): LayerNorm((128,), eps=1e-05, elementwise_affine=True)
            (mamba_fwd): Mamba(
              (in_proj): Linear(in_features=128, out_features=512, bias=False)
              (conv1d): Conv1d(256, 256, kernel_size=(4,), stride=(1,), padding=(3,), groups=256)
              (act): SiLU()
              (x_proj): Linear(in_features=256, out_features=40, bias=False)
              (dt_proj): Linear(in_features=8, out_features=256, bias=True)
              (out_proj): Linear(in_features=256, out_features=128, bias=False)
            )
            (mamba_bwd): Mamba(
              (in_proj): Linear(in_features=128, out_features=512, bias=False)
              (conv1d): Conv1d(256, 256, kernel_size=(4,), stride=(1,), padding=(3,), groups=256)
              (act): SiLU()
              (x_proj): Linear(in_features=256, out_features=40, bias=False)
              (dt_proj): Linear(in_features=8, out_features=256, bias=True)
              (out_proj): Linear(in_features=256, out_features=128, bias=False)
            )
            (ffn): Sequential(
              (0): LayerNorm((128,), eps=1e-05, elementwise_affine=True)
              (1): Linear(in_features=128, out_features=512, bias=True)
              (2): GELU(approximate='none')
              (3): Dropout(p=0.1, inplace=False)
              (4): Linear(in_features=512, out_features=128, bias=True)
            )
            (dropout): Dropout(p=0.1, inplace=False)
          )
        )
        (local_branches): ModuleList(
          (0): LocalConvBlock1D(
            (block): Sequential(
              (0): Conv1d(128, 128, kernel_size=(1,), stride=(1,))
              (1): InstanceNorm1d(128, eps=1e-05, momentum=0.1, affine=False, track_running_stats=False)
              (2): SiLU()
              (3): Conv1d(128, 128, kernel_size=(5,), stride=(1,), padding=(2,), groups=128)
              (4): InstanceNorm1d(128, eps=1e-05, momentum=0.1, affine=False, track_running_stats=False)
              (5): SiLU()
              (6): Conv1d(128, 128, kernel_size=(1,), stride=(1,))
            )
          )
          (1): LocalConvBlock1D(
            (block): Sequential(
              (0): Conv1d(128, 128, kernel_size=(1,), stride=(1,))
              (1): InstanceNorm1d(128, eps=1e-05, momentum=0.1, affine=False, track_running_stats=False)
              (2): SiLU()
              (3): Conv1d(128, 128, kernel_size=(7,), stride=(1,), padding=(3,), groups=128)
              (4): InstanceNorm1d(128, eps=1e-05, momentum=0.1, affine=False, track_running_stats=False)
              (5): SiLU()
              (6): Conv1d(128, 128, kernel_size=(1,), stride=(1,))
            )
          )
        )
        (proj): Linear(in_features=384, out_features=128, bias=True)
      )
    )
    (level2): ModuleList(
      (0-1): 2 x LSSBlockTS(
        (global_layers): ModuleList(
          (0-1): 2 x BiMambaBlock(
            (norm): LayerNorm((128,), eps=1e-05, elementwise_affine=True)
            (mamba_fwd): Mamba(
              (in_proj): Linear(in_features=128, out_features=512, bias=False)
              (conv1d): Conv1d(256, 256, kernel_size=(4,), stride=(1,), padding=(3,), groups=256)
              (act): SiLU()
              (x_proj): Linear(in_features=256, out_features=40, bias=False)
              (dt_proj): Linear(in_features=8, out_features=256, bias=True)
              (out_proj): Linear(in_features=256, out_features=128, bias=False)
            )
            (mamba_bwd): Mamba(
              (in_proj): Linear(in_features=128, out_features=512, bias=False)
              (conv1d): Conv1d(256, 256, kernel_size=(4,), stride=(1,), padding=(3,), groups=256)
              (act): SiLU()
              (x_proj): Linear(in_features=256, out_features=40, bias=False)
              (dt_proj): Linear(in_features=8, out_features=256, bias=True)
              (out_proj): Linear(in_features=256, out_features=128, bias=False)
            )
            (ffn): Sequential(
              (0): LayerNorm((128,), eps=1e-05, elementwise_affine=True)
              (1): Linear(in_features=128, out_features=512, bias=True)
              (2): GELU(approximate='none')
              (3): Dropout(p=0.1, inplace=False)
              (4): Linear(in_features=512, out_features=128, bias=True)
            )
            (dropout): Dropout(p=0.1, inplace=False)
          )
        )
        (local_branches): ModuleList(
          (0): LocalConvBlock1D(
            (block): Sequential(
              (0): Conv1d(128, 128, kernel_size=(1,), stride=(1,))
              (1): InstanceNorm1d(128, eps=1e-05, momentum=0.1, affine=False, track_running_stats=False)
              (2): SiLU()
              (3): Conv1d(128, 128, kernel_size=(5,), stride=(1,), padding=(2,), groups=128)
              (4): InstanceNorm1d(128, eps=1e-05, momentum=0.1, affine=False, track_running_stats=False)
              (5): SiLU()
              (6): Conv1d(128, 128, kernel_size=(1,), stride=(1,))
            )
          )
          (1): LocalConvBlock1D(
            (block): Sequential(
              (0): Conv1d(128, 128, kernel_size=(1,), stride=(1,))
              (1): InstanceNorm1d(128, eps=1e-05, momentum=0.1, affine=False, track_running_stats=False)
              (2): SiLU()
              (3): Conv1d(128, 128, kernel_size=(7,), stride=(1,), padding=(3,), groups=128)
              (4): InstanceNorm1d(128, eps=1e-05, momentum=0.1, affine=False, track_running_stats=False)
              (5): SiLU()
              (6): Conv1d(128, 128, kernel_size=(1,), stride=(1,))
            )
          )
        )
        (proj): Linear(in_features=384, out_features=128, bias=True)
      )
    )
    (level3): ModuleList(
      (0-1): 2 x LSSBlockTS(
        (global_layers): ModuleList(
          (0-1): 2 x BiMambaBlock(
            (norm): LayerNorm((128,), eps=1e-05, elementwise_affine=True)
            (mamba_fwd): Mamba(
              (in_proj): Linear(in_features=128, out_features=512, bias=False)
              (conv1d): Conv1d(256, 256, kernel_size=(4,), stride=(1,), padding=(3,), groups=256)
              (act): SiLU()
              (x_proj): Linear(in_features=256, out_features=40, bias=False)
              (dt_proj): Linear(in_features=8, out_features=256, bias=True)
              (out_proj): Linear(in_features=256, out_features=128, bias=False)
            )
            (mamba_bwd): Mamba(
              (in_proj): Linear(in_features=128, out_features=512, bias=False)
              (conv1d): Conv1d(256, 256, kernel_size=(4,), stride=(1,), padding=(3,), groups=256)
              (act): SiLU()
              (x_proj): Linear(in_features=256, out_features=40, bias=False)
              (dt_proj): Linear(in_features=8, out_features=256, bias=True)
              (out_proj): Linear(in_features=256, out_features=128, bias=False)
            )
            (ffn): Sequential(
              (0): LayerNorm((128,), eps=1e-05, elementwise_affine=True)
              (1): Linear(in_features=128, out_features=512, bias=True)
              (2): GELU(approximate='none')
              (3): Dropout(p=0.1, inplace=False)
              (4): Linear(in_features=512, out_features=128, bias=True)
            )
            (dropout): Dropout(p=0.1, inplace=False)
          )
        )
        (local_branches): ModuleList(
          (0): LocalConvBlock1D(
            (block): Sequential(
              (0): Conv1d(128, 128, kernel_size=(1,), stride=(1,))
              (1): InstanceNorm1d(128, eps=1e-05, momentum=0.1, affine=False, track_running_stats=False)
              (2): SiLU()
              (3): Conv1d(128, 128, kernel_size=(5,), stride=(1,), padding=(2,), groups=128)
              (4): InstanceNorm1d(128, eps=1e-05, momentum=0.1, affine=False, track_running_stats=False)
              (5): SiLU()
              (6): Conv1d(128, 128, kernel_size=(1,), stride=(1,))
            )
          )
          (1): LocalConvBlock1D(
            (block): Sequential(
              (0): Conv1d(128, 128, kernel_size=(1,), stride=(1,))
              (1): InstanceNorm1d(128, eps=1e-05, momentum=0.1, affine=False, track_running_stats=False)
              (2): SiLU()
              (3): Conv1d(128, 128, kernel_size=(7,), stride=(1,), padding=(3,), groups=128)
              (4): InstanceNorm1d(128, eps=1e-05, momentum=0.1, affine=False, track_running_stats=False)
              (5): SiLU()
              (6): Conv1d(128, 128, kernel_size=(1,), stride=(1,))
            )
          )
        )
        (proj): Linear(in_features=384, out_features=128, bias=True)
      )
    )
    (decoder): Linear(in_features=128, out_features=38, bias=True)
  )
  (forecast_branch): MambaTSADForecast(
    (enc_embedding): InvertedTimeEmbedding(
      (proj): Linear(in_features=90, out_features=128, bias=True)
      (dropout): Dropout(p=0.1, inplace=False)
    )
    (encoder_layers): ModuleList(
      (0-2): 3 x BiMambaBlock1D(
        (norm): LayerNorm((128,), eps=1e-05, elementwise_affine=True)
        (mamba_fwd): Mamba(
          (in_proj): Linear(in_features=128, out_features=512, bias=False)
          (conv1d): Conv1d(256, 256, kernel_size=(4,), stride=(1,), padding=(3,), groups=256)
          (act): SiLU()
          (x_proj): Linear(in_features=256, out_features=40, bias=False)
          (dt_proj): Linear(in_features=8, out_features=256, bias=True)
          (out_proj): Linear(in_features=256, out_features=128, bias=False)
        )
        (mamba_bwd): Mamba(
          (in_proj): Linear(in_features=128, out_features=512, bias=False)
          (conv1d): Conv1d(256, 256, kernel_size=(4,), stride=(1,), padding=(3,), groups=256)
          (act): SiLU()
          (x_proj): Linear(in_features=256, out_features=40, bias=False)
          (dt_proj): Linear(in_features=8, out_features=256, bias=True)
          (out_proj): Linear(in_features=256, out_features=128, bias=False)
        )
        (ffn): Sequential(
          (0): LayerNorm((128,), eps=1e-05, elementwise_affine=True)
          (1): Linear(in_features=128, out_features=512, bias=True)
          (2): GELU(approximate='none')
          (3): Dropout(p=0.1, inplace=False)
          (4): Linear(in_features=512, out_features=128, bias=True)
        )
        (dropout): Dropout(p=0.1, inplace=False)
      )
    )
    (enc_norm): LayerNorm((128,), eps=1e-05, elementwise_affine=True)
    (projector): Linear(in_features=128, out_features=10, bias=True)
  )
)
[2025-12-09 11:28:30,264] [INFO] ========== Epoch 1/50 (hybrid) ==========
[2025-12-09 11:31:29,456] [INFO] [Epoch 1] 混合模型训练损失: total=0.956643, recon=0.472452, forecast=0.492396
[2025-12-09 11:32:35,550] [INFO] [Eval-recon(hybrid)] F1=0.8141, P=0.7050, R=0.9631, AUC=0.8473, thr=1.341238, point_adjust=True
[2025-12-09 11:33:16,345] [INFO] [Eval-forecast(hybrid)] F1=0.8770, P=0.8049, R=0.9631, AUC=0.8847, thr=6.793729, point_adjust=True
[2025-12-09 11:33:46,946] [INFO] [Eval-hybrid] F1=0.8026, P=0.6880, R=0.9631, AUC=0.8856, thr=-0.018665, point_adjust=True; recon_F1=0.8141, forecast_F1=0.8770
[2025-12-09 11:33:47,067] [INFO] 发现更优模型，已保存至 ./logs/smd_hybrid/best_model_hybrid.pt
[2025-12-09 11:33:47,332] [INFO] 已保存可视化图：./logs/smd_hybrid/scores_epoch1_hybrid.png
[2025-12-09 11:33:47,332] [INFO] ========== Epoch 2/50 (hybrid) ==========
[2025-12-09 11:36:39,979] [INFO] [Epoch 2] 混合模型训练损失: total=0.753741, recon=0.352803, forecast=0.428453
[2025-12-09 11:37:45,533] [INFO] [Eval-recon(hybrid)] F1=0.8162, P=0.7081, R=0.9631, AUC=0.8305, thr=1.361373, point_adjust=True
[2025-12-09 11:38:25,863] [INFO] [Eval-forecast(hybrid)] F1=0.8825, P=0.8143, R=0.9631, AUC=0.8851, thr=6.835215, point_adjust=True
[2025-12-09 11:38:56,366] [INFO] [Eval-hybrid] F1=0.8365, P=0.7393, R=0.9631, AUC=0.8787, thr=-0.017895, point_adjust=True; recon_F1=0.8162, forecast_F1=0.8825
[2025-12-09 11:38:56,480] [INFO] 发现更优模型，已保存至 ./logs/smd_hybrid/best_model_hybrid.pt
[2025-12-09 11:38:56,718] [INFO] 已保存可视化图：./logs/smd_hybrid/scores_epoch2_hybrid.png
[2025-12-09 11:38:56,718] [INFO] ========== Epoch 3/50 (hybrid) ==========
[2025-12-09 11:41:57,757] [INFO] [Epoch 3] 混合模型训练损失: total=0.722581, recon=0.348018, forecast=0.406785
[2025-12-09 11:43:03,307] [INFO] [Eval-recon(hybrid)] F1=0.8526, P=0.7649, R=0.9631, AUC=0.8226, thr=1.340106, point_adjust=True
[2025-12-09 11:43:43,440] [INFO] [Eval-forecast(hybrid)] F1=0.8859, P=0.8202, R=0.9631, AUC=0.8864, thr=6.928380, point_adjust=True
[2025-12-09 11:44:13,396] [INFO] [Eval-hybrid] F1=0.8426, P=0.7489, R=0.9631, AUC=0.8773, thr=-0.017651, point_adjust=True; recon_F1=0.8526, forecast_F1=0.8859
[2025-12-09 11:44:13,506] [INFO] 发现更优模型，已保存至 ./logs/smd_hybrid/best_model_hybrid.pt
[2025-12-09 11:44:13,750] [INFO] 已保存可视化图：./logs/smd_hybrid/scores_epoch3_hybrid.png
[2025-12-09 11:44:13,750] [INFO] ========== Epoch 4/50 (hybrid) ==========
[2025-12-09 11:47:14,772] [INFO] [Epoch 4] 混合模型训练损失: total=0.711369, recon=0.345730, forecast=0.394438
[2025-12-09 11:48:20,759] [INFO] [Eval-recon(hybrid)] F1=0.8583, P=0.7841, R=0.9480, AUC=0.8188, thr=1.461021, point_adjust=True
[2025-12-09 11:49:01,203] [INFO] [Eval-forecast(hybrid)] F1=0.8848, P=0.8183, R=0.9631, AUC=0.8904, thr=6.477558, point_adjust=True
[2025-12-09 11:49:31,692] [INFO] [Eval-hybrid] F1=0.8527, P=0.7650, R=0.9631, AUC=0.8726, thr=-0.016800, point_adjust=True; recon_F1=0.8583, forecast_F1=0.8848
[2025-12-09 11:49:31,806] [INFO] 发现更优模型，已保存至 ./logs/smd_hybrid/best_model_hybrid.pt
[2025-12-09 11:49:32,054] [INFO] 已保存可视化图：./logs/smd_hybrid/scores_epoch4_hybrid.png
[2025-12-09 11:49:32,054] [INFO] ========== Epoch 5/50 (hybrid) ==========
[2025-12-09 11:52:33,226] [INFO] [Epoch 5] 混合模型训练损失: total=0.709183, recon=0.344402, forecast=0.386332
[2025-12-09 11:53:38,838] [INFO] [Eval-recon(hybrid)] F1=0.8675, P=0.7892, R=0.9631, AUC=0.8170, thr=1.369635, point_adjust=True
[2025-12-09 11:54:18,791] [INFO] [Eval-forecast(hybrid)] F1=0.8894, P=0.8262, R=0.9631, AUC=0.8866, thr=6.908700, point_adjust=True
[2025-12-09 11:54:49,455] [INFO] [Eval-hybrid] F1=0.8838, P=0.8165, R=0.9631, AUC=0.8731, thr=-0.016724, point_adjust=True; recon_F1=0.8675, forecast_F1=0.8894
[2025-12-09 11:54:49,569] [INFO] 发现更优模型，已保存至 ./logs/smd_hybrid/best_model_hybrid.pt
[2025-12-09 11:54:49,811] [INFO] 已保存可视化图：./logs/smd_hybrid/scores_epoch5_hybrid.png
[2025-12-09 11:54:49,811] [INFO] ========== Epoch 6/50 (hybrid) ==========
[2025-12-09 11:57:50,763] [INFO] [Epoch 6] 混合模型训练损失: total=0.708522, recon=0.343420, forecast=0.379727
[2025-12-09 11:58:56,879] [INFO] [Eval-recon(hybrid)] F1=0.9089, P=0.8605, R=0.9631, AUC=0.8200, thr=1.386576, point_adjust=True
[2025-12-09 11:59:36,782] [INFO] [Eval-forecast(hybrid)] F1=0.8923, P=0.8311, R=0.9631, AUC=0.8829, thr=7.246072, point_adjust=True
[2025-12-09 12:00:07,382] [INFO] [Eval-hybrid] F1=0.8882, P=0.8241, R=0.9631, AUC=0.8729, thr=-0.016631, point_adjust=True; recon_F1=0.9089, forecast_F1=0.8923
[2025-12-09 12:00:07,496] [INFO] 发现更优模型，已保存至 ./logs/smd_hybrid/best_model_hybrid.pt
[2025-12-09 12:00:07,771] [INFO] 已保存可视化图：./logs/smd_hybrid/scores_epoch6_hybrid.png
[2025-12-09 12:00:07,771] [INFO] ========== Epoch 7/50 (hybrid) ==========
[2025-12-09 12:03:10,379] [INFO] [Epoch 7] 混合模型训练损失: total=0.707604, recon=0.342713, forecast=0.374593
[2025-12-09 12:04:16,178] [INFO] [Eval-recon(hybrid)] F1=0.9086, P=0.8599, R=0.9631, AUC=0.8181, thr=1.385007, point_adjust=True
[2025-12-09 12:04:55,997] [INFO] [Eval-forecast(hybrid)] F1=0.8845, P=0.8178, R=0.9631, AUC=0.8853, thr=6.442978, point_adjust=True
[2025-12-09 12:05:26,513] [INFO] [Eval-hybrid] F1=0.8953, P=0.8364, R=0.9631, AUC=0.8737, thr=-0.016526, point_adjust=True; recon_F1=0.9086, forecast_F1=0.8845
[2025-12-09 12:05:26,623] [INFO] 发现更优模型，已保存至 ./logs/smd_hybrid/best_model_hybrid.pt
[2025-12-09 12:05:26,872] [INFO] 已保存可视化图：./logs/smd_hybrid/scores_epoch7_hybrid.png
[2025-12-09 12:05:26,872] [INFO] ========== Epoch 8/50 (hybrid) ==========
[2025-12-09 12:08:23,068] [INFO] [Epoch 8] 混合模型训练损失: total=0.704494, recon=0.342079, forecast=0.370232
[2025-12-09 12:09:29,467] [INFO] [Eval-recon(hybrid)] F1=0.9231, P=0.8863, R=0.9631, AUC=0.8171, thr=1.312789, point_adjust=True
[2025-12-09 12:10:10,693] [INFO] [Eval-forecast(hybrid)] F1=0.8892, P=0.8258, R=0.9631, AUC=0.8792, thr=7.147908, point_adjust=True
[2025-12-09 12:10:41,398] [INFO] [Eval-hybrid] F1=0.8986, P=0.8421, R=0.9631, AUC=0.8723, thr=-0.016625, point_adjust=True; recon_F1=0.9231, forecast_F1=0.8892
[2025-12-09 12:10:41,513] [INFO] 发现更优模型，已保存至 ./logs/smd_hybrid/best_model_hybrid.pt
[2025-12-09 12:10:41,765] [INFO] 已保存可视化图：./logs/smd_hybrid/scores_epoch8_hybrid.png
[2025-12-09 12:10:41,765] [INFO] ========== Epoch 9/50 (hybrid) ==========
[2025-12-09 12:13:34,565] [INFO] [Epoch 9] 混合模型训练损失: total=0.701461, recon=0.341248, forecast=0.366442
[2025-12-09 12:14:42,247] [INFO] [Eval-recon(hybrid)] F1=0.9257, P=0.8911, R=0.9631, AUC=0.8181, thr=1.396964, point_adjust=True
[2025-12-09 12:15:24,127] [INFO] [Eval-forecast(hybrid)] F1=0.8886, P=0.8247, R=0.9631, AUC=0.8789, thr=7.004969, point_adjust=True
[2025-12-09 12:15:55,741] [INFO] [Eval-hybrid] F1=0.8985, P=0.8419, R=0.9631, AUC=0.8710, thr=-0.016531, point_adjust=True; recon_F1=0.9257, forecast_F1=0.8886
[2025-12-09 12:15:55,997] [INFO] 已保存可视化图：./logs/smd_hybrid/scores_epoch9_hybrid.png
[2025-12-09 12:15:55,998] [INFO] ========== Epoch 10/50 (hybrid) ==========
[2025-12-09 12:18:49,429] [INFO] [Epoch 10] 混合模型训练损失: total=0.697540, recon=0.341045, forecast=0.362665
[2025-12-09 12:19:55,525] [INFO] [Eval-recon(hybrid)] F1=0.9233, P=0.8866, R=0.9631, AUC=0.8188, thr=1.308651, point_adjust=True
[2025-12-09 12:20:35,702] [INFO] [Eval-forecast(hybrid)] F1=0.8874, P=0.8227, R=0.9631, AUC=0.8830, thr=6.494956, point_adjust=True
[2025-12-09 12:21:07,048] [INFO] [Eval-hybrid] F1=0.8988, P=0.8426, R=0.9631, AUC=0.8756, thr=-0.016268, point_adjust=True; recon_F1=0.9233, forecast_F1=0.8874
[2025-12-09 12:21:07,163] [INFO] 发现更优模型，已保存至 ./logs/smd_hybrid/best_model_hybrid.pt
[2025-12-09 12:21:07,410] [INFO] 已保存可视化图：./logs/smd_hybrid/scores_epoch10_hybrid.png
[2025-12-09 12:21:07,410] [INFO] ========== Epoch 11/50 (hybrid) ==========
[2025-12-09 12:24:00,666] [INFO] [Epoch 11] 混合模型训练损失: total=0.692824, recon=0.340965, forecast=0.358890
[2025-12-09 12:25:07,767] [INFO] [Eval-recon(hybrid)] F1=0.9232, P=0.8864, R=0.9631, AUC=0.8219, thr=1.316348, point_adjust=True
[2025-12-09 12:25:49,209] [INFO] [Eval-forecast(hybrid)] F1=0.8883, P=0.8243, R=0.9631, AUC=0.8835, thr=6.803201, point_adjust=True
[2025-12-09 12:26:20,909] [INFO] [Eval-hybrid] F1=0.9005, P=0.8455, R=0.9631, AUC=0.8755, thr=-0.016332, point_adjust=True; recon_F1=0.9232, forecast_F1=0.8883
[2025-12-09 12:26:21,026] [INFO] 发现更优模型，已保存至 ./logs/smd_hybrid/best_model_hybrid.pt
[2025-12-09 12:26:21,271] [INFO] 已保存可视化图：./logs/smd_hybrid/scores_epoch11_hybrid.png
[2025-12-09 12:26:21,271] [INFO] ========== Epoch 12/50 (hybrid) ==========
[2025-12-09 12:29:15,387] [INFO] [Epoch 12] 混合模型训练损失: total=0.691397, recon=0.340512, forecast=0.356484
[2025-12-09 12:30:22,701] [INFO] [Eval-recon(hybrid)] F1=0.9232, P=0.8864, R=0.9631, AUC=0.8217, thr=1.313478, point_adjust=True
[2025-12-09 12:31:03,783] [INFO] [Eval-forecast(hybrid)] F1=0.8891, P=0.8256, R=0.9631, AUC=0.8818, thr=7.112844, point_adjust=True
[2025-12-09 12:31:35,163] [INFO] [Eval-hybrid] F1=0.8975, P=0.8402, R=0.9631, AUC=0.8750, thr=-0.016247, point_adjust=True; recon_F1=0.9232, forecast_F1=0.8891
[2025-12-09 12:31:35,408] [INFO] 已保存可视化图：./logs/smd_hybrid/scores_epoch12_hybrid.png
[2025-12-09 12:31:35,408] [INFO] ========== Epoch 13/50 (hybrid) ==========
[2025-12-09 12:34:28,917] [INFO] [Epoch 13] 混合模型训练损失: total=0.686523, recon=0.340364, forecast=0.353416
[2025-12-09 12:35:34,917] [INFO] [Eval-recon(hybrid)] F1=0.9233, P=0.8866, R=0.9631, AUC=0.8220, thr=1.310732, point_adjust=True
[2025-12-09 12:36:15,277] [INFO] [Eval-forecast(hybrid)] F1=0.8876, P=0.8231, R=0.9631, AUC=0.8817, thr=6.818469, point_adjust=True
[2025-12-09 12:36:46,162] [INFO] [Eval-hybrid] F1=0.8985, P=0.8419, R=0.9631, AUC=0.8749, thr=-0.016511, point_adjust=True; recon_F1=0.9233, forecast_F1=0.8876
[2025-12-09 12:36:46,414] [INFO] 已保存可视化图：./logs/smd_hybrid/scores_epoch13_hybrid.png
[2025-12-09 12:36:46,414] [INFO] ========== Epoch 14/50 (hybrid) ==========
[2025-12-09 12:39:39,313] [INFO] [Epoch 14] 混合模型训练损失: total=0.683231, recon=0.340183, forecast=0.349941
[2025-12-09 12:40:45,715] [INFO] [Eval-recon(hybrid)] F1=0.9236, P=0.8871, R=0.9631, AUC=0.8239, thr=1.311038, point_adjust=True
[2025-12-09 12:41:26,278] [INFO] [Eval-forecast(hybrid)] F1=0.8893, P=0.8259, R=0.9631, AUC=0.8809, thr=7.097592, point_adjust=True
[2025-12-09 12:41:56,707] [INFO] [Eval-hybrid] F1=0.8993, P=0.8435, R=0.9631, AUC=0.8730, thr=-0.016520, point_adjust=True; recon_F1=0.9236, forecast_F1=0.8893
[2025-12-09 12:41:56,963] [INFO] 已保存可视化图：./logs/smd_hybrid/scores_epoch14_hybrid.png
[2025-12-09 12:41:56,963] [INFO] ========== Epoch 15/50 (hybrid) ==========
[2025-12-09 12:44:48,203] [INFO] [Epoch 15] 混合模型训练损失: total=0.676851, recon=0.340047, forecast=0.346528
[2025-12-09 12:45:55,411] [INFO] [Eval-recon(hybrid)] F1=0.9234, P=0.8868, R=0.9631, AUC=0.8236, thr=1.307920, point_adjust=True
[2025-12-09 12:46:36,723] [INFO] [Eval-forecast(hybrid)] F1=0.8878, P=0.8234, R=0.9631, AUC=0.8827, thr=7.017499, point_adjust=True
[2025-12-09 12:47:08,585] [INFO] [Eval-hybrid] F1=0.8969, P=0.8392, R=0.9631, AUC=0.8765, thr=-0.016234, point_adjust=True; recon_F1=0.9234, forecast_F1=0.8878
[2025-12-09 12:47:08,839] [INFO] 已保存可视化图：./logs/smd_hybrid/scores_epoch15_hybrid.png
[2025-12-09 12:47:08,839] [INFO] ========== Epoch 16/50 (hybrid) ==========
[2025-12-09 12:50:02,340] [INFO] [Epoch 16] 混合模型训练损失: total=0.674742, recon=0.339855, forecast=0.344194
[2025-12-09 12:51:08,115] [INFO] [Eval-recon(hybrid)] F1=0.9236, P=0.8873, R=0.9631, AUC=0.8207, thr=1.307011, point_adjust=True
[2025-12-09 12:51:47,307] [INFO] [Eval-forecast(hybrid)] F1=0.8862, P=0.8206, R=0.9631, AUC=0.8802, thr=6.974977, point_adjust=True
[2025-12-09 12:52:17,534] [INFO] [Eval-hybrid] F1=0.8989, P=0.8427, R=0.9631, AUC=0.8719, thr=-0.016343, point_adjust=True; recon_F1=0.9236, forecast_F1=0.8862
[2025-12-09 12:52:17,779] [INFO] 已保存可视化图：./logs/smd_hybrid/scores_epoch16_hybrid.png
[2025-12-09 12:52:17,779] [INFO] ========== Epoch 17/50 (hybrid) ==========
[2025-12-09 12:55:10,380] [INFO] [Epoch 17] 混合模型训练损失: total=0.670218, recon=0.339661, forecast=0.341725
[2025-12-09 12:56:16,192] [INFO] [Eval-recon(hybrid)] F1=0.9236, P=0.8871, R=0.9631, AUC=0.8250, thr=1.310520, point_adjust=True
[2025-12-09 12:56:56,527] [INFO] [Eval-forecast(hybrid)] F1=0.8887, P=0.8250, R=0.9631, AUC=0.8833, thr=7.065731, point_adjust=True
[2025-12-09 12:57:26,990] [INFO] [Eval-hybrid] F1=0.9006, P=0.8457, R=0.9631, AUC=0.8752, thr=-0.016315, point_adjust=True; recon_F1=0.9236, forecast_F1=0.8887
[2025-12-09 12:57:27,238] [INFO] 已保存可视化图：./logs/smd_hybrid/scores_epoch17_hybrid.png
[2025-12-09 12:57:27,239] [INFO] ========== Epoch 18/50 (hybrid) ==========
[2025-12-09 13:00:20,256] [INFO] [Epoch 18] 混合模型训练损失: total=0.664648, recon=0.339393, forecast=0.338802
[2025-12-09 13:01:26,019] [INFO] [Eval-recon(hybrid)] F1=0.9235, P=0.8869, R=0.9631, AUC=0.8248, thr=1.307022, point_adjust=True
[2025-12-09 13:02:05,193] [INFO] [Eval-forecast(hybrid)] F1=0.8904, P=0.8278, R=0.9631, AUC=0.8826, thr=7.109435, point_adjust=True
[2025-12-09 13:02:35,763] [INFO] [Eval-hybrid] F1=0.8964, P=0.8383, R=0.9631, AUC=0.8765, thr=-0.016335, point_adjust=True; recon_F1=0.9235, forecast_F1=0.8904
[2025-12-09 13:02:36,013] [INFO] 已保存可视化图：./logs/smd_hybrid/scores_epoch18_hybrid.png
[2025-12-09 13:02:36,013] [INFO] ========== Epoch 19/50 (hybrid) ==========
[2025-12-09 13:05:27,639] [INFO] [Epoch 19] 混合模型训练损失: total=0.659931, recon=0.339145, forecast=0.336253
[2025-12-09 13:06:34,412] [INFO] [Eval-recon(hybrid)] F1=0.9236, P=0.8871, R=0.9631, AUC=0.8260, thr=1.308678, point_adjust=True
[2025-12-09 13:07:14,853] [INFO] [Eval-forecast(hybrid)] F1=0.8872, P=0.8224, R=0.9631, AUC=0.8845, thr=7.066423, point_adjust=True
[2025-12-09 13:07:45,284] [INFO] [Eval-hybrid] F1=0.9004, P=0.8453, R=0.9631, AUC=0.8772, thr=-0.016144, point_adjust=True; recon_F1=0.9236, forecast_F1=0.8872
[2025-12-09 13:07:45,284] [INFO] 早停触发：连续 8 个 epoch F1 未提升，停止训练。
[2025-12-09 13:07:45,285] [INFO] 训练结束，最佳 F1=0.9005, 最佳指标={'precision': 0.8455030347602621, 'recall': 0.9631259166122709, 'f1': 0.9004897109841239, 'auc': 0.8755468549546301, 'threshold': -0.016332375112387453, 'use_point_adjust': True}
[2025-12-09 13:07:45,286] [INFO] 训练流程已结束。
