[2025-12-11 10:10:41,703] [INFO] 日志已写入：./logs/smd_adv_hybrid/MambaTSAD-ADV_20251211_101041.log
[2025-12-11 10:10:41,703] [INFO] 命令行参数：Namespace(dataset='smd', processed_root='./dataset/SMD', log_dir='./logs/smd_adv_hybrid', win_size=100, pred_len=10, batch_size=64, epochs=50, lr=0.0001, weight_decay=0.0005, train_stride=1, test_stride=1, num_workers=4, seed=42, no_amp=False, max_grad_norm=1.0, use_adv_training=True, adv_warmup_epochs=5, lambda_rec=1.0, lambda_pred=1.0, lambda_adv1=0.5, lambda_adv2=0.5, use_pseudo_label=False, pseudo_contamination=0.01, no_point_adjust=False)
[2025-12-11 10:10:41,999] [INFO] 当前使用的设备：cuda
[2025-12-11 10:10:43,155] [INFO] 数据集 [smd] 构建完成，实体数量=28，input_dim=38，训练样本数=705633，测试样本数=705648
[2025-12-11 10:10:43,283] [INFO] 模型结构：
[2025-12-11 10:10:43,283] [INFO] MambaTSADHybridSharedAdv(
  (shared_encoder): SharedEncoder(
    (encoder_in): Linear(in_features=38, out_features=128, bias=True)
    (layers): ModuleList(
      (0-1): 2 x BiMambaBlock(
        (norm): LayerNorm((128,), eps=1e-05, elementwise_affine=True)
        (mamba_fwd): Mamba(
          (in_proj): Linear(in_features=128, out_features=512, bias=False)
          (conv1d): Conv1d(256, 256, kernel_size=(4,), stride=(1,), padding=(3,), groups=256)
          (act): SiLU()
          (x_proj): Linear(in_features=256, out_features=40, bias=False)
          (dt_proj): Linear(in_features=8, out_features=256, bias=True)
          (out_proj): Linear(in_features=256, out_features=128, bias=False)
        )
        (mamba_bwd): Mamba(
          (in_proj): Linear(in_features=128, out_features=512, bias=False)
          (conv1d): Conv1d(256, 256, kernel_size=(4,), stride=(1,), padding=(3,), groups=256)
          (act): SiLU()
          (x_proj): Linear(in_features=256, out_features=40, bias=False)
          (dt_proj): Linear(in_features=8, out_features=256, bias=True)
          (out_proj): Linear(in_features=256, out_features=128, bias=False)
        )
        (ffn): Sequential(
          (0): LayerNorm((128,), eps=1e-05, elementwise_affine=True)
          (1): Linear(in_features=128, out_features=512, bias=True)
          (2): GELU(approximate='none')
          (3): Dropout(p=0.1, inplace=False)
          (4): Linear(in_features=512, out_features=128, bias=True)
        )
        (dropout): Dropout(p=0.1, inplace=False)
      )
    )
    (norm): LayerNorm((128,), eps=1e-05, elementwise_affine=True)
  )
  (recon_head): ReconHead(
    (layers): ModuleList(
      (0): BiMambaBlock(
        (norm): LayerNorm((128,), eps=1e-05, elementwise_affine=True)
        (mamba_fwd): Mamba(
          (in_proj): Linear(in_features=128, out_features=512, bias=False)
          (conv1d): Conv1d(256, 256, kernel_size=(4,), stride=(1,), padding=(3,), groups=256)
          (act): SiLU()
          (x_proj): Linear(in_features=256, out_features=40, bias=False)
          (dt_proj): Linear(in_features=8, out_features=256, bias=True)
          (out_proj): Linear(in_features=256, out_features=128, bias=False)
        )
        (mamba_bwd): Mamba(
          (in_proj): Linear(in_features=128, out_features=512, bias=False)
          (conv1d): Conv1d(256, 256, kernel_size=(4,), stride=(1,), padding=(3,), groups=256)
          (act): SiLU()
          (x_proj): Linear(in_features=256, out_features=40, bias=False)
          (dt_proj): Linear(in_features=8, out_features=256, bias=True)
          (out_proj): Linear(in_features=256, out_features=128, bias=False)
        )
        (ffn): Sequential(
          (0): LayerNorm((128,), eps=1e-05, elementwise_affine=True)
          (1): Linear(in_features=128, out_features=512, bias=True)
          (2): GELU(approximate='none')
          (3): Dropout(p=0.1, inplace=False)
          (4): Linear(in_features=512, out_features=128, bias=True)
        )
        (dropout): Dropout(p=0.1, inplace=False)
      )
    )
    (norm): LayerNorm((128,), eps=1e-05, elementwise_affine=True)
    (proj_out): Linear(in_features=128, out_features=38, bias=True)
  )
  (forecast_head): ForecastHead(
    (layers): ModuleList(
      (0): BiMambaBlock(
        (norm): LayerNorm((128,), eps=1e-05, elementwise_affine=True)
        (mamba_fwd): Mamba(
          (in_proj): Linear(in_features=128, out_features=512, bias=False)
          (conv1d): Conv1d(256, 256, kernel_size=(4,), stride=(1,), padding=(3,), groups=256)
          (act): SiLU()
          (x_proj): Linear(in_features=256, out_features=40, bias=False)
          (dt_proj): Linear(in_features=8, out_features=256, bias=True)
          (out_proj): Linear(in_features=256, out_features=128, bias=False)
        )
        (mamba_bwd): Mamba(
          (in_proj): Linear(in_features=128, out_features=512, bias=False)
          (conv1d): Conv1d(256, 256, kernel_size=(4,), stride=(1,), padding=(3,), groups=256)
          (act): SiLU()
          (x_proj): Linear(in_features=256, out_features=40, bias=False)
          (dt_proj): Linear(in_features=8, out_features=256, bias=True)
          (out_proj): Linear(in_features=256, out_features=128, bias=False)
        )
        (ffn): Sequential(
          (0): LayerNorm((128,), eps=1e-05, elementwise_affine=True)
          (1): Linear(in_features=128, out_features=512, bias=True)
          (2): GELU(approximate='none')
          (3): Dropout(p=0.1, inplace=False)
          (4): Linear(in_features=512, out_features=128, bias=True)
        )
        (dropout): Dropout(p=0.1, inplace=False)
      )
    )
    (norm): LayerNorm((128,), eps=1e-05, elementwise_affine=True)
    (proj_out): Linear(in_features=128, out_features=380, bias=True)
  )
)
[2025-12-11 10:10:44,191] [INFO] ========== Epoch 1/50 (adv-hybrid) ==========
[2025-12-11 10:21:01,153] [INFO] [Epoch 1] 阶段1对抗训练损失: total=0.876944, recon_pos=0.162498, pred=0.618275, recon_neg=0.192344
[2025-12-11 10:29:41,350] [INFO] [Eval-recon(adv-hybrid)] F1=0.3104, P=0.2073, R=0.6170, AUC=0.8259, thr=-0.034342, point_adjust=True
[2025-12-11 10:29:41,350] [INFO] [Eval-forecast(adv-hybrid)] F1=0.7436, P=0.6459, R=0.8760, AUC=0.8473, thr=-0.011441, point_adjust=True
[2025-12-11 10:33:23,045] [INFO] [Eval-hybrid(adv)] F1=0.3639, P=0.2379, R=0.7737, AUC=0.8337, thr=-0.022896, point_adjust=True; recon_F1=0.3104, forecast_F1=0.7436
[2025-12-11 10:33:23,299] [INFO] 已保存可视化图：./logs/smd_adv_hybrid/scores_epoch1_adv_hybrid.png
[2025-12-11 10:33:23,318] [INFO] 发现更优模型，已保存至 ./logs/smd_adv_hybrid/best_model_adv_hybrid.pt
[2025-12-11 10:33:23,318] [INFO] ========== Epoch 2/50 (adv-hybrid) ==========
[2025-12-11 10:43:40,039] [INFO] [Epoch 2] 阶段1对抗训练损失: total=0.795594, recon_pos=0.127312, pred=0.588967, recon_neg=0.158630
[2025-12-11 10:53:23,136] [INFO] [Eval-recon(adv-hybrid)] F1=0.3116, P=0.2087, R=0.6149, AUC=0.8257, thr=-0.034344, point_adjust=True
[2025-12-11 10:53:23,137] [INFO] [Eval-forecast(adv-hybrid)] F1=0.7443, P=0.6469, R=0.8763, AUC=0.8438, thr=-0.011441, point_adjust=True
[2025-12-11 10:57:05,740] [INFO] [Eval-hybrid(adv)] F1=0.3627, P=0.2368, R=0.7741, AUC=0.8316, thr=-0.022898, point_adjust=True; recon_F1=0.3116, forecast_F1=0.7443
[2025-12-11 10:57:05,983] [INFO] 已保存可视化图：./logs/smd_adv_hybrid/scores_epoch2_adv_hybrid.png
[2025-12-11 10:57:05,984] [INFO] ========== Epoch 3/50 (adv-hybrid) ==========
