[2025-12-17 16:03:24][INFO] Logger initialized. Log file: ./logs/smd_adv_hybrid/MambaTSAD-ADV_20251217_160324.log
[2025-12-17 16:03:24][INFO] Args: {'dataset': 'smd', 'processed_root': './dataset/SMD', 'log_dir': './logs/smd_adv_hybrid', 'branch': 'hybrid_shared_adv', 'win_size': 100, 'pred_len': 10, 'train_stride': 1, 'test_stride': 1, 'batch_size': 64, 'epochs': 50, 'lr': 0.0001, 'weight_decay': 0.0005, 'seed': 42, 'device': 'cuda', 'lambda_recon': 1.0, 'lambda_forecast': 1.0, 'adv_epsilon': 0.05, 'adv_beta': 0.5, 'adv_warmup': 5, 'max_grad_norm': 1.0, 'no_point_adjust': False, 'test_batch_size': 128}
[2025-12-17 16:03:24][INFO] Using device: cuda
[2025-12-17 16:03:24][WARNING] 未找到 entities.txt，改为按 train/*.npy 文件名排序推断实体顺序。
[2025-12-17 16:03:24][INFO] [machine-1-1] train=(28479, 38), test=(28479, 38), label=(28479,), 异常比例=0.094596
[2025-12-17 16:03:24][INFO] [machine-1-2] train=(23694, 38), test=(23694, 38), label=(23694,), 异常比例=0.022875
[2025-12-17 16:03:24][INFO] [machine-1-3] train=(23702, 38), test=(23703, 38), label=(23703,), 异常比例=0.034468
[2025-12-17 16:03:24][INFO] [machine-1-4] train=(23706, 38), test=(23707, 38), label=(23707,), 异常比例=0.030371
[2025-12-17 16:03:24][INFO] [machine-1-5] train=(23705, 38), test=(23706, 38), label=(23706,), 异常比例=0.004218
[2025-12-17 16:03:24][INFO] [machine-1-6] train=(23688, 38), test=(23689, 38), label=(23689,), 异常比例=0.156528
[2025-12-17 16:03:24][INFO] [machine-1-7] train=(23697, 38), test=(23697, 38), label=(23697,), 异常比例=0.101194
[2025-12-17 16:03:24][INFO] [machine-1-8] train=(23698, 38), test=(23699, 38), label=(23699,), 异常比例=0.032195
[2025-12-17 16:03:24][INFO] [machine-2-1] train=(23693, 38), test=(23694, 38), label=(23694,), 异常比例=0.049380
[2025-12-17 16:03:24][INFO] [machine-2-2] train=(23699, 38), test=(23700, 38), label=(23700,), 异常比例=0.119536
[2025-12-17 16:03:24][INFO] [machine-2-3] train=(23688, 38), test=(23689, 38), label=(23689,), 异常比例=0.011355
[2025-12-17 16:03:24][INFO] [machine-2-4] train=(23689, 38), test=(23689, 38), label=(23689,), 异常比例=0.071510
[2025-12-17 16:03:24][INFO] [machine-2-5] train=(23688, 38), test=(23689, 38), label=(23689,), 异常比例=0.041369
[2025-12-17 16:03:24][INFO] [machine-2-6] train=(28743, 38), test=(28743, 38), label=(28743,), 异常比例=0.014751
[2025-12-17 16:03:24][INFO] [machine-2-7] train=(23696, 38), test=(23696, 38), label=(23696,), 异常比例=0.017598
[2025-12-17 16:03:24][INFO] [machine-2-8] train=(23702, 38), test=(23703, 38), label=(23703,), 异常比例=0.006792
[2025-12-17 16:03:24][INFO] [machine-2-9] train=(28722, 38), test=(28722, 38), label=(28722,), 异常比例=0.061103
[2025-12-17 16:03:24][INFO] [machine-3-1] train=(28700, 38), test=(28700, 38), label=(28700,), 异常比例=0.010732
[2025-12-17 16:03:24][INFO] [machine-3-10] train=(23692, 38), test=(23693, 38), label=(23693,), 异常比例=0.044190
[2025-12-17 16:03:24][INFO] [machine-3-11] train=(28695, 38), test=(28696, 38), label=(28696,), 异常比例=0.006900
[2025-12-17 16:03:24][INFO] [machine-3-2] train=(23702, 38), test=(23703, 38), label=(23703,), 异常比例=0.046787
[2025-12-17 16:03:24][INFO] [machine-3-3] train=(23703, 38), test=(23703, 38), label=(23703,), 异常比例=0.026663
[2025-12-17 16:03:24][INFO] [machine-3-4] train=(23687, 38), test=(23687, 38), label=(23687,), 异常比例=0.041246
[2025-12-17 16:03:24][INFO] [machine-3-5] train=(23690, 38), test=(23691, 38), label=(23691,), 异常比例=0.017982
[2025-12-17 16:03:24][INFO] [machine-3-6] train=(28726, 38), test=(28726, 38), label=(28726,), 异常比例=0.041565
[2025-12-17 16:03:24][INFO] [machine-3-7] train=(28705, 38), test=(28705, 38), label=(28705,), 异常比例=0.015119
[2025-12-17 16:03:24][INFO] [machine-3-8] train=(28703, 38), test=(28704, 38), label=(28704,), 异常比例=0.047763
[2025-12-17 16:03:24][INFO] [machine-3-9] train=(28713, 38), test=(28713, 38), label=(28713,), 异常比例=0.010553
[2025-12-17 16:03:24][INFO] 检测到特征维度 D=38
[2025-12-17 16:03:24][INFO] Train windows: 705633 (batch_size=64)
[2025-12-17 16:03:26][INFO] Model: HybridSharedAdvModel(
  (encoder): SharedEncoder(
    (input_proj): Linear(in_features=38, out_features=128, bias=True)
    (layers): ModuleList(
      (0-3): 4 x MambaBlock(
        (backbone): Mamba(
          (in_proj): Linear(in_features=128, out_features=512, bias=False)
          (conv1d): Conv1d(256, 256, kernel_size=(4,), stride=(1,), padding=(3,), groups=256)
          (act): SiLU()
          (x_proj): Linear(in_features=256, out_features=40, bias=False)
          (dt_proj): Linear(in_features=8, out_features=256, bias=True)
          (out_proj): Linear(in_features=256, out_features=128, bias=False)
        )
        (norm): LayerNorm((128,), eps=1e-05, elementwise_affine=True)
        (dropout): Dropout(p=0.1, inplace=False)
        (ffn): Sequential(
          (0): Linear(in_features=128, out_features=512, bias=True)
          (1): GELU(approximate='none')
          (2): Dropout(p=0.1, inplace=False)
          (3): Linear(in_features=512, out_features=128, bias=True)
        )
      )
    )
    (output_norm): LayerNorm((128,), eps=1e-05, elementwise_affine=True)
  )
  (recon_head): ReconHead(
    (conv): Conv1d(128, 128, kernel_size=(3,), stride=(1,), padding=(1,))
    (act): GELU(approximate='none')
    (dropout): Dropout(p=0.1, inplace=False)
    (proj): Linear(in_features=128, out_features=38, bias=True)
  )
  (forecast_head): ForecastHead(
    (pool): AdaptiveAvgPool1d(output_size=1)
    (mlp): Sequential(
      (0): Linear(in_features=128, out_features=512, bias=True)
      (1): GELU(approximate='none')
      (2): Dropout(p=0.1, inplace=False)
      (3): Linear(in_features=512, out_features=1900, bias=True)
    )
  )
)
[2025-12-17 16:03:26][INFO] AdvConfig: AdvConfig(enabled=True, epsilon=0.05, beta=0.5, warmup_epochs=5, lambda_recon=1.0, lambda_forecast=1.0, max_grad_norm=1.0)
[2025-12-17 16:08:39][INFO] [Train][Epoch 1] loss=0.457092, clean=0.457092, adv=0.000000, batches=11025
[2025-12-17 16:11:49][INFO] [Eval] F1=0.7856, P=0.8912, R=0.7024, best_th=0.3246
[2025-12-17 16:11:49][INFO] [Epoch 1] F1 提升为 0.7856，已保存最佳模型到 ./logs/smd_adv_hybrid/best_model_hybrid_shared_adv.pt
[2025-12-17 16:17:01][INFO] [Train][Epoch 2] loss=0.351206, clean=0.351206, adv=0.000000, batches=11025
[2025-12-17 16:19:37][INFO] [Eval] F1=0.7764, P=0.8672, R=0.7028, best_th=0.3261
[2025-12-17 16:19:37][INFO] [Epoch 2] F1 未提升 (当前=0.7764, 最佳=0.7856), no_improve=1/8
[2025-12-17 16:24:38][INFO] [Train][Epoch 3] loss=0.324756, clean=0.324756, adv=0.000000, batches=11025
[2025-12-17 16:28:15][INFO] [Eval] F1=0.7737, P=0.8604, R=0.7029, best_th=0.3236
[2025-12-17 16:28:15][INFO] [Epoch 3] F1 未提升 (当前=0.7737, 最佳=0.7856), no_improve=2/8
[2025-12-17 16:34:06][INFO] [Train][Epoch 4] loss=0.307754, clean=0.307754, adv=0.000000, batches=11025
