[2025-12-11 11:54:43,098] [INFO] 日志已写入：./logs/smd_adv_hybrid/MambaTSAD-ADV_20251211_115443.log
[2025-12-11 11:54:43,098] [INFO] 命令行参数：Namespace(dataset='smd', processed_root='./dataset/SMD', log_dir='./logs/smd_adv_hybrid', win_size=100, pred_len=10, batch_size=64, epochs=50, lr=0.0001, weight_decay=0.0005, train_stride=1, test_stride=1, num_workers=4, seed=42, no_amp=False, max_grad_norm=1.0, use_adv_training=True, adv_warmup_epochs=5, lambda_rec=1.0, lambda_pred=1.0, lambda_adv1=0.5, lambda_adv2=0.5, use_pseudo_label=False, pseudo_contamination=0.01, no_point_adjust=False)
[2025-12-11 11:54:43,352] [INFO] 当前使用的设备：cuda
[2025-12-11 11:54:44,045] [INFO] 数据集 [smd] 构建完成，实体数量=28，input_dim=38，训练样本数=705633，测试样本数=705648
[2025-12-11 11:54:44,255] [INFO] 模型结构：
[2025-12-11 11:54:44,255] [INFO] MambaTSADHybridSharedAdv(
  (shared_encoder): SharedEncoder(
    (encoder_in): Linear(in_features=38, out_features=128, bias=True)
    (layers): ModuleList(
      (0-1): 2 x BiMambaBlock(
        (norm): LayerNorm((128,), eps=1e-05, elementwise_affine=True)
        (mamba_fwd): Mamba(
          (in_proj): Linear(in_features=128, out_features=512, bias=False)
          (conv1d): Conv1d(256, 256, kernel_size=(4,), stride=(1,), padding=(3,), groups=256)
          (act): SiLU()
          (x_proj): Linear(in_features=256, out_features=40, bias=False)
          (dt_proj): Linear(in_features=8, out_features=256, bias=True)
          (out_proj): Linear(in_features=256, out_features=128, bias=False)
        )
        (mamba_bwd): Mamba(
          (in_proj): Linear(in_features=128, out_features=512, bias=False)
          (conv1d): Conv1d(256, 256, kernel_size=(4,), stride=(1,), padding=(3,), groups=256)
          (act): SiLU()
          (x_proj): Linear(in_features=256, out_features=40, bias=False)
          (dt_proj): Linear(in_features=8, out_features=256, bias=True)
          (out_proj): Linear(in_features=256, out_features=128, bias=False)
        )
        (ffn): Sequential(
          (0): LayerNorm((128,), eps=1e-05, elementwise_affine=True)
          (1): Linear(in_features=128, out_features=512, bias=True)
          (2): GELU(approximate='none')
          (3): Dropout(p=0.1, inplace=False)
          (4): Linear(in_features=512, out_features=128, bias=True)
        )
        (dropout): Dropout(p=0.1, inplace=False)
      )
    )
    (norm): LayerNorm((128,), eps=1e-05, elementwise_affine=True)
  )
  (recon_head): ReconHead(
    (layers): ModuleList(
      (0): BiMambaBlock(
        (norm): LayerNorm((128,), eps=1e-05, elementwise_affine=True)
        (mamba_fwd): Mamba(
          (in_proj): Linear(in_features=128, out_features=512, bias=False)
          (conv1d): Conv1d(256, 256, kernel_size=(4,), stride=(1,), padding=(3,), groups=256)
          (act): SiLU()
          (x_proj): Linear(in_features=256, out_features=40, bias=False)
          (dt_proj): Linear(in_features=8, out_features=256, bias=True)
          (out_proj): Linear(in_features=256, out_features=128, bias=False)
        )
        (mamba_bwd): Mamba(
          (in_proj): Linear(in_features=128, out_features=512, bias=False)
          (conv1d): Conv1d(256, 256, kernel_size=(4,), stride=(1,), padding=(3,), groups=256)
          (act): SiLU()
          (x_proj): Linear(in_features=256, out_features=40, bias=False)
          (dt_proj): Linear(in_features=8, out_features=256, bias=True)
          (out_proj): Linear(in_features=256, out_features=128, bias=False)
        )
        (ffn): Sequential(
          (0): LayerNorm((128,), eps=1e-05, elementwise_affine=True)
          (1): Linear(in_features=128, out_features=512, bias=True)
          (2): GELU(approximate='none')
          (3): Dropout(p=0.1, inplace=False)
          (4): Linear(in_features=512, out_features=128, bias=True)
        )
        (dropout): Dropout(p=0.1, inplace=False)
      )
    )
    (norm): LayerNorm((128,), eps=1e-05, elementwise_affine=True)
    (proj_out): Linear(in_features=128, out_features=38, bias=True)
  )
  (forecast_head): ForecastHead(
    (layers): ModuleList(
      (0): BiMambaBlock(
        (norm): LayerNorm((128,), eps=1e-05, elementwise_affine=True)
        (mamba_fwd): Mamba(
          (in_proj): Linear(in_features=128, out_features=512, bias=False)
          (conv1d): Conv1d(256, 256, kernel_size=(4,), stride=(1,), padding=(3,), groups=256)
          (act): SiLU()
          (x_proj): Linear(in_features=256, out_features=40, bias=False)
          (dt_proj): Linear(in_features=8, out_features=256, bias=True)
          (out_proj): Linear(in_features=256, out_features=128, bias=False)
        )
        (mamba_bwd): Mamba(
          (in_proj): Linear(in_features=128, out_features=512, bias=False)
          (conv1d): Conv1d(256, 256, kernel_size=(4,), stride=(1,), padding=(3,), groups=256)
          (act): SiLU()
          (x_proj): Linear(in_features=256, out_features=40, bias=False)
          (dt_proj): Linear(in_features=8, out_features=256, bias=True)
          (out_proj): Linear(in_features=256, out_features=128, bias=False)
        )
        (ffn): Sequential(
          (0): LayerNorm((128,), eps=1e-05, elementwise_affine=True)
          (1): Linear(in_features=128, out_features=512, bias=True)
          (2): GELU(approximate='none')
          (3): Dropout(p=0.1, inplace=False)
          (4): Linear(in_features=512, out_features=128, bias=True)
        )
        (dropout): Dropout(p=0.1, inplace=False)
      )
    )
    (norm): LayerNorm((128,), eps=1e-05, elementwise_affine=True)
    (proj_out): Linear(in_features=128, out_features=380, bias=True)
  )
)
[2025-12-11 11:54:45,027] [INFO] ========== Epoch 1/50 [warmup / non-adv] ==========
[2025-12-11 12:00:50,257] [INFO] [Warmup-Epoch 1] loss_total=0.685699, loss_rec=0.142753, loss_fore=0.542945
[2025-12-11 12:09:44,533] [INFO] [ADV-Eval-recon] F1=0.3089, P=0.2004, R=0.6738, AUC=0.8309, thr=0.572557, need_flip=False, dir=greater, point_adjust=True
[2025-12-11 12:17:24,206] [INFO] [ADV-Eval-forecast] F1=0.7188, P=0.6166, R=0.8615, AUC=0.8243, thr=7.648821, need_flip=False, dir=greater, point_adjust=True
[2025-12-11 12:25:04,512] [INFO] [ADV-Eval-hybrid] F1=0.3812, P=0.2417, R=0.9012, AUC=0.8312, thr=-0.022865, need_flip=False, dir=greater, point_adjust=True; recon_F1=0.3089, forecast_F1=0.7188
[2025-12-11 12:25:04,764] [INFO] [ADV] 已保存可视化图：./logs/smd_adv_hybrid/scores_epoch1_adv_hybrid.png
[2025-12-11 12:25:04,781] [INFO] [ADV] 发现更优模型 (F1=0.3812)，已保存至 ./logs/smd_adv_hybrid/best_model_adv.pt
[2025-12-11 12:25:04,781] [INFO] ========== Epoch 2/50 [warmup / non-adv] ==========
[2025-12-11 12:31:44,205] [INFO] [Warmup-Epoch 2] loss_total=0.483247, loss_rec=0.061107, loss_fore=0.422140
[2025-12-11 12:40:29,070] [INFO] [ADV-Eval-recon] F1=0.3149, P=0.2078, R=0.6499, AUC=0.8344, thr=0.335376, need_flip=False, dir=greater, point_adjust=True
[2025-12-11 12:47:59,705] [INFO] [ADV-Eval-forecast] F1=0.7081, P=0.6717, R=0.7486, AUC=0.8283, thr=14.331633, need_flip=False, dir=greater, point_adjust=True
[2025-12-11 12:55:32,291] [INFO] [ADV-Eval-hybrid] F1=0.3797, P=0.2432, R=0.8649, AUC=0.8327, thr=-0.022817, need_flip=False, dir=greater, point_adjust=True; recon_F1=0.3149, forecast_F1=0.7081
[2025-12-11 12:55:32,523] [INFO] [ADV] 已保存可视化图：./logs/smd_adv_hybrid/scores_epoch2_adv_hybrid.png
[2025-12-11 12:55:32,523] [INFO] [ADV] 当前 F1=0.3797，已连续 1 个 epoch 未提升。
[2025-12-11 12:55:32,523] [INFO] ========== Epoch 3/50 [warmup / non-adv] ==========
[2025-12-11 13:02:34,217] [INFO] [Warmup-Epoch 3] loss_total=0.416522, loss_rec=0.038909, loss_fore=0.377613
[2025-12-11 13:11:23,374] [INFO] [ADV-Eval-recon] F1=0.3095, P=0.2030, R=0.6513, AUC=0.8322, thr=0.223459, need_flip=False, dir=greater, point_adjust=True
[2025-12-11 13:18:59,282] [INFO] [ADV-Eval-forecast] F1=0.6844, P=0.6255, R=0.7555, AUC=0.8260, thr=8.339235, need_flip=False, dir=greater, point_adjust=True
[2025-12-11 13:26:37,001] [INFO] [ADV-Eval-hybrid] F1=0.3727, P=0.2386, R=0.8503, AUC=0.8329, thr=-0.022799, need_flip=False, dir=greater, point_adjust=True; recon_F1=0.3095, forecast_F1=0.6844
[2025-12-11 13:26:37,238] [INFO] [ADV] 已保存可视化图：./logs/smd_adv_hybrid/scores_epoch3_adv_hybrid.png
[2025-12-11 13:26:37,238] [INFO] [ADV] 当前 F1=0.3727，已连续 2 个 epoch 未提升。
[2025-12-11 13:26:37,239] [INFO] ========== Epoch 4/50 [warmup / non-adv] ==========
[2025-12-11 13:33:29,434] [INFO] [Warmup-Epoch 4] loss_total=0.384582, loss_rec=0.030649, loss_fore=0.353933
[2025-12-11 13:42:13,791] [INFO] [ADV-Eval-recon] F1=0.3066, P=0.2045, R=0.6124, AUC=0.8330, thr=0.323414, need_flip=False, dir=greater, point_adjust=True
[2025-12-11 13:49:44,306] [INFO] [ADV-Eval-forecast] F1=0.6706, P=0.6613, R=0.6800, AUC=0.8242, thr=11.748818, need_flip=False, dir=greater, point_adjust=True
[2025-12-11 13:57:15,027] [INFO] [ADV-Eval-hybrid] F1=0.3712, P=0.2373, R=0.8509, AUC=0.8327, thr=-0.022793, need_flip=False, dir=greater, point_adjust=True; recon_F1=0.3066, forecast_F1=0.6706
[2025-12-11 13:57:15,278] [INFO] [ADV] 已保存可视化图：./logs/smd_adv_hybrid/scores_epoch4_adv_hybrid.png
[2025-12-11 13:57:15,278] [INFO] [ADV] 当前 F1=0.3712，已连续 3 个 epoch 未提升。
[2025-12-11 13:57:15,278] [INFO] ========== Epoch 5/50 [warmup / non-adv] ==========
[2025-12-11 14:04:12,565] [INFO] [Warmup-Epoch 5] loss_total=0.362767, loss_rec=0.026269, loss_fore=0.336498
[2025-12-11 14:13:00,180] [INFO] [ADV-Eval-recon] F1=0.3014, P=0.2053, R=0.5667, AUC=0.8225, thr=0.746320, need_flip=False, dir=greater, point_adjust=True
[2025-12-11 14:20:31,456] [INFO] [ADV-Eval-forecast] F1=0.6680, P=0.6725, R=0.6636, AUC=0.8228, thr=12.870749, need_flip=False, dir=greater, point_adjust=True
[2025-12-11 14:28:00,863] [INFO] [ADV-Eval-hybrid] F1=0.3753, P=0.2409, R=0.8495, AUC=0.8295, thr=-0.022798, need_flip=False, dir=greater, point_adjust=True; recon_F1=0.3014, forecast_F1=0.6680
[2025-12-11 14:28:01,112] [INFO] [ADV] 已保存可视化图：./logs/smd_adv_hybrid/scores_epoch5_adv_hybrid.png
[2025-12-11 14:28:01,112] [INFO] [ADV] 当前 F1=0.3753，已连续 4 个 epoch 未提升。
[2025-12-11 14:28:01,113] [INFO] ========== Epoch 6/50 [adversarial] ==========
[2025-12-11 14:47:41,594] [INFO] [ADV-Epoch 6] loss_gen=0.399996, loss_disc=0.018003, rec_pos=0.017984, rec_neg=0.049370, loss_pred=0.374475
[2025-12-11 14:56:36,149] [INFO] [ADV-Eval-recon] F1=0.3115, P=0.2093, R=0.6087, AUC=0.8188, thr=0.308235, need_flip=False, dir=greater, point_adjust=True
[2025-12-11 15:04:19,548] [INFO] [ADV-Eval-forecast] F1=0.6714, P=0.6675, R=0.6753, AUC=0.8357, thr=14.098288, need_flip=False, dir=greater, point_adjust=True
[2025-12-11 15:12:01,379] [INFO] [ADV-Eval-hybrid] F1=0.3702, P=0.2389, R=0.8226, AUC=0.8317, thr=-0.022805, need_flip=False, dir=greater, point_adjust=True; recon_F1=0.3115, forecast_F1=0.6714
[2025-12-11 15:12:01,626] [INFO] [ADV] 已保存可视化图：./logs/smd_adv_hybrid/scores_epoch6_adv_hybrid.png
[2025-12-11 15:12:01,626] [INFO] [ADV] 当前 F1=0.3702，已连续 5 个 epoch 未提升。
[2025-12-11 15:12:01,626] [INFO] ========== Epoch 7/50 [adversarial] ==========
[2025-12-11 15:32:11,819] [INFO] [ADV-Epoch 7] loss_gen=0.371758, loss_disc=0.013125, rec_pos=0.013052, rec_neg=0.040583, loss_pred=0.350952
[2025-12-11 15:41:04,774] [INFO] [ADV-Eval-recon] F1=0.2909, P=0.1847, R=0.6839, AUC=0.8104, thr=0.082159, need_flip=False, dir=greater, point_adjust=True
[2025-12-11 15:48:36,522] [INFO] [ADV-Eval-forecast] F1=0.6768, P=0.7173, R=0.6406, AUC=0.8327, thr=23.658503, need_flip=False, dir=greater, point_adjust=True
[2025-12-11 15:56:08,963] [INFO] [ADV-Eval-hybrid] F1=0.3750, P=0.2429, R=0.8224, AUC=0.8308, thr=-0.022797, need_flip=False, dir=greater, point_adjust=True; recon_F1=0.2909, forecast_F1=0.6768
[2025-12-11 15:56:09,222] [INFO] [ADV] 已保存可视化图：./logs/smd_adv_hybrid/scores_epoch7_adv_hybrid.png
[2025-12-11 15:56:09,223] [INFO] [ADV] 当前 F1=0.3750，已连续 6 个 epoch 未提升。
[2025-12-11 15:56:09,223] [INFO] ========== Epoch 8/50 [adversarial] ==========
[2025-12-11 16:16:16,979] [INFO] [ADV-Epoch 8] loss_gen=0.352345, loss_disc=0.008338, rec_pos=0.008223, rec_neg=0.034891, loss_pred=0.334705
[2025-12-11 16:25:14,354] [INFO] [ADV-Eval-recon] F1=0.3183, P=0.2117, R=0.6418, AUC=0.8031, thr=0.169152, need_flip=False, dir=greater, point_adjust=True
[2025-12-11 16:32:54,435] [INFO] [ADV-Eval-forecast] F1=0.6843, P=0.7124, R=0.6584, AUC=0.8342, thr=20.647379, need_flip=False, dir=greater, point_adjust=True
[2025-12-11 16:40:31,088] [INFO] [ADV-Eval-hybrid] F1=0.3854, P=0.2494, R=0.8474, AUC=0.8307, thr=-0.022794, need_flip=False, dir=greater, point_adjust=True; recon_F1=0.3183, forecast_F1=0.6843
[2025-12-11 16:40:31,342] [INFO] [ADV] 已保存可视化图：./logs/smd_adv_hybrid/scores_epoch8_adv_hybrid.png
[2025-12-11 16:40:31,360] [INFO] [ADV] 发现更优模型 (F1=0.3854)，已保存至 ./logs/smd_adv_hybrid/best_model_adv.pt
[2025-12-11 16:40:31,360] [INFO] ========== Epoch 9/50 [adversarial] ==========
[2025-12-11 17:00:38,484] [INFO] [ADV-Epoch 9] loss_gen=0.341344, loss_disc=0.005521, rec_pos=0.005375, rec_neg=0.032065, loss_pred=0.325084
[2025-12-11 17:09:39,494] [INFO] [ADV-Eval-recon] F1=0.3145, P=0.2111, R=0.6168, AUC=0.8093, thr=0.191103, need_flip=False, dir=greater, point_adjust=True
[2025-12-11 17:17:21,177] [INFO] [ADV-Eval-forecast] F1=0.6736, P=0.7126, R=0.6387, AUC=0.8260, thr=23.437897, need_flip=False, dir=greater, point_adjust=True
[2025-12-11 17:25:00,168] [INFO] [ADV-Eval-hybrid] F1=0.3823, P=0.2463, R=0.8535, AUC=0.8241, thr=-0.022792, need_flip=False, dir=greater, point_adjust=True; recon_F1=0.3145, forecast_F1=0.6736
[2025-12-11 17:25:00,412] [INFO] [ADV] 已保存可视化图：./logs/smd_adv_hybrid/scores_epoch9_adv_hybrid.png
[2025-12-11 17:25:00,413] [INFO] [ADV] 当前 F1=0.3823，已连续 1 个 epoch 未提升。
[2025-12-11 17:25:00,413] [INFO] ========== Epoch 10/50 [adversarial] ==========
[2025-12-11 17:44:42,196] [INFO] [ADV-Epoch 10] loss_gen=0.333761, loss_disc=0.003645, rec_pos=0.003487, rec_neg=0.029724, loss_pred=0.318665
[2025-12-11 17:54:03,323] [INFO] [ADV-Eval-recon] F1=0.3125, P=0.2119, R=0.5947, AUC=0.8274, thr=0.278658, need_flip=False, dir=greater, point_adjust=True
[2025-12-11 18:01:34,082] [INFO] [ADV-Eval-forecast] F1=0.6786, P=0.7116, R=0.6486, AUC=0.8303, thr=19.770105, need_flip=False, dir=greater, point_adjust=True
[2025-12-11 18:09:03,360] [INFO] [ADV-Eval-hybrid] F1=0.3745, P=0.2417, R=0.8307, AUC=0.8274, thr=-0.022788, need_flip=False, dir=greater, point_adjust=True; recon_F1=0.3125, forecast_F1=0.6786
[2025-12-11 18:09:03,605] [INFO] [ADV] 已保存可视化图：./logs/smd_adv_hybrid/scores_epoch10_adv_hybrid.png
[2025-12-11 18:09:03,606] [INFO] [ADV] 当前 F1=0.3745，已连续 2 个 epoch 未提升。
[2025-12-11 18:09:03,606] [INFO] ========== Epoch 11/50 [adversarial] ==========
[2025-12-11 18:28:43,159] [INFO] [ADV-Epoch 11] loss_gen=0.324832, loss_disc=0.002515, rec_pos=0.002356, rec_neg=0.028473, loss_pred=0.310288
[2025-12-11 18:37:44,864] [INFO] [ADV-Eval-recon] F1=0.3038, P=0.2034, R=0.5999, AUC=0.8154, thr=0.193641, need_flip=False, dir=greater, point_adjust=True
[2025-12-11 18:45:26,045] [INFO] [ADV-Eval-forecast] F1=0.6785, P=0.7437, R=0.6237, AUC=0.8311, thr=32.146221, need_flip=False, dir=greater, point_adjust=True
[2025-12-11 18:53:08,557] [INFO] [ADV-Eval-hybrid] F1=0.3760, P=0.2417, R=0.8471, AUC=0.8271, thr=-0.022785, need_flip=False, dir=greater, point_adjust=True; recon_F1=0.3038, forecast_F1=0.6785
[2025-12-11 18:53:08,815] [INFO] [ADV] 已保存可视化图：./logs/smd_adv_hybrid/scores_epoch11_adv_hybrid.png
[2025-12-11 18:53:08,816] [INFO] [ADV] 当前 F1=0.3760，已连续 3 个 epoch 未提升。
[2025-12-11 18:53:08,816] [INFO] ========== Epoch 12/50 [adversarial] ==========
[2025-12-11 19:13:22,022] [INFO] [ADV-Epoch 12] loss_gen=0.318324, loss_disc=0.002126, rec_pos=0.001953, rec_neg=0.027889, loss_pred=0.304153
[2025-12-11 19:22:10,265] [INFO] [ADV-Eval-recon] F1=0.2986, P=0.1984, R=0.6039, AUC=0.8130, thr=0.247826, need_flip=False, dir=greater, point_adjust=True
[2025-12-11 19:29:39,202] [INFO] [ADV-Eval-forecast] F1=0.6617, P=0.6973, R=0.6295, AUC=0.8301, thr=25.572941, need_flip=False, dir=greater, point_adjust=True
[2025-12-11 19:37:08,001] [INFO] [ADV-Eval-hybrid] F1=0.3633, P=0.2312, R=0.8474, AUC=0.8258, thr=-0.022785, need_flip=False, dir=greater, point_adjust=True; recon_F1=0.2986, forecast_F1=0.6617
[2025-12-11 19:37:08,509] [INFO] [ADV] 已保存可视化图：./logs/smd_adv_hybrid/scores_epoch12_adv_hybrid.png
[2025-12-11 19:37:08,510] [INFO] [ADV] 当前 F1=0.3633，已连续 4 个 epoch 未提升。
[2025-12-11 19:37:08,510] [INFO] ========== Epoch 13/50 [adversarial] ==========
[2025-12-11 19:57:02,997] [INFO] [ADV-Epoch 13] loss_gen=0.311203, loss_disc=0.002068, rec_pos=0.001828, rec_neg=0.028286, loss_pred=0.297095
[2025-12-11 20:05:57,289] [INFO] [ADV-Eval-recon] F1=0.3014, P=0.2013, R=0.5994, AUC=0.8177, thr=0.293871, need_flip=False, dir=greater, point_adjust=True
[2025-12-11 20:13:32,556] [INFO] [ADV-Eval-forecast] F1=0.6600, P=0.7203, R=0.6089, AUC=0.8301, thr=37.113434, need_flip=False, dir=greater, point_adjust=True
[2025-12-11 20:21:09,551] [INFO] [ADV-Eval-hybrid] F1=0.3598, P=0.2287, R=0.8440, AUC=0.8268, thr=-0.022779, need_flip=False, dir=greater, point_adjust=True; recon_F1=0.3014, forecast_F1=0.6600
[2025-12-11 20:21:09,986] [INFO] [ADV] 已保存可视化图：./logs/smd_adv_hybrid/scores_epoch13_adv_hybrid.png
[2025-12-11 20:21:09,987] [INFO] [ADV] 当前 F1=0.3598，已连续 5 个 epoch 未提升。
[2025-12-11 20:21:09,987] [INFO] ========== Epoch 14/50 [adversarial] ==========
[2025-12-11 20:40:19,294] [INFO] [ADV-Epoch 14] loss_gen=0.304593, loss_disc=0.001738, rec_pos=0.001503, rec_neg=0.027507, loss_pred=0.290217
[2025-12-11 20:49:01,549] [INFO] [ADV-Eval-recon] F1=0.2957, P=0.1984, R=0.5799, AUC=0.8250, thr=0.319681, need_flip=False, dir=greater, point_adjust=True
[2025-12-11 20:56:26,351] [INFO] [ADV-Eval-forecast] F1=0.6562, P=0.7695, R=0.5720, AUC=0.8270, thr=63.594975, need_flip=False, dir=greater, point_adjust=True
[2025-12-11 21:03:49,691] [INFO] [ADV-Eval-hybrid] F1=0.3697, P=0.2367, R=0.8435, AUC=0.8271, thr=-0.022780, need_flip=False, dir=greater, point_adjust=True; recon_F1=0.2957, forecast_F1=0.6562
[2025-12-11 21:03:49,932] [INFO] [ADV] 已保存可视化图：./logs/smd_adv_hybrid/scores_epoch14_adv_hybrid.png
[2025-12-11 21:03:49,932] [INFO] [ADV] 当前 F1=0.3697，已连续 6 个 epoch 未提升。
[2025-12-11 21:03:49,932] [INFO] ========== Epoch 15/50 [adversarial] ==========
[2025-12-11 21:22:18,498] [INFO] [ADV-Epoch 15] loss_gen=0.299295, loss_disc=0.001768, rec_pos=0.001516, rec_neg=0.027297, loss_pred=0.284953
[2025-12-11 21:32:37,051] [INFO] [ADV-Eval-recon] F1=0.3004, P=0.1995, R=0.6079, AUC=0.8173, thr=0.167942, need_flip=False, dir=greater, point_adjust=True
[2025-12-11 21:41:35,636] [INFO] [ADV-Eval-forecast] F1=0.6529, P=0.8265, R=0.5396, AUC=0.8289, thr=136.439255, need_flip=False, dir=greater, point_adjust=True
[2025-12-11 21:49:06,965] [INFO] [ADV-Eval-hybrid] F1=0.3633, P=0.2311, R=0.8482, AUC=0.8284, thr=-0.022780, need_flip=False, dir=greater, point_adjust=True; recon_F1=0.3004, forecast_F1=0.6529
[2025-12-11 21:49:07,202] [INFO] [ADV] 已保存可视化图：./logs/smd_adv_hybrid/scores_epoch15_adv_hybrid.png
[2025-12-11 21:49:07,203] [INFO] [ADV] 当前 F1=0.3633，已连续 7 个 epoch 未提升。
[2025-12-11 21:49:07,203] [INFO] ========== Epoch 16/50 [adversarial] ==========
[2025-12-11 22:08:21,914] [INFO] [ADV-Epoch 16] loss_gen=0.294837, loss_disc=0.001750, rec_pos=0.001505, rec_neg=0.026297, loss_pred=0.280895
[2025-12-11 22:17:02,460] [INFO] [ADV-Eval-recon] F1=0.3121, P=0.2117, R=0.5934, AUC=0.8196, thr=0.312506, need_flip=False, dir=greater, point_adjust=True
[2025-12-11 22:24:25,747] [INFO] [ADV-Eval-forecast] F1=0.6563, P=0.7696, R=0.5721, AUC=0.8284, thr=58.596706, need_flip=False, dir=greater, point_adjust=True
[2025-12-11 22:31:46,436] [INFO] [ADV-Eval-hybrid] F1=0.3761, P=0.2424, R=0.8385, AUC=0.8256, thr=-0.022780, need_flip=False, dir=greater, point_adjust=True; recon_F1=0.3121, forecast_F1=0.6563
[2025-12-11 22:31:46,674] [INFO] [ADV] 已保存可视化图：./logs/smd_adv_hybrid/scores_epoch16_adv_hybrid.png
[2025-12-11 22:31:46,675] [INFO] [ADV] 当前 F1=0.3761，已连续 8 个 epoch 未提升。
[2025-12-11 22:31:46,675] [INFO] ========== Epoch 17/50 [adversarial] ==========
[2025-12-11 22:51:18,775] [INFO] [ADV-Epoch 17] loss_gen=0.288682, loss_disc=0.001700, rec_pos=0.001401, rec_neg=0.025598, loss_pred=0.275471
[2025-12-11 23:03:36,636] [INFO] [ADV-Eval-recon] F1=0.3019, P=0.1975, R=0.6408, AUC=0.8281, thr=0.054580, need_flip=False, dir=greater, point_adjust=True
[2025-12-11 23:11:22,193] [INFO] [ADV-Eval-forecast] F1=0.6575, P=0.7738, R=0.5715, AUC=0.8279, thr=62.451183, need_flip=False, dir=greater, point_adjust=True
[2025-12-11 23:22:18,738] [INFO] [ADV-Eval-hybrid] F1=0.3743, P=0.2399, R=0.8508, AUC=0.8294, thr=-0.022780, need_flip=False, dir=greater, point_adjust=True; recon_F1=0.3019, forecast_F1=0.6575
[2025-12-11 23:22:18,994] [INFO] [ADV] 已保存可视化图：./logs/smd_adv_hybrid/scores_epoch17_adv_hybrid.png
[2025-12-11 23:22:18,995] [INFO] [ADV] 当前 F1=0.3743，已连续 9 个 epoch 未提升。
[2025-12-11 23:22:18,995] [INFO] ========== Epoch 18/50 [adversarial] ==========
[2025-12-11 23:47:40,018] [INFO] [ADV-Epoch 18] loss_gen=1.442077, loss_disc=0.954895, rec_pos=0.950005, rec_neg=0.950421, loss_pred=0.966878
[2025-12-11 23:48:57,167] [INFO] [ADV-Eval-recon] F1=0.0000, P=0.0000, R=0.0000, AUC=0.5000, thr=nan, need_flip=False, dir=greater, point_adjust=True
[2025-12-11 23:48:57,649] [INFO] [ADV-Eval-forecast] F1=0.0000, P=0.0000, R=0.0000, AUC=0.5786, thr=0.000000, need_flip=False, dir=greater, point_adjust=True
[2025-12-11 23:48:57,886] [INFO] [ADV-Eval-hybrid] F1=0.0000, P=0.0000, R=0.0000, AUC=0.5000, thr=nan, need_flip=False, dir=greater, point_adjust=True; recon_F1=0.0000, forecast_F1=0.0000
[2025-12-11 23:48:58,099] [INFO] [ADV] 已保存可视化图：./logs/smd_adv_hybrid/scores_epoch18_adv_hybrid.png
[2025-12-11 23:48:58,099] [INFO] [ADV] 当前 F1=0.0000，已连续 10 个 epoch 未提升。
[2025-12-11 23:48:58,099] [INFO] ========== Epoch 19/50 [adversarial] ==========
[2025-12-12 00:04:46,756] [INFO] [ADV-Epoch 19] loss_gen=1.459695, loss_disc=0.976965, rec_pos=0.971965, rec_neg=0.971965, loss_pred=0.973713
[2025-12-12 00:06:04,388] [INFO] [ADV-Eval-recon] F1=0.0000, P=0.0000, R=0.0000, AUC=0.5000, thr=nan, need_flip=False, dir=greater, point_adjust=True
[2025-12-12 00:06:04,860] [INFO] [ADV-Eval-forecast] F1=0.0000, P=0.0000, R=0.0000, AUC=0.5786, thr=0.000000, need_flip=False, dir=greater, point_adjust=True
[2025-12-12 00:06:05,094] [INFO] [ADV-Eval-hybrid] F1=0.0000, P=0.0000, R=0.0000, AUC=0.5000, thr=nan, need_flip=False, dir=greater, point_adjust=True; recon_F1=0.0000, forecast_F1=0.0000
[2025-12-12 00:06:05,308] [INFO] [ADV] 已保存可视化图：./logs/smd_adv_hybrid/scores_epoch19_adv_hybrid.png
[2025-12-12 00:06:05,309] [INFO] [ADV] 当前 F1=0.0000，已连续 11 个 epoch 未提升。
[2025-12-12 00:06:05,309] [INFO] ========== Epoch 20/50 [adversarial] ==========
[2025-12-12 00:29:11,180] [INFO] [ADV-Epoch 20] loss_gen=1.459693, loss_disc=0.976978, rec_pos=0.971978, rec_neg=0.971978, loss_pred=0.973704
[2025-12-12 00:30:40,248] [INFO] [ADV-Eval-recon] F1=0.0000, P=0.0000, R=0.0000, AUC=0.5000, thr=nan, need_flip=False, dir=greater, point_adjust=True
[2025-12-12 00:30:40,732] [INFO] [ADV-Eval-forecast] F1=0.0000, P=0.0000, R=0.0000, AUC=0.5786, thr=0.000000, need_flip=False, dir=greater, point_adjust=True
[2025-12-12 00:30:40,983] [INFO] [ADV-Eval-hybrid] F1=0.0000, P=0.0000, R=0.0000, AUC=0.5000, thr=nan, need_flip=False, dir=greater, point_adjust=True; recon_F1=0.0000, forecast_F1=0.0000
[2025-12-12 00:30:41,196] [INFO] [ADV] 已保存可视化图：./logs/smd_adv_hybrid/scores_epoch20_adv_hybrid.png
[2025-12-12 00:30:41,197] [INFO] [ADV] 当前 F1=0.0000，已连续 12 个 epoch 未提升。
[2025-12-12 00:30:41,197] [INFO] ========== Epoch 21/50 [adversarial] ==========
[2025-12-12 00:46:55,292] [INFO] [ADV-Epoch 21] loss_gen=1.459697, loss_disc=0.976975, rec_pos=0.971975, rec_neg=0.971975, loss_pred=0.973709
[2025-12-12 00:48:16,733] [INFO] [ADV-Eval-recon] F1=0.0000, P=0.0000, R=0.0000, AUC=0.5000, thr=nan, need_flip=False, dir=greater, point_adjust=True
[2025-12-12 00:48:17,228] [INFO] [ADV-Eval-forecast] F1=0.0000, P=0.0000, R=0.0000, AUC=0.5786, thr=0.000000, need_flip=False, dir=greater, point_adjust=True
[2025-12-12 00:48:17,467] [INFO] [ADV-Eval-hybrid] F1=0.0000, P=0.0000, R=0.0000, AUC=0.5000, thr=nan, need_flip=False, dir=greater, point_adjust=True; recon_F1=0.0000, forecast_F1=0.0000
[2025-12-12 00:48:17,683] [INFO] [ADV] 已保存可视化图：./logs/smd_adv_hybrid/scores_epoch21_adv_hybrid.png
[2025-12-12 00:48:17,684] [INFO] [ADV] 当前 F1=0.0000，已连续 13 个 epoch 未提升。
[2025-12-12 00:48:17,684] [INFO] ========== Epoch 22/50 [adversarial] ==========
[2025-12-12 01:08:17,697] [INFO] [ADV-Epoch 22] loss_gen=1.459588, loss_disc=0.976943, rec_pos=0.971943, rec_neg=0.971943, loss_pred=0.973617
[2025-12-12 01:09:39,081] [INFO] [ADV-Eval-recon] F1=0.0000, P=0.0000, R=0.0000, AUC=0.5000, thr=nan, need_flip=False, dir=greater, point_adjust=True
[2025-12-12 01:09:39,558] [INFO] [ADV-Eval-forecast] F1=0.0000, P=0.0000, R=0.0000, AUC=0.5786, thr=0.000000, need_flip=False, dir=greater, point_adjust=True
[2025-12-12 01:09:39,790] [INFO] [ADV-Eval-hybrid] F1=0.0000, P=0.0000, R=0.0000, AUC=0.5000, thr=nan, need_flip=False, dir=greater, point_adjust=True; recon_F1=0.0000, forecast_F1=0.0000
[2025-12-12 01:09:40,018] [INFO] [ADV] 已保存可视化图：./logs/smd_adv_hybrid/scores_epoch22_adv_hybrid.png
[2025-12-12 01:09:40,019] [INFO] [ADV] 当前 F1=0.0000，已连续 14 个 epoch 未提升。
[2025-12-12 01:09:40,019] [INFO] ========== Epoch 23/50 [adversarial] ==========
[2025-12-12 01:29:31,497] [INFO] [ADV-Epoch 23] loss_gen=1.459711, loss_disc=0.976975, rec_pos=0.971975, rec_neg=0.971975, loss_pred=0.973724
[2025-12-12 01:30:51,645] [INFO] [ADV-Eval-recon] F1=0.0000, P=0.0000, R=0.0000, AUC=0.5000, thr=nan, need_flip=False, dir=greater, point_adjust=True
[2025-12-12 01:30:52,127] [INFO] [ADV-Eval-forecast] F1=0.0000, P=0.0000, R=0.0000, AUC=0.5786, thr=0.000000, need_flip=False, dir=greater, point_adjust=True
[2025-12-12 01:30:52,363] [INFO] [ADV-Eval-hybrid] F1=0.0000, P=0.0000, R=0.0000, AUC=0.5000, thr=nan, need_flip=False, dir=greater, point_adjust=True; recon_F1=0.0000, forecast_F1=0.0000
[2025-12-12 01:30:52,575] [INFO] [ADV] 已保存可视化图：./logs/smd_adv_hybrid/scores_epoch23_adv_hybrid.png
[2025-12-12 01:30:52,576] [INFO] [ADV] 当前 F1=0.0000，已连续 15 个 epoch 未提升。
[2025-12-12 01:30:52,576] [INFO] ========== Epoch 24/50 [adversarial] ==========
[2025-12-12 01:50:43,598] [INFO] [ADV-Epoch 24] loss_gen=1.459700, loss_disc=0.976975, rec_pos=0.971975, rec_neg=0.971975, loss_pred=0.973712
[2025-12-12 01:52:03,263] [INFO] [ADV-Eval-recon] F1=0.0000, P=0.0000, R=0.0000, AUC=0.5000, thr=nan, need_flip=False, dir=greater, point_adjust=True
[2025-12-12 01:52:03,751] [INFO] [ADV-Eval-forecast] F1=0.0000, P=0.0000, R=0.0000, AUC=0.5786, thr=0.000000, need_flip=False, dir=greater, point_adjust=True
[2025-12-12 01:52:03,990] [INFO] [ADV-Eval-hybrid] F1=0.0000, P=0.0000, R=0.0000, AUC=0.5000, thr=nan, need_flip=False, dir=greater, point_adjust=True; recon_F1=0.0000, forecast_F1=0.0000
[2025-12-12 01:52:04,204] [INFO] [ADV] 已保存可视化图：./logs/smd_adv_hybrid/scores_epoch24_adv_hybrid.png
[2025-12-12 01:52:04,204] [INFO] [ADV] 当前 F1=0.0000，已连续 16 个 epoch 未提升。
[2025-12-12 01:52:04,204] [INFO] ========== Epoch 25/50 [adversarial] ==========
[2025-12-12 02:11:59,046] [INFO] [ADV-Epoch 25] loss_gen=1.459685, loss_disc=0.976926, rec_pos=0.971926, rec_neg=0.971926, loss_pred=0.973722
[2025-12-12 02:13:18,452] [INFO] [ADV-Eval-recon] F1=0.0000, P=0.0000, R=0.0000, AUC=0.5000, thr=nan, need_flip=False, dir=greater, point_adjust=True
[2025-12-12 02:13:18,928] [INFO] [ADV-Eval-forecast] F1=0.0000, P=0.0000, R=0.0000, AUC=0.5786, thr=0.000000, need_flip=False, dir=greater, point_adjust=True
[2025-12-12 02:13:19,160] [INFO] [ADV-Eval-hybrid] F1=0.0000, P=0.0000, R=0.0000, AUC=0.5000, thr=nan, need_flip=False, dir=greater, point_adjust=True; recon_F1=0.0000, forecast_F1=0.0000
[2025-12-12 02:13:19,380] [INFO] [ADV] 已保存可视化图：./logs/smd_adv_hybrid/scores_epoch25_adv_hybrid.png
[2025-12-12 02:13:19,381] [INFO] [ADV] 当前 F1=0.0000，已连续 17 个 epoch 未提升。
[2025-12-12 02:13:19,381] [INFO] ========== Epoch 26/50 [adversarial] ==========
[2025-12-12 02:33:09,931] [INFO] [ADV-Epoch 26] loss_gen=1.459709, loss_disc=0.976978, rec_pos=0.971978, rec_neg=0.971978, loss_pred=0.973720
[2025-12-12 02:34:28,059] [INFO] [ADV-Eval-recon] F1=0.0000, P=0.0000, R=0.0000, AUC=0.5000, thr=nan, need_flip=False, dir=greater, point_adjust=True
[2025-12-12 02:34:28,537] [INFO] [ADV-Eval-forecast] F1=0.0000, P=0.0000, R=0.0000, AUC=0.5786, thr=0.000000, need_flip=False, dir=greater, point_adjust=True
[2025-12-12 02:34:28,775] [INFO] [ADV-Eval-hybrid] F1=0.0000, P=0.0000, R=0.0000, AUC=0.5000, thr=nan, need_flip=False, dir=greater, point_adjust=True; recon_F1=0.0000, forecast_F1=0.0000
[2025-12-12 02:34:28,988] [INFO] [ADV] 已保存可视化图：./logs/smd_adv_hybrid/scores_epoch26_adv_hybrid.png
[2025-12-12 02:34:28,989] [INFO] [ADV] 当前 F1=0.0000，已连续 18 个 epoch 未提升。
[2025-12-12 02:34:28,989] [INFO] ========== Epoch 27/50 [adversarial] ==========
[2025-12-12 02:54:19,988] [INFO] [ADV-Epoch 27] loss_gen=1.459711, loss_disc=0.976975, rec_pos=0.971975, rec_neg=0.971975, loss_pred=0.973723
[2025-12-12 02:55:39,922] [INFO] [ADV-Eval-recon] F1=0.0000, P=0.0000, R=0.0000, AUC=0.5000, thr=nan, need_flip=False, dir=greater, point_adjust=True
[2025-12-12 02:55:40,398] [INFO] [ADV-Eval-forecast] F1=0.0000, P=0.0000, R=0.0000, AUC=0.5786, thr=0.000000, need_flip=False, dir=greater, point_adjust=True
[2025-12-12 02:55:40,638] [INFO] [ADV-Eval-hybrid] F1=0.0000, P=0.0000, R=0.0000, AUC=0.5000, thr=nan, need_flip=False, dir=greater, point_adjust=True; recon_F1=0.0000, forecast_F1=0.0000
[2025-12-12 02:55:40,861] [INFO] [ADV] 已保存可视化图：./logs/smd_adv_hybrid/scores_epoch27_adv_hybrid.png
[2025-12-12 02:55:40,862] [INFO] [ADV] 当前 F1=0.0000，已连续 19 个 epoch 未提升。
[2025-12-12 02:55:40,862] [INFO] ========== Epoch 28/50 [adversarial] ==========
[2025-12-12 03:15:41,810] [INFO] [ADV-Epoch 28] loss_gen=1.459711, loss_disc=0.976980, rec_pos=0.971980, rec_neg=0.971980, loss_pred=0.973721
[2025-12-12 03:17:02,826] [INFO] [ADV-Eval-recon] F1=0.0000, P=0.0000, R=0.0000, AUC=0.5000, thr=nan, need_flip=False, dir=greater, point_adjust=True
[2025-12-12 03:17:03,307] [INFO] [ADV-Eval-forecast] F1=0.0000, P=0.0000, R=0.0000, AUC=0.5786, thr=0.000000, need_flip=False, dir=greater, point_adjust=True
[2025-12-12 03:17:03,540] [INFO] [ADV-Eval-hybrid] F1=0.0000, P=0.0000, R=0.0000, AUC=0.5000, thr=nan, need_flip=False, dir=greater, point_adjust=True; recon_F1=0.0000, forecast_F1=0.0000
[2025-12-12 03:17:03,756] [INFO] [ADV] 已保存可视化图：./logs/smd_adv_hybrid/scores_epoch28_adv_hybrid.png
[2025-12-12 03:17:03,757] [INFO] [ADV] 当前 F1=0.0000，已连续 20 个 epoch 未提升。
[2025-12-12 03:17:03,757] [INFO] ========== Epoch 29/50 [adversarial] ==========
[2025-12-12 03:36:59,572] [INFO] [ADV-Epoch 29] loss_gen=1.459706, loss_disc=0.976977, rec_pos=0.971977, rec_neg=0.971977, loss_pred=0.973718
[2025-12-12 03:38:20,198] [INFO] [ADV-Eval-recon] F1=0.0000, P=0.0000, R=0.0000, AUC=0.5000, thr=nan, need_flip=False, dir=greater, point_adjust=True
[2025-12-12 03:38:20,687] [INFO] [ADV-Eval-forecast] F1=0.0000, P=0.0000, R=0.0000, AUC=0.5786, thr=0.000000, need_flip=False, dir=greater, point_adjust=True
[2025-12-12 03:38:20,928] [INFO] [ADV-Eval-hybrid] F1=0.0000, P=0.0000, R=0.0000, AUC=0.5000, thr=nan, need_flip=False, dir=greater, point_adjust=True; recon_F1=0.0000, forecast_F1=0.0000
[2025-12-12 03:38:21,142] [INFO] [ADV] 已保存可视化图：./logs/smd_adv_hybrid/scores_epoch29_adv_hybrid.png
[2025-12-12 03:38:21,143] [INFO] [ADV] 当前 F1=0.0000，已连续 21 个 epoch 未提升。
[2025-12-12 03:38:21,143] [INFO] ========== Epoch 30/50 [adversarial] ==========
[2025-12-12 03:58:03,646] [INFO] [ADV-Epoch 30] loss_gen=1.459611, loss_disc=0.976918, rec_pos=0.971918, rec_neg=0.971918, loss_pred=0.973652
[2025-12-12 03:59:25,044] [INFO] [ADV-Eval-recon] F1=0.0000, P=0.0000, R=0.0000, AUC=0.5000, thr=nan, need_flip=False, dir=greater, point_adjust=True
[2025-12-12 03:59:25,524] [INFO] [ADV-Eval-forecast] F1=0.0000, P=0.0000, R=0.0000, AUC=0.5786, thr=0.000000, need_flip=False, dir=greater, point_adjust=True
[2025-12-12 03:59:25,754] [INFO] [ADV-Eval-hybrid] F1=0.0000, P=0.0000, R=0.0000, AUC=0.5000, thr=nan, need_flip=False, dir=greater, point_adjust=True; recon_F1=0.0000, forecast_F1=0.0000
[2025-12-12 03:59:25,990] [INFO] [ADV] 已保存可视化图：./logs/smd_adv_hybrid/scores_epoch30_adv_hybrid.png
[2025-12-12 03:59:25,991] [INFO] [ADV] 当前 F1=0.0000，已连续 22 个 epoch 未提升。
[2025-12-12 03:59:25,991] [INFO] ========== Epoch 31/50 [adversarial] ==========
[2025-12-12 04:19:09,561] [INFO] [ADV-Epoch 31] loss_gen=1.459681, loss_disc=0.976976, rec_pos=0.971976, rec_neg=0.971976, loss_pred=0.973693
[2025-12-12 04:20:28,448] [INFO] [ADV-Eval-recon] F1=0.0000, P=0.0000, R=0.0000, AUC=0.5000, thr=nan, need_flip=False, dir=greater, point_adjust=True
[2025-12-12 04:20:28,924] [INFO] [ADV-Eval-forecast] F1=0.0000, P=0.0000, R=0.0000, AUC=0.5786, thr=0.000000, need_flip=False, dir=greater, point_adjust=True
[2025-12-12 04:20:29,153] [INFO] [ADV-Eval-hybrid] F1=0.0000, P=0.0000, R=0.0000, AUC=0.5000, thr=nan, need_flip=False, dir=greater, point_adjust=True; recon_F1=0.0000, forecast_F1=0.0000
[2025-12-12 04:20:29,368] [INFO] [ADV] 已保存可视化图：./logs/smd_adv_hybrid/scores_epoch31_adv_hybrid.png
[2025-12-12 04:20:29,369] [INFO] [ADV] 当前 F1=0.0000，已连续 23 个 epoch 未提升。
[2025-12-12 04:20:29,369] [INFO] ========== Epoch 32/50 [adversarial] ==========
[2025-12-12 04:40:22,375] [INFO] [ADV-Epoch 32] loss_gen=1.459716, loss_disc=0.976983, rec_pos=0.971983, rec_neg=0.971983, loss_pred=0.973724
[2025-12-12 04:41:41,230] [INFO] [ADV-Eval-recon] F1=0.0000, P=0.0000, R=0.0000, AUC=0.5000, thr=nan, need_flip=False, dir=greater, point_adjust=True
[2025-12-12 04:41:41,709] [INFO] [ADV-Eval-forecast] F1=0.0000, P=0.0000, R=0.0000, AUC=0.5786, thr=0.000000, need_flip=False, dir=greater, point_adjust=True
[2025-12-12 04:41:41,943] [INFO] [ADV-Eval-hybrid] F1=0.0000, P=0.0000, R=0.0000, AUC=0.5000, thr=nan, need_flip=False, dir=greater, point_adjust=True; recon_F1=0.0000, forecast_F1=0.0000
[2025-12-12 04:41:42,159] [INFO] [ADV] 已保存可视化图：./logs/smd_adv_hybrid/scores_epoch32_adv_hybrid.png
[2025-12-12 04:41:42,160] [INFO] [ADV] 当前 F1=0.0000，已连续 24 个 epoch 未提升。
[2025-12-12 04:41:42,160] [INFO] ========== Epoch 33/50 [adversarial] ==========
[2025-12-12 05:01:34,367] [INFO] [ADV-Epoch 33] loss_gen=1.459642, loss_disc=0.976972, rec_pos=0.971972, rec_neg=0.971972, loss_pred=0.973656
[2025-12-12 05:02:51,462] [INFO] [ADV-Eval-recon] F1=0.0000, P=0.0000, R=0.0000, AUC=0.5000, thr=nan, need_flip=False, dir=greater, point_adjust=True
[2025-12-12 05:02:51,925] [INFO] [ADV-Eval-forecast] F1=0.0000, P=0.0000, R=0.0000, AUC=0.5786, thr=0.000000, need_flip=False, dir=greater, point_adjust=True
[2025-12-12 05:02:52,152] [INFO] [ADV-Eval-hybrid] F1=0.0000, P=0.0000, R=0.0000, AUC=0.5000, thr=nan, need_flip=False, dir=greater, point_adjust=True; recon_F1=0.0000, forecast_F1=0.0000
[2025-12-12 05:02:52,367] [INFO] [ADV] 已保存可视化图：./logs/smd_adv_hybrid/scores_epoch33_adv_hybrid.png
[2025-12-12 05:02:52,368] [INFO] [ADV] 当前 F1=0.0000，已连续 25 个 epoch 未提升。
[2025-12-12 05:02:52,368] [INFO] ========== Epoch 34/50 [adversarial] ==========
[2025-12-12 05:22:56,103] [INFO] [ADV-Epoch 34] loss_gen=1.459716, loss_disc=0.976987, rec_pos=0.971987, rec_neg=0.971987, loss_pred=0.973723
[2025-12-12 05:24:15,736] [INFO] [ADV-Eval-recon] F1=0.0000, P=0.0000, R=0.0000, AUC=0.5000, thr=nan, need_flip=False, dir=greater, point_adjust=True
[2025-12-12 05:24:16,201] [INFO] [ADV-Eval-forecast] F1=0.0000, P=0.0000, R=0.0000, AUC=0.5786, thr=0.000000, need_flip=False, dir=greater, point_adjust=True
[2025-12-12 05:24:16,425] [INFO] [ADV-Eval-hybrid] F1=0.0000, P=0.0000, R=0.0000, AUC=0.5000, thr=nan, need_flip=False, dir=greater, point_adjust=True; recon_F1=0.0000, forecast_F1=0.0000
[2025-12-12 05:24:16,638] [INFO] [ADV] 已保存可视化图：./logs/smd_adv_hybrid/scores_epoch34_adv_hybrid.png
[2025-12-12 05:24:16,639] [INFO] [ADV] 当前 F1=0.0000，已连续 26 个 epoch 未提升。
[2025-12-12 05:24:16,639] [INFO] ========== Epoch 35/50 [adversarial] ==========
[2025-12-12 05:44:11,612] [INFO] [ADV-Epoch 35] loss_gen=1.459716, loss_disc=0.976986, rec_pos=0.971986, rec_neg=0.971986, loss_pred=0.973723
[2025-12-12 05:45:32,417] [INFO] [ADV-Eval-recon] F1=0.0000, P=0.0000, R=0.0000, AUC=0.5000, thr=nan, need_flip=False, dir=greater, point_adjust=True
[2025-12-12 05:45:32,895] [INFO] [ADV-Eval-forecast] F1=0.0000, P=0.0000, R=0.0000, AUC=0.5786, thr=0.000000, need_flip=False, dir=greater, point_adjust=True
[2025-12-12 05:45:33,129] [INFO] [ADV-Eval-hybrid] F1=0.0000, P=0.0000, R=0.0000, AUC=0.5000, thr=nan, need_flip=False, dir=greater, point_adjust=True; recon_F1=0.0000, forecast_F1=0.0000
[2025-12-12 05:45:33,351] [INFO] [ADV] 已保存可视化图：./logs/smd_adv_hybrid/scores_epoch35_adv_hybrid.png
[2025-12-12 05:45:33,352] [INFO] [ADV] 当前 F1=0.0000，已连续 27 个 epoch 未提升。
[2025-12-12 05:45:33,352] [INFO] ========== Epoch 36/50 [adversarial] ==========
[2025-12-12 06:05:30,829] [INFO] [ADV-Epoch 36] loss_gen=1.459724, loss_disc=0.976971, rec_pos=0.971971, rec_neg=0.971971, loss_pred=0.973738
[2025-12-12 06:06:49,371] [INFO] [ADV-Eval-recon] F1=0.0000, P=0.0000, R=0.0000, AUC=0.5000, thr=nan, need_flip=False, dir=greater, point_adjust=True
[2025-12-12 06:06:49,845] [INFO] [ADV-Eval-forecast] F1=0.0000, P=0.0000, R=0.0000, AUC=0.5786, thr=0.000000, need_flip=False, dir=greater, point_adjust=True
[2025-12-12 06:06:50,078] [INFO] [ADV-Eval-hybrid] F1=0.0000, P=0.0000, R=0.0000, AUC=0.5000, thr=nan, need_flip=False, dir=greater, point_adjust=True; recon_F1=0.0000, forecast_F1=0.0000
[2025-12-12 06:06:50,293] [INFO] [ADV] 已保存可视化图：./logs/smd_adv_hybrid/scores_epoch36_adv_hybrid.png
[2025-12-12 06:06:50,293] [INFO] [ADV] 当前 F1=0.0000，已连续 28 个 epoch 未提升。
[2025-12-12 06:06:50,294] [INFO] ========== Epoch 37/50 [adversarial] ==========
[2025-12-12 06:26:47,064] [INFO] [ADV-Epoch 37] loss_gen=1.459722, loss_disc=0.976985, rec_pos=0.971985, rec_neg=0.971985, loss_pred=0.973730
[2025-12-12 06:28:08,138] [INFO] [ADV-Eval-recon] F1=0.0000, P=0.0000, R=0.0000, AUC=0.5000, thr=nan, need_flip=False, dir=greater, point_adjust=True
[2025-12-12 06:28:08,628] [INFO] [ADV-Eval-forecast] F1=0.0000, P=0.0000, R=0.0000, AUC=0.5786, thr=0.000000, need_flip=False, dir=greater, point_adjust=True
[2025-12-12 06:28:08,863] [INFO] [ADV-Eval-hybrid] F1=0.0000, P=0.0000, R=0.0000, AUC=0.5000, thr=nan, need_flip=False, dir=greater, point_adjust=True; recon_F1=0.0000, forecast_F1=0.0000
[2025-12-12 06:28:09,083] [INFO] [ADV] 已保存可视化图：./logs/smd_adv_hybrid/scores_epoch37_adv_hybrid.png
[2025-12-12 06:28:09,083] [INFO] [ADV] 当前 F1=0.0000，已连续 29 个 epoch 未提升。
[2025-12-12 06:28:09,083] [INFO] ========== Epoch 38/50 [adversarial] ==========
[2025-12-12 06:48:25,040] [INFO] [ADV-Epoch 38] loss_gen=1.459725, loss_disc=0.976986, rec_pos=0.971986, rec_neg=0.971986, loss_pred=0.973732
[2025-12-12 06:49:42,691] [INFO] [ADV-Eval-recon] F1=0.0000, P=0.0000, R=0.0000, AUC=0.5000, thr=nan, need_flip=False, dir=greater, point_adjust=True
[2025-12-12 06:49:43,186] [INFO] [ADV-Eval-forecast] F1=0.0000, P=0.0000, R=0.0000, AUC=0.5786, thr=0.000000, need_flip=False, dir=greater, point_adjust=True
[2025-12-12 06:49:43,422] [INFO] [ADV-Eval-hybrid] F1=0.0000, P=0.0000, R=0.0000, AUC=0.5000, thr=nan, need_flip=False, dir=greater, point_adjust=True; recon_F1=0.0000, forecast_F1=0.0000
[2025-12-12 06:49:43,635] [INFO] [ADV] 已保存可视化图：./logs/smd_adv_hybrid/scores_epoch38_adv_hybrid.png
[2025-12-12 06:49:43,636] [INFO] [ADV] 当前 F1=0.0000，已连续 30 个 epoch 未提升。
[2025-12-12 06:49:43,636] [INFO] ========== Epoch 39/50 [adversarial] ==========
[2025-12-12 07:09:36,607] [INFO] [ADV-Epoch 39] loss_gen=1.459717, loss_disc=0.976981, rec_pos=0.971981, rec_neg=0.971981, loss_pred=0.973727
[2025-12-12 07:10:54,798] [INFO] [ADV-Eval-recon] F1=0.0000, P=0.0000, R=0.0000, AUC=0.5000, thr=nan, need_flip=False, dir=greater, point_adjust=True
[2025-12-12 07:10:55,290] [INFO] [ADV-Eval-forecast] F1=0.0000, P=0.0000, R=0.0000, AUC=0.5786, thr=0.000000, need_flip=False, dir=greater, point_adjust=True
[2025-12-12 07:10:55,540] [INFO] [ADV-Eval-hybrid] F1=0.0000, P=0.0000, R=0.0000, AUC=0.5000, thr=nan, need_flip=False, dir=greater, point_adjust=True; recon_F1=0.0000, forecast_F1=0.0000
[2025-12-12 07:10:55,759] [INFO] [ADV] 已保存可视化图：./logs/smd_adv_hybrid/scores_epoch39_adv_hybrid.png
[2025-12-12 07:10:55,760] [INFO] [ADV] 当前 F1=0.0000，已连续 31 个 epoch 未提升。
[2025-12-12 07:10:55,760] [INFO] ========== Epoch 40/50 [adversarial] ==========
[2025-12-12 07:30:59,392] [INFO] [ADV-Epoch 40] loss_gen=1.459714, loss_disc=0.976981, rec_pos=0.971981, rec_neg=0.971981, loss_pred=0.973723
[2025-12-12 07:32:17,721] [INFO] [ADV-Eval-recon] F1=0.0000, P=0.0000, R=0.0000, AUC=0.5000, thr=nan, need_flip=False, dir=greater, point_adjust=True
[2025-12-12 07:32:18,201] [INFO] [ADV-Eval-forecast] F1=0.0000, P=0.0000, R=0.0000, AUC=0.5786, thr=0.000000, need_flip=False, dir=greater, point_adjust=True
[2025-12-12 07:32:18,440] [INFO] [ADV-Eval-hybrid] F1=0.0000, P=0.0000, R=0.0000, AUC=0.5000, thr=nan, need_flip=False, dir=greater, point_adjust=True; recon_F1=0.0000, forecast_F1=0.0000
[2025-12-12 07:32:18,655] [INFO] [ADV] 已保存可视化图：./logs/smd_adv_hybrid/scores_epoch40_adv_hybrid.png
[2025-12-12 07:32:18,656] [INFO] [ADV] 当前 F1=0.0000，已连续 32 个 epoch 未提升。
[2025-12-12 07:32:18,656] [INFO] ========== Epoch 41/50 [adversarial] ==========
[2025-12-12 07:52:23,622] [INFO] [ADV-Epoch 41] loss_gen=1.459708, loss_disc=0.976981, rec_pos=0.971981, rec_neg=0.971981, loss_pred=0.973717
[2025-12-12 07:53:42,865] [INFO] [ADV-Eval-recon] F1=0.0000, P=0.0000, R=0.0000, AUC=0.5000, thr=nan, need_flip=False, dir=greater, point_adjust=True
[2025-12-12 07:53:43,344] [INFO] [ADV-Eval-forecast] F1=0.0000, P=0.0000, R=0.0000, AUC=0.5786, thr=0.000000, need_flip=False, dir=greater, point_adjust=True
[2025-12-12 07:53:43,577] [INFO] [ADV-Eval-hybrid] F1=0.0000, P=0.0000, R=0.0000, AUC=0.5000, thr=nan, need_flip=False, dir=greater, point_adjust=True; recon_F1=0.0000, forecast_F1=0.0000
[2025-12-12 07:53:43,790] [INFO] [ADV] 已保存可视化图：./logs/smd_adv_hybrid/scores_epoch41_adv_hybrid.png
[2025-12-12 07:53:43,791] [INFO] [ADV] 当前 F1=0.0000，已连续 33 个 epoch 未提升。
[2025-12-12 07:53:43,791] [INFO] ========== Epoch 42/50 [adversarial] ==========
[2025-12-12 08:13:33,903] [INFO] [ADV-Epoch 42] loss_gen=1.459716, loss_disc=0.976977, rec_pos=0.971977, rec_neg=0.971977, loss_pred=0.973728
[2025-12-12 08:14:51,477] [INFO] [ADV-Eval-recon] F1=0.0000, P=0.0000, R=0.0000, AUC=0.5000, thr=nan, need_flip=False, dir=greater, point_adjust=True
[2025-12-12 08:14:51,949] [INFO] [ADV-Eval-forecast] F1=0.0000, P=0.0000, R=0.0000, AUC=0.5786, thr=0.000000, need_flip=False, dir=greater, point_adjust=True
[2025-12-12 08:14:52,183] [INFO] [ADV-Eval-hybrid] F1=0.0000, P=0.0000, R=0.0000, AUC=0.5000, thr=nan, need_flip=False, dir=greater, point_adjust=True; recon_F1=0.0000, forecast_F1=0.0000
[2025-12-12 08:14:52,398] [INFO] [ADV] 已保存可视化图：./logs/smd_adv_hybrid/scores_epoch42_adv_hybrid.png
[2025-12-12 08:14:52,399] [INFO] [ADV] 当前 F1=0.0000，已连续 34 个 epoch 未提升。
[2025-12-12 08:14:52,399] [INFO] ========== Epoch 43/50 [adversarial] ==========
[2025-12-12 08:34:47,354] [INFO] [ADV-Epoch 43] loss_gen=1.459705, loss_disc=0.976981, rec_pos=0.971981, rec_neg=0.971981, loss_pred=0.973715
[2025-12-12 08:36:03,641] [INFO] [ADV-Eval-recon] F1=0.0000, P=0.0000, R=0.0000, AUC=0.5000, thr=nan, need_flip=False, dir=greater, point_adjust=True
[2025-12-12 08:36:04,118] [INFO] [ADV-Eval-forecast] F1=0.0000, P=0.0000, R=0.0000, AUC=0.5786, thr=0.000000, need_flip=False, dir=greater, point_adjust=True
[2025-12-12 08:36:04,350] [INFO] [ADV-Eval-hybrid] F1=0.0000, P=0.0000, R=0.0000, AUC=0.5000, thr=nan, need_flip=False, dir=greater, point_adjust=True; recon_F1=0.0000, forecast_F1=0.0000
[2025-12-12 08:36:04,563] [INFO] [ADV] 已保存可视化图：./logs/smd_adv_hybrid/scores_epoch43_adv_hybrid.png
[2025-12-12 08:36:04,564] [INFO] [ADV] 当前 F1=0.0000，已连续 35 个 epoch 未提升。
[2025-12-12 08:36:04,564] [INFO] ========== Epoch 44/50 [adversarial] ==========
[2025-12-12 08:56:00,448] [INFO] [ADV-Epoch 44] loss_gen=1.459705, loss_disc=0.976966, rec_pos=0.971966, rec_neg=0.971966, loss_pred=0.973722
[2025-12-12 08:57:17,059] [INFO] [ADV-Eval-recon] F1=0.0000, P=0.0000, R=0.0000, AUC=0.5000, thr=nan, need_flip=False, dir=greater, point_adjust=True
[2025-12-12 08:57:17,532] [INFO] [ADV-Eval-forecast] F1=0.0000, P=0.0000, R=0.0000, AUC=0.5786, thr=0.000000, need_flip=False, dir=greater, point_adjust=True
[2025-12-12 08:57:17,764] [INFO] [ADV-Eval-hybrid] F1=0.0000, P=0.0000, R=0.0000, AUC=0.5000, thr=nan, need_flip=False, dir=greater, point_adjust=True; recon_F1=0.0000, forecast_F1=0.0000
[2025-12-12 08:57:17,975] [INFO] [ADV] 已保存可视化图：./logs/smd_adv_hybrid/scores_epoch44_adv_hybrid.png
[2025-12-12 08:57:17,976] [INFO] [ADV] 当前 F1=0.0000，已连续 36 个 epoch 未提升。
[2025-12-12 08:57:17,976] [INFO] ========== Epoch 45/50 [adversarial] ==========
[2025-12-12 09:17:02,667] [INFO] [ADV-Epoch 45] loss_gen=1.459716, loss_disc=0.976978, rec_pos=0.971978, rec_neg=0.971978, loss_pred=0.973728
[2025-12-12 09:18:22,314] [INFO] [ADV-Eval-recon] F1=0.0000, P=0.0000, R=0.0000, AUC=0.5000, thr=nan, need_flip=False, dir=greater, point_adjust=True
[2025-12-12 09:18:22,781] [INFO] [ADV-Eval-forecast] F1=0.0000, P=0.0000, R=0.0000, AUC=0.5786, thr=0.000000, need_flip=False, dir=greater, point_adjust=True
[2025-12-12 09:18:23,012] [INFO] [ADV-Eval-hybrid] F1=0.0000, P=0.0000, R=0.0000, AUC=0.5000, thr=nan, need_flip=False, dir=greater, point_adjust=True; recon_F1=0.0000, forecast_F1=0.0000
[2025-12-12 09:18:23,231] [INFO] [ADV] 已保存可视化图：./logs/smd_adv_hybrid/scores_epoch45_adv_hybrid.png
[2025-12-12 09:18:23,232] [INFO] [ADV] 当前 F1=0.0000，已连续 37 个 epoch 未提升。
[2025-12-12 09:18:23,232] [INFO] ========== Epoch 46/50 [adversarial] ==========
[2025-12-12 09:38:11,003] [INFO] [ADV-Epoch 46] loss_gen=1.459714, loss_disc=0.976972, rec_pos=0.971972, rec_neg=0.971972, loss_pred=0.973728
[2025-12-12 09:39:28,835] [INFO] [ADV-Eval-recon] F1=0.0000, P=0.0000, R=0.0000, AUC=0.5000, thr=nan, need_flip=False, dir=greater, point_adjust=True
[2025-12-12 09:39:29,315] [INFO] [ADV-Eval-forecast] F1=0.0000, P=0.0000, R=0.0000, AUC=0.5786, thr=0.000000, need_flip=False, dir=greater, point_adjust=True
[2025-12-12 09:39:29,547] [INFO] [ADV-Eval-hybrid] F1=0.0000, P=0.0000, R=0.0000, AUC=0.5000, thr=nan, need_flip=False, dir=greater, point_adjust=True; recon_F1=0.0000, forecast_F1=0.0000
[2025-12-12 09:39:29,759] [INFO] [ADV] 已保存可视化图：./logs/smd_adv_hybrid/scores_epoch46_adv_hybrid.png
[2025-12-12 09:39:29,759] [INFO] [ADV] 当前 F1=0.0000，已连续 38 个 epoch 未提升。
[2025-12-12 09:39:29,759] [INFO] ========== Epoch 47/50 [adversarial] ==========
