[2025-12-10 16:24:13,862] [INFO] 日志已写入：./logs/smd_adv_hybrid/MambaTSAD-ADV_20251210_162413.log
[2025-12-10 16:24:13,862] [INFO] 命令行参数：Namespace(dataset='smd', processed_root='./dataset/SMD', log_dir='./logs/smd_adv_hybrid', win_size=100, pred_len=10, batch_size=64, epochs=50, lr=0.0001, weight_decay=0.0005, train_stride=1, test_stride=1, num_workers=4, seed=42, no_amp=False, max_grad_norm=1.0, use_adv_training=True, adv_warmup_epochs=5, lambda_rec=1.0, lambda_pred=1.0, lambda_adv1=0.5, lambda_adv2=0.5, use_pseudo_label=True, pseudo_contamination=0.01, no_point_adjust=False)
[2025-12-10 16:24:14,070] [INFO] 当前使用的设备：cuda
[2025-12-10 16:24:14,167] [INFO] 数据集 [smd] 构建完成，实体数量=4，input_dim=38，训练样本数=99185，测试样本数=99187
[2025-12-10 16:24:14,168] [INFO] 开始使用 IsolationForest 生成伪标签，contamination=0.01
[2025-12-10 16:35:40,859] [INFO] 伪标签过滤结果：原训练窗口数=99185，保留窗口数=98193 (比例=0.990)
[2025-12-10 16:35:41,006] [INFO] 模型结构：
[2025-12-10 16:35:41,006] [INFO] MambaTSADHybridSharedAdv(
  (shared_encoder): SharedEncoder(
    (encoder_in): Linear(in_features=38, out_features=128, bias=True)
    (layers): ModuleList(
      (0-1): 2 x BiMambaBlock(
        (norm): LayerNorm((128,), eps=1e-05, elementwise_affine=True)
        (mamba_fwd): Mamba(
          (in_proj): Linear(in_features=128, out_features=512, bias=False)
          (conv1d): Conv1d(256, 256, kernel_size=(4,), stride=(1,), padding=(3,), groups=256)
          (act): SiLU()
          (x_proj): Linear(in_features=256, out_features=40, bias=False)
          (dt_proj): Linear(in_features=8, out_features=256, bias=True)
          (out_proj): Linear(in_features=256, out_features=128, bias=False)
        )
        (mamba_bwd): Mamba(
          (in_proj): Linear(in_features=128, out_features=512, bias=False)
          (conv1d): Conv1d(256, 256, kernel_size=(4,), stride=(1,), padding=(3,), groups=256)
          (act): SiLU()
          (x_proj): Linear(in_features=256, out_features=40, bias=False)
          (dt_proj): Linear(in_features=8, out_features=256, bias=True)
          (out_proj): Linear(in_features=256, out_features=128, bias=False)
        )
        (ffn): Sequential(
          (0): LayerNorm((128,), eps=1e-05, elementwise_affine=True)
          (1): Linear(in_features=128, out_features=512, bias=True)
          (2): GELU(approximate='none')
          (3): Dropout(p=0.1, inplace=False)
          (4): Linear(in_features=512, out_features=128, bias=True)
        )
        (dropout): Dropout(p=0.1, inplace=False)
      )
    )
    (norm): LayerNorm((128,), eps=1e-05, elementwise_affine=True)
  )
  (recon_head): ReconHead(
    (layers): ModuleList(
      (0): BiMambaBlock(
        (norm): LayerNorm((128,), eps=1e-05, elementwise_affine=True)
        (mamba_fwd): Mamba(
          (in_proj): Linear(in_features=128, out_features=512, bias=False)
          (conv1d): Conv1d(256, 256, kernel_size=(4,), stride=(1,), padding=(3,), groups=256)
          (act): SiLU()
          (x_proj): Linear(in_features=256, out_features=40, bias=False)
          (dt_proj): Linear(in_features=8, out_features=256, bias=True)
          (out_proj): Linear(in_features=256, out_features=128, bias=False)
        )
        (mamba_bwd): Mamba(
          (in_proj): Linear(in_features=128, out_features=512, bias=False)
          (conv1d): Conv1d(256, 256, kernel_size=(4,), stride=(1,), padding=(3,), groups=256)
          (act): SiLU()
          (x_proj): Linear(in_features=256, out_features=40, bias=False)
          (dt_proj): Linear(in_features=8, out_features=256, bias=True)
          (out_proj): Linear(in_features=256, out_features=128, bias=False)
        )
        (ffn): Sequential(
          (0): LayerNorm((128,), eps=1e-05, elementwise_affine=True)
          (1): Linear(in_features=128, out_features=512, bias=True)
          (2): GELU(approximate='none')
          (3): Dropout(p=0.1, inplace=False)
          (4): Linear(in_features=512, out_features=128, bias=True)
        )
        (dropout): Dropout(p=0.1, inplace=False)
      )
    )
    (norm): LayerNorm((128,), eps=1e-05, elementwise_affine=True)
    (proj_out): Linear(in_features=128, out_features=38, bias=True)
  )
  (forecast_head): ForecastHead(
    (layers): ModuleList(
      (0): BiMambaBlock(
        (norm): LayerNorm((128,), eps=1e-05, elementwise_affine=True)
        (mamba_fwd): Mamba(
          (in_proj): Linear(in_features=128, out_features=512, bias=False)
          (conv1d): Conv1d(256, 256, kernel_size=(4,), stride=(1,), padding=(3,), groups=256)
          (act): SiLU()
          (x_proj): Linear(in_features=256, out_features=40, bias=False)
          (dt_proj): Linear(in_features=8, out_features=256, bias=True)
          (out_proj): Linear(in_features=256, out_features=128, bias=False)
        )
        (mamba_bwd): Mamba(
          (in_proj): Linear(in_features=128, out_features=512, bias=False)
          (conv1d): Conv1d(256, 256, kernel_size=(4,), stride=(1,), padding=(3,), groups=256)
          (act): SiLU()
          (x_proj): Linear(in_features=256, out_features=40, bias=False)
          (dt_proj): Linear(in_features=8, out_features=256, bias=True)
          (out_proj): Linear(in_features=256, out_features=128, bias=False)
        )
        (ffn): Sequential(
          (0): LayerNorm((128,), eps=1e-05, elementwise_affine=True)
          (1): Linear(in_features=128, out_features=512, bias=True)
          (2): GELU(approximate='none')
          (3): Dropout(p=0.1, inplace=False)
          (4): Linear(in_features=512, out_features=128, bias=True)
        )
        (dropout): Dropout(p=0.1, inplace=False)
      )
    )
    (norm): LayerNorm((128,), eps=1e-05, elementwise_affine=True)
    (proj_out): Linear(in_features=128, out_features=380, bias=True)
  )
)
[2025-12-10 16:35:41,819] [INFO] ========== Epoch 1/50 (adv-hybrid) ==========
[2025-12-10 16:37:19,205] [INFO] [Epoch 1] 阶段1对抗训练损失: total=1.025709, recon_pos=0.249890, pred=0.638780, recon_neg=0.274078
[2025-12-10 16:38:49,941] [INFO] [Eval-recon(adv-hybrid)] F1=0.6226, P=0.6547, R=0.5935, AUC=0.9024, thr=-0.045994, point_adjust=True
[2025-12-10 16:38:49,941] [INFO] [Eval-forecast(adv-hybrid)] F1=0.7899, P=0.8983, R=0.7048, AUC=0.9038, thr=-0.021079, point_adjust=True
[2025-12-10 16:39:26,398] [INFO] [Eval-hybrid(adv)] F1=0.6910, P=0.8267, R=0.5935, AUC=0.9195, thr=-0.031494, point_adjust=True; recon_F1=0.6226, forecast_F1=0.7899
[2025-12-10 16:39:26,636] [INFO] 已保存可视化图：./logs/smd_adv_hybrid/scores_epoch1_adv_hybrid.png
[2025-12-10 16:39:26,654] [INFO] 发现更优模型，已保存至 ./logs/smd_adv_hybrid/best_model_adv_hybrid.pt
[2025-12-10 16:39:26,654] [INFO] ========== Epoch 2/50 (adv-hybrid) ==========
[2025-12-10 16:41:01,910] [INFO] [Epoch 2] 阶段1对抗训练损失: total=0.800671, recon_pos=0.153528, pred=0.556684, recon_neg=0.180918
[2025-12-10 16:42:34,187] [INFO] [Eval-recon(adv-hybrid)] F1=0.6226, P=0.6547, R=0.5935, AUC=0.8978, thr=-0.046005, point_adjust=True
[2025-12-10 16:42:34,188] [INFO] [Eval-forecast(adv-hybrid)] F1=0.7893, P=0.8968, R=0.7048, AUC=0.9067, thr=-0.021084, point_adjust=True
[2025-12-10 16:43:10,774] [INFO] [Eval-hybrid(adv)] F1=0.6911, P=0.8269, R=0.5935, AUC=0.9183, thr=-0.031261, point_adjust=True; recon_F1=0.6226, forecast_F1=0.7893
[2025-12-10 16:43:10,996] [INFO] 已保存可视化图：./logs/smd_adv_hybrid/scores_epoch2_adv_hybrid.png
[2025-12-10 16:43:11,013] [INFO] 发现更优模型，已保存至 ./logs/smd_adv_hybrid/best_model_adv_hybrid.pt
[2025-12-10 16:43:11,013] [INFO] ========== Epoch 3/50 (adv-hybrid) ==========
[2025-12-10 16:44:46,879] [INFO] [Epoch 3] 阶段1对抗训练损失: total=0.717262, recon_pos=0.116657, pred=0.527748, recon_neg=0.145715
[2025-12-10 16:46:16,635] [INFO] [Eval-recon(adv-hybrid)] F1=0.6226, P=0.6547, R=0.5935, AUC=0.8987, thr=-0.046010, point_adjust=True
[2025-12-10 16:46:16,636] [INFO] [Eval-forecast(adv-hybrid)] F1=0.7886, P=0.8949, R=0.7048, AUC=0.9084, thr=-0.021086, point_adjust=True
[2025-12-10 16:46:52,435] [INFO] [Eval-hybrid(adv)] F1=0.6911, P=0.8269, R=0.5935, AUC=0.9197, thr=-0.031276, point_adjust=True; recon_F1=0.6226, forecast_F1=0.7886
[2025-12-10 16:46:52,655] [INFO] 已保存可视化图：./logs/smd_adv_hybrid/scores_epoch3_adv_hybrid.png
[2025-12-10 16:46:52,656] [INFO] ========== Epoch 4/50 (adv-hybrid) ==========
[2025-12-10 16:48:25,952] [INFO] [Epoch 4] 阶段1对抗训练损失: total=0.671439, recon_pos=0.095761, pred=0.512611, recon_neg=0.126133
[2025-12-10 16:49:57,665] [INFO] [Eval-recon(adv-hybrid)] F1=0.6226, P=0.6546, R=0.5935, AUC=0.8980, thr=-0.046022, point_adjust=True
[2025-12-10 16:49:57,665] [INFO] [Eval-forecast(adv-hybrid)] F1=0.7886, P=0.8949, R=0.7048, AUC=0.9081, thr=-0.021087, point_adjust=True
[2025-12-10 16:50:33,760] [INFO] [Eval-hybrid(adv)] F1=0.6910, P=0.8267, R=0.5935, AUC=0.9204, thr=-0.031587, point_adjust=True; recon_F1=0.6226, forecast_F1=0.7886
[2025-12-10 16:50:33,981] [INFO] 已保存可视化图：./logs/smd_adv_hybrid/scores_epoch4_adv_hybrid.png
[2025-12-10 16:50:33,982] [INFO] ========== Epoch 5/50 (adv-hybrid) ==========
[2025-12-10 16:52:10,095] [INFO] [Epoch 5] 阶段1对抗训练损失: total=0.644921, recon_pos=0.082805, pred=0.504918, recon_neg=0.114395
[2025-12-10 16:53:40,112] [INFO] [Eval-recon(adv-hybrid)] F1=0.6226, P=0.6546, R=0.5935, AUC=0.8970, thr=-0.046025, point_adjust=True
[2025-12-10 16:53:40,113] [INFO] [Eval-forecast(adv-hybrid)] F1=0.7886, P=0.8949, R=0.7048, AUC=0.9080, thr=-0.021087, point_adjust=True
[2025-12-10 16:54:16,155] [INFO] [Eval-hybrid(adv)] F1=0.6911, P=0.8269, R=0.5935, AUC=0.9209, thr=-0.031294, point_adjust=True; recon_F1=0.6226, forecast_F1=0.7886
[2025-12-10 16:54:16,378] [INFO] 已保存可视化图：./logs/smd_adv_hybrid/scores_epoch5_adv_hybrid.png
[2025-12-10 16:54:16,378] [INFO] ========== Epoch 6/50 (adv-hybrid) ==========
[2025-12-10 16:56:03,485] [INFO] [Epoch 6] 阶段2对抗训练损失: total=-55.051958, recon_pos=2.196314, recon_neg=114.496543
[2025-12-10 16:57:33,836] [INFO] [Eval-recon(adv-hybrid)] F1=0.3540, P=0.6563, R=0.2424, AUC=0.6895, thr=-0.043683, point_adjust=True
[2025-12-10 16:57:33,836] [INFO] [Eval-forecast(adv-hybrid)] F1=0.7902, P=0.8918, R=0.7094, AUC=0.8464, thr=-0.021086, point_adjust=True
[2025-12-10 16:58:10,216] [INFO] [Eval-hybrid(adv)] F1=0.6990, P=0.8164, R=0.6111, AUC=0.7120, thr=-0.033122, point_adjust=True; recon_F1=0.3540, forecast_F1=0.7902
[2025-12-10 16:58:10,465] [INFO] 已保存可视化图：./logs/smd_adv_hybrid/scores_epoch6_adv_hybrid.png
[2025-12-10 16:58:10,484] [INFO] 发现更优模型，已保存至 ./logs/smd_adv_hybrid/best_model_adv_hybrid.pt
[2025-12-10 16:58:10,484] [INFO] ========== Epoch 7/50 (adv-hybrid) ==========
[2025-12-10 16:59:51,705] [INFO] [Epoch 7] 阶段2对抗训练损失: total=-1177.516718, recon_pos=5.714815, recon_neg=2366.463065
[2025-12-10 17:01:21,873] [INFO] [Eval-recon(adv-hybrid)] F1=0.5938, P=0.7148, R=0.5079, AUC=0.8765, thr=-0.038993, point_adjust=True
[2025-12-10 17:01:21,873] [INFO] [Eval-forecast(adv-hybrid)] F1=0.7909, P=0.8936, R=0.7094, AUC=0.8479, thr=-0.021083, point_adjust=True
[2025-12-10 17:01:58,301] [INFO] [Eval-hybrid(adv)] F1=0.7101, P=0.8837, R=0.5935, AUC=0.8825, thr=-0.027937, point_adjust=True; recon_F1=0.5938, forecast_F1=0.7909
[2025-12-10 17:01:58,539] [INFO] 已保存可视化图：./logs/smd_adv_hybrid/scores_epoch7_adv_hybrid.png
[2025-12-10 17:01:58,557] [INFO] 发现更优模型，已保存至 ./logs/smd_adv_hybrid/best_model_adv_hybrid.pt
[2025-12-10 17:01:58,557] [INFO] ========== Epoch 8/50 (adv-hybrid) ==========
[2025-12-10 17:03:44,482] [INFO] [Epoch 8] 阶段2对抗训练损失: total=-4603.556274, recon_pos=12.015065, recon_neg=9231.142683
[2025-12-10 17:05:16,256] [INFO] [Eval-recon(adv-hybrid)] F1=0.6791, P=0.7945, R=0.5929, AUC=0.8918, thr=-0.024869, point_adjust=True
[2025-12-10 17:05:16,257] [INFO] [Eval-forecast(adv-hybrid)] F1=0.7911, P=0.9014, R=0.7048, AUC=0.8427, thr=-0.021072, point_adjust=True
[2025-12-10 17:05:52,803] [INFO] [Eval-hybrid(adv)] F1=0.7175, P=0.9069, R=0.5935, AUC=0.8981, thr=-0.020867, point_adjust=True; recon_F1=0.6791, forecast_F1=0.7911
[2025-12-10 17:05:53,052] [INFO] 已保存可视化图：./logs/smd_adv_hybrid/scores_epoch8_adv_hybrid.png
[2025-12-10 17:05:53,073] [INFO] 发现更优模型，已保存至 ./logs/smd_adv_hybrid/best_model_adv_hybrid.pt
[2025-12-10 17:05:53,073] [INFO] ========== Epoch 9/50 (adv-hybrid) ==========
[2025-12-10 17:07:25,767] [INFO] [Epoch 9] 阶段2对抗训练损失: total=-11021.854629, recon_pos=18.372302, recon_neg=22080.453835
[2025-12-10 17:08:59,555] [INFO] [Eval-recon(adv-hybrid)] F1=0.6425, P=0.7012, R=0.5929, AUC=0.8275, thr=-0.001393, point_adjust=True
[2025-12-10 17:08:59,555] [INFO] [Eval-forecast(adv-hybrid)] F1=0.7919, P=0.8960, R=0.7094, AUC=0.8510, thr=-0.021082, point_adjust=True
[2025-12-10 17:09:36,336] [INFO] [Eval-hybrid(adv)] F1=0.7167, P=0.9042, R=0.5935, AUC=0.8464, thr=-0.008943, point_adjust=True; recon_F1=0.6425, forecast_F1=0.7919
[2025-12-10 17:09:36,566] [INFO] 已保存可视化图：./logs/smd_adv_hybrid/scores_epoch9_adv_hybrid.png
[2025-12-10 17:09:36,567] [INFO] ========== Epoch 10/50 (adv-hybrid) ==========
[2025-12-10 17:11:19,620] [INFO] [Epoch 10] 阶段2对抗训练损失: total=-22454.419381, recon_pos=26.582945, recon_neg=44962.004651
[2025-12-10 17:12:53,025] [INFO] [Eval-recon(adv-hybrid)] F1=0.7074, P=0.8767, R=0.5929, AUC=0.8088, thr=0.034240, point_adjust=True
[2025-12-10 17:12:53,025] [INFO] [Eval-forecast(adv-hybrid)] F1=0.7924, P=0.9048, R=0.7048, AUC=0.8471, thr=-0.021068, point_adjust=True
[2025-12-10 17:13:30,103] [INFO] [Eval-hybrid(adv)] F1=0.7144, P=0.8971, R=0.5935, AUC=0.8129, thr=0.008723, point_adjust=True; recon_F1=0.7074, forecast_F1=0.7924
[2025-12-10 17:13:30,336] [INFO] 已保存可视化图：./logs/smd_adv_hybrid/scores_epoch10_adv_hybrid.png
[2025-12-10 17:13:30,336] [INFO] ========== Epoch 11/50 (adv-hybrid) ==========
[2025-12-10 17:15:11,974] [INFO] [Epoch 11] 阶段2对抗训练损失: total=-41392.093579, recon_pos=43.701546, recon_neg=82871.590228
[2025-12-10 17:16:43,764] [INFO] [Eval-recon(adv-hybrid)] F1=0.7174, P=0.9079, R=0.5929, AUC=0.8012, thr=0.102671, point_adjust=True
[2025-12-10 17:16:43,764] [INFO] [Eval-forecast(adv-hybrid)] F1=0.7926, P=0.9053, R=0.7048, AUC=0.8487, thr=-0.021067, point_adjust=True
[2025-12-10 17:17:20,389] [INFO] [Eval-hybrid(adv)] F1=0.7233, P=0.9258, R=0.5935, AUC=0.8047, thr=0.043058, point_adjust=True; recon_F1=0.7174, forecast_F1=0.7926
[2025-12-10 17:17:20,622] [INFO] 已保存可视化图：./logs/smd_adv_hybrid/scores_epoch11_adv_hybrid.png
[2025-12-10 17:17:20,642] [INFO] 发现更优模型，已保存至 ./logs/smd_adv_hybrid/best_model_adv_hybrid.pt
[2025-12-10 17:17:20,642] [INFO] ========== Epoch 12/50 (adv-hybrid) ==========
[2025-12-10 17:18:58,380] [INFO] [Epoch 12] 阶段2对抗训练损失: total=-70577.416754, recon_pos=73.763145, recon_neg=141302.359930
[2025-12-10 17:20:30,939] [INFO] [Eval-recon(adv-hybrid)] F1=0.7239, P=0.9291, R=0.5929, AUC=0.8459, thr=0.189922, point_adjust=True
[2025-12-10 17:20:30,940] [INFO] [Eval-forecast(adv-hybrid)] F1=0.7925, P=0.9050, R=0.7048, AUC=0.8560, thr=-0.021067, point_adjust=True
[2025-12-10 17:21:07,441] [INFO] [Eval-hybrid(adv)] F1=0.7238, P=0.9273, R=0.5935, AUC=0.8504, thr=0.086689, point_adjust=True; recon_F1=0.7239, forecast_F1=0.7925
[2025-12-10 17:21:07,681] [INFO] 已保存可视化图：./logs/smd_adv_hybrid/scores_epoch12_adv_hybrid.png
[2025-12-10 17:21:07,699] [INFO] 发现更优模型，已保存至 ./logs/smd_adv_hybrid/best_model_adv_hybrid.pt
[2025-12-10 17:21:07,699] [INFO] ========== Epoch 13/50 (adv-hybrid) ==========
[2025-12-10 17:22:57,277] [INFO] [Epoch 13] 阶段2对抗训练损失: total=-112182.124980, recon_pos=105.349680, recon_neg=224574.949305
[2025-12-10 17:24:29,850] [INFO] [Eval-recon(adv-hybrid)] F1=0.7199, P=0.9162, R=0.5929, AUC=0.8409, thr=0.290470, point_adjust=True
[2025-12-10 17:24:29,851] [INFO] [Eval-forecast(adv-hybrid)] F1=0.7926, P=0.9053, R=0.7048, AUC=0.8648, thr=-0.021067, point_adjust=True
[2025-12-10 17:25:06,646] [INFO] [Eval-hybrid(adv)] F1=0.7253, P=0.9337, R=0.5929, AUC=0.8438, thr=0.136382, point_adjust=True; recon_F1=0.7199, forecast_F1=0.7926
[2025-12-10 17:25:06,873] [INFO] 已保存可视化图：./logs/smd_adv_hybrid/scores_epoch13_adv_hybrid.png
[2025-12-10 17:25:06,901] [INFO] 发现更优模型，已保存至 ./logs/smd_adv_hybrid/best_model_adv_hybrid.pt
[2025-12-10 17:25:06,902] [INFO] ========== Epoch 14/50 (adv-hybrid) ==========
[2025-12-10 17:26:37,930] [INFO] [Epoch 14] 阶段2对抗训练损失: total=-170170.223670, recon_pos=142.617722, recon_neg=340625.682978
[2025-12-10 17:28:09,727] [INFO] [Eval-recon(adv-hybrid)] F1=0.7185, P=0.9117, R=0.5929, AUC=0.8162, thr=0.472886, point_adjust=True
[2025-12-10 17:28:09,727] [INFO] [Eval-forecast(adv-hybrid)] F1=0.7926, P=0.9053, R=0.7048, AUC=0.8555, thr=-0.021066, point_adjust=True
[2025-12-10 17:28:46,766] [INFO] [Eval-hybrid(adv)] F1=0.7195, P=0.9133, R=0.5935, AUC=0.8192, thr=0.227875, point_adjust=True; recon_F1=0.7185, forecast_F1=0.7926
[2025-12-10 17:28:46,998] [INFO] 已保存可视化图：./logs/smd_adv_hybrid/scores_epoch14_adv_hybrid.png
[2025-12-10 17:28:46,998] [INFO] ========== Epoch 15/50 (adv-hybrid) ==========
[2025-12-10 17:30:24,638] [INFO] [Epoch 15] 阶段2对抗训练损失: total=-248248.864254, recon_pos=173.788738, recon_neg=496845.305940
[2025-12-10 17:31:55,605] [INFO] [Eval-recon(adv-hybrid)] F1=0.7120, P=0.8911, R=0.5929, AUC=0.8332, thr=0.716693, point_adjust=True
[2025-12-10 17:31:55,605] [INFO] [Eval-forecast(adv-hybrid)] F1=0.7926, P=0.9053, R=0.7048, AUC=0.8549, thr=-0.021066, point_adjust=True
[2025-12-10 17:32:32,332] [INFO] [Eval-hybrid(adv)] F1=0.7128, P=0.8920, R=0.5935, AUC=0.8350, thr=0.350180, point_adjust=True; recon_F1=0.7120, forecast_F1=0.7926
[2025-12-10 17:32:32,556] [INFO] 已保存可视化图：./logs/smd_adv_hybrid/scores_epoch15_adv_hybrid.png
[2025-12-10 17:32:32,557] [INFO] ========== Epoch 16/50 (adv-hybrid) ==========
[2025-12-10 17:34:06,615] [INFO] [Epoch 16] 阶段2对抗训练损失: total=-350647.683507, recon_pos=249.943930, recon_neg=701795.255256
[2025-12-10 17:35:38,942] [INFO] [Eval-recon(adv-hybrid)] F1=0.5313, P=0.8679, R=0.3828, AUC=0.8330, thr=1.012958, point_adjust=True
[2025-12-10 17:35:38,943] [INFO] [Eval-forecast(adv-hybrid)] F1=0.7926, P=0.9053, R=0.7048, AUC=0.8587, thr=-0.021066, point_adjust=True
[2025-12-10 17:36:15,711] [INFO] [Eval-hybrid(adv)] F1=0.7189, P=0.9112, R=0.5935, AUC=0.8351, thr=0.498139, point_adjust=True; recon_F1=0.5313, forecast_F1=0.7926
[2025-12-10 17:36:15,940] [INFO] 已保存可视化图：./logs/smd_adv_hybrid/scores_epoch16_adv_hybrid.png
[2025-12-10 17:36:15,940] [INFO] ========== Epoch 17/50 (adv-hybrid) ==========
[2025-12-10 17:37:55,817] [INFO] [Epoch 17] 阶段2对抗训练损失: total=-480749.428129, recon_pos=337.873838, recon_neg=962174.604425
[2025-12-10 17:39:28,887] [INFO] [Eval-recon(adv-hybrid)] F1=0.5341, P=0.8835, R=0.3828, AUC=0.8239, thr=1.202794, point_adjust=True
[2025-12-10 17:39:28,887] [INFO] [Eval-forecast(adv-hybrid)] F1=0.7919, P=0.8960, R=0.7094, AUC=0.8637, thr=-0.021079, point_adjust=True
[2025-12-10 17:40:06,207] [INFO] [Eval-hybrid(adv)] F1=0.7218, P=0.9207, R=0.5935, AUC=0.8256, thr=0.593358, point_adjust=True; recon_F1=0.5341, forecast_F1=0.7919
[2025-12-10 17:40:06,441] [INFO] 已保存可视化图：./logs/smd_adv_hybrid/scores_epoch17_adv_hybrid.png
[2025-12-10 17:40:06,441] [INFO] ========== Epoch 18/50 (adv-hybrid) ==========
[2025-12-10 17:41:46,476] [INFO] [Epoch 18] 阶段2对抗训练损失: total=-644826.821219, recon_pos=444.630912, recon_neg=1290542.904580
[2025-12-10 17:43:18,145] [INFO] [Eval-recon(adv-hybrid)] F1=0.6178, P=0.8145, R=0.4976, AUC=0.8466, thr=1.438564, point_adjust=True
[2025-12-10 17:43:18,145] [INFO] [Eval-forecast(adv-hybrid)] F1=0.7919, P=0.8960, R=0.7094, AUC=0.8658, thr=-0.021080, point_adjust=True
[2025-12-10 17:43:54,291] [INFO] [Eval-hybrid(adv)] F1=0.7124, P=0.8521, R=0.6120, AUC=0.8481, thr=0.708751, point_adjust=True; recon_F1=0.6178, forecast_F1=0.7919
[2025-12-10 17:43:54,513] [INFO] 已保存可视化图：./logs/smd_adv_hybrid/scores_epoch18_adv_hybrid.png
[2025-12-10 17:43:54,514] [INFO] ========== Epoch 19/50 (adv-hybrid) ==========
[2025-12-10 17:45:27,278] [INFO] [Epoch 19] 阶段2对抗训练损失: total=-845882.634941, recon_pos=485.457919, recon_neg=1692736.185789
[2025-12-10 17:46:58,502] [INFO] [Eval-recon(adv-hybrid)] F1=0.6350, P=0.8448, R=0.5087, AUC=0.8861, thr=1.913050, point_adjust=True
[2025-12-10 17:46:58,502] [INFO] [Eval-forecast(adv-hybrid)] F1=0.7919, P=0.8960, R=0.7094, AUC=0.8657, thr=-0.021080, point_adjust=True
[2025-12-10 17:47:35,237] [INFO] [Eval-hybrid(adv)] F1=0.7425, P=0.9185, R=0.6231, AUC=0.8871, thr=0.946067, point_adjust=True; recon_F1=0.6350, forecast_F1=0.7919
[2025-12-10 17:47:35,463] [INFO] 已保存可视化图：./logs/smd_adv_hybrid/scores_epoch19_adv_hybrid.png
[2025-12-10 17:47:35,481] [INFO] 发现更优模型，已保存至 ./logs/smd_adv_hybrid/best_model_adv_hybrid.pt
[2025-12-10 17:47:35,481] [INFO] ========== Epoch 20/50 (adv-hybrid) ==========
[2025-12-10 17:49:22,683] [INFO] [Epoch 20] 阶段2对抗训练损失: total=-1091193.311767, recon_pos=485.181607, recon_neg=2183356.985577
[2025-12-10 17:50:53,683] [INFO] [Eval-recon(adv-hybrid)] F1=0.6979, P=0.7931, R=0.6231, AUC=0.8697, thr=2.404471, point_adjust=True
[2025-12-10 17:50:53,683] [INFO] [Eval-forecast(adv-hybrid)] F1=0.7919, P=0.8960, R=0.7094, AUC=0.8658, thr=-0.021080, point_adjust=True
[2025-12-10 17:51:30,345] [INFO] [Eval-hybrid(adv)] F1=0.7005, P=0.7988, R=0.6237, AUC=0.8702, thr=1.194370, point_adjust=True; recon_F1=0.6979, forecast_F1=0.7919
[2025-12-10 17:51:30,923] [INFO] 已保存可视化图：./logs/smd_adv_hybrid/scores_epoch20_adv_hybrid.png
[2025-12-10 17:51:30,924] [INFO] ========== Epoch 21/50 (adv-hybrid) ==========
[2025-12-10 17:53:16,984] [INFO] [Epoch 21] 阶段2对抗训练损失: total=-1384397.928537, recon_pos=711.792136, recon_neg=2770219.439863
[2025-12-10 17:54:41,131] [INFO] [Eval-recon(adv-hybrid)] F1=0.7017, P=0.8031, R=0.6231, AUC=0.8786, thr=2.950748, point_adjust=True
[2025-12-10 17:54:41,131] [INFO] [Eval-forecast(adv-hybrid)] F1=0.7919, P=0.8960, R=0.7094, AUC=0.8658, thr=-0.021080, point_adjust=True
[2025-12-10 17:55:17,718] [INFO] [Eval-hybrid(adv)] F1=0.7129, P=0.8331, R=0.6231, AUC=0.8793, thr=1.466363, point_adjust=True; recon_F1=0.7017, forecast_F1=0.7919
[2025-12-10 17:55:17,956] [INFO] 已保存可视化图：./logs/smd_adv_hybrid/scores_epoch21_adv_hybrid.png
[2025-12-10 17:55:17,956] [INFO] ========== Epoch 22/50 (adv-hybrid) ==========
[2025-12-10 17:57:03,975] [INFO] [Epoch 22] 阶段2对抗训练损失: total=-1734110.229954, recon_pos=900.553339, recon_neg=3470021.566330
[2025-12-10 17:58:28,810] [INFO] [Eval-recon(adv-hybrid)] F1=0.6650, P=0.7128, R=0.6231, AUC=0.8852, thr=3.063178, point_adjust=True
[2025-12-10 17:58:28,811] [INFO] [Eval-forecast(adv-hybrid)] F1=0.7919, P=0.8960, R=0.7094, AUC=0.8661, thr=-0.021080, point_adjust=True
[2025-12-10 17:59:06,029] [INFO] [Eval-hybrid(adv)] F1=0.6657, P=0.7146, R=0.6231, AUC=0.8857, thr=1.521080, point_adjust=True; recon_F1=0.6650, forecast_F1=0.7919
[2025-12-10 17:59:06,261] [INFO] 已保存可视化图：./logs/smd_adv_hybrid/scores_epoch22_adv_hybrid.png
[2025-12-10 17:59:06,261] [INFO] ========== Epoch 23/50 (adv-hybrid) ==========
[2025-12-10 18:00:50,193] [INFO] [Epoch 23] 阶段2对抗训练损失: total=-2146257.255623, recon_pos=1120.131009, recon_neg=4294754.773631
[2025-12-10 18:02:14,277] [INFO] [Eval-recon(adv-hybrid)] F1=0.6899, P=0.7727, R=0.6231, AUC=0.8806, thr=3.275266, point_adjust=True
[2025-12-10 18:02:14,278] [INFO] [Eval-forecast(adv-hybrid)] F1=0.7919, P=0.8960, R=0.7094, AUC=0.8660, thr=-0.021079, point_adjust=True
[2025-12-10 18:02:50,572] [INFO] [Eval-hybrid(adv)] F1=0.6980, P=0.7935, R=0.6231, AUC=0.8811, thr=1.631565, point_adjust=True; recon_F1=0.6899, forecast_F1=0.7919
[2025-12-10 18:02:50,803] [INFO] 已保存可视化图：./logs/smd_adv_hybrid/scores_epoch23_adv_hybrid.png
[2025-12-10 18:02:50,803] [INFO] ========== Epoch 24/50 (adv-hybrid) ==========
[2025-12-10 18:04:35,483] [INFO] [Epoch 24] 阶段2对抗训练损失: total=-2627335.091917, recon_pos=1005.033965, recon_neg=5256680.251304
[2025-12-10 18:06:00,392] [INFO] [Eval-recon(adv-hybrid)] F1=0.7137, P=0.8352, R=0.6231, AUC=0.8607, thr=3.635589, point_adjust=True
[2025-12-10 18:06:00,392] [INFO] [Eval-forecast(adv-hybrid)] F1=0.7917, P=0.9031, R=0.7048, AUC=0.8656, thr=-0.021066, point_adjust=True
[2025-12-10 18:06:37,224] [INFO] [Eval-hybrid(adv)] F1=0.7165, P=0.8430, R=0.6231, AUC=0.8614, thr=1.808023, point_adjust=True; recon_F1=0.7137, forecast_F1=0.7917
[2025-12-10 18:06:37,458] [INFO] 已保存可视化图：./logs/smd_adv_hybrid/scores_epoch24_adv_hybrid.png
[2025-12-10 18:06:37,459] [INFO] ========== Epoch 25/50 (adv-hybrid) ==========
[2025-12-10 18:07:58,932] [INFO] [Epoch 25] 阶段2对抗训练损失: total=-3180547.968872, recon_pos=1696.221666, recon_neg=6364488.382986
[2025-12-10 18:09:24,453] [INFO] [Eval-recon(adv-hybrid)] F1=0.7227, P=0.8603, R=0.6231, AUC=0.8873, thr=4.201518, point_adjust=True
[2025-12-10 18:09:24,454] [INFO] [Eval-forecast(adv-hybrid)] F1=0.7917, P=0.9031, R=0.7048, AUC=0.8660, thr=-0.021066, point_adjust=True
[2025-12-10 18:10:01,214] [INFO] [Eval-hybrid(adv)] F1=0.7227, P=0.8603, R=0.6231, AUC=0.8879, thr=2.090685, point_adjust=True; recon_F1=0.7227, forecast_F1=0.7917
[2025-12-10 18:10:01,436] [INFO] 已保存可视化图：./logs/smd_adv_hybrid/scores_epoch25_adv_hybrid.png
[2025-12-10 18:10:01,437] [INFO] ========== Epoch 26/50 (adv-hybrid) ==========
[2025-12-10 18:11:44,533] [INFO] [Epoch 26] 阶段2对抗训练损失: total=-3819611.219198, recon_pos=1886.145005, recon_neg=7642994.731421
[2025-12-10 18:13:15,360] [INFO] [Eval-recon(adv-hybrid)] F1=0.7320, P=0.8870, R=0.6231, AUC=0.8778, thr=4.911943, point_adjust=True
[2025-12-10 18:13:15,361] [INFO] [Eval-forecast(adv-hybrid)] F1=0.7919, P=0.8960, R=0.7094, AUC=0.8658, thr=-0.021079, point_adjust=True
[2025-12-10 18:13:51,294] [INFO] [Eval-hybrid(adv)] F1=0.7350, P=0.8961, R=0.6231, AUC=0.8786, thr=2.450924, point_adjust=True; recon_F1=0.7320, forecast_F1=0.7919
[2025-12-10 18:13:51,523] [INFO] 已保存可视化图：./logs/smd_adv_hybrid/scores_epoch26_adv_hybrid.png
[2025-12-10 18:13:51,523] [INFO] ========== Epoch 27/50 (adv-hybrid) ==========
[2025-12-10 18:15:32,343] [INFO] [Epoch 27] 阶段2对抗训练损失: total=-4547222.468709, recon_pos=2162.031463, recon_neg=9098769.000652
[2025-12-10 18:17:05,144] [INFO] [Eval-recon(adv-hybrid)] F1=0.7350, P=0.8958, R=0.6231, AUC=0.8798, thr=5.502023, point_adjust=True
[2025-12-10 18:17:05,144] [INFO] [Eval-forecast(adv-hybrid)] F1=0.7915, P=0.9026, R=0.7048, AUC=0.8658, thr=-0.021067, point_adjust=True
[2025-12-10 18:17:41,729] [INFO] [Eval-hybrid(adv)] F1=0.7350, P=0.8958, R=0.6231, AUC=0.8806, thr=2.735126, point_adjust=True; recon_F1=0.7350, forecast_F1=0.7915
[2025-12-10 18:17:41,955] [INFO] 已保存可视化图：./logs/smd_adv_hybrid/scores_epoch27_adv_hybrid.png
[2025-12-10 18:17:41,956] [INFO] ========== Epoch 28/50 (adv-hybrid) ==========
[2025-12-10 18:19:17,321] [INFO] [Epoch 28] 阶段2对抗训练损失: total=-5363695.873533, recon_pos=2343.152328, recon_neg=10732078.051499
[2025-12-10 18:20:49,476] [INFO] [Eval-recon(adv-hybrid)] F1=0.7267, P=0.8716, R=0.6231, AUC=0.8742, thr=5.251255, point_adjust=True
[2025-12-10 18:20:49,477] [INFO] [Eval-forecast(adv-hybrid)] F1=0.7919, P=0.8960, R=0.7094, AUC=0.8662, thr=-0.021079, point_adjust=True
[2025-12-10 18:21:26,310] [INFO] [Eval-hybrid(adv)] F1=0.7268, P=0.8719, R=0.6231, AUC=0.8749, thr=2.638341, point_adjust=True; recon_F1=0.7267, forecast_F1=0.7919
[2025-12-10 18:21:26,538] [INFO] 已保存可视化图：./logs/smd_adv_hybrid/scores_epoch28_adv_hybrid.png
[2025-12-10 18:21:26,538] [INFO] ========== Epoch 29/50 (adv-hybrid) ==========
[2025-12-10 18:23:12,363] [INFO] [Epoch 29] 阶段2对抗训练损失: total=-6293260.625163, recon_pos=3390.022315, recon_neg=12593301.283572
[2025-12-10 18:24:44,690] [INFO] [Eval-recon(adv-hybrid)] F1=0.7123, P=0.8312, R=0.6231, AUC=0.8757, thr=5.474488, point_adjust=True
[2025-12-10 18:24:44,691] [INFO] [Eval-forecast(adv-hybrid)] F1=0.7919, P=0.8960, R=0.7094, AUC=0.8660, thr=-0.021079, point_adjust=True
[2025-12-10 18:25:21,914] [INFO] [Eval-hybrid(adv)] F1=0.7123, P=0.8314, R=0.6231, AUC=0.8766, thr=2.727008, point_adjust=True; recon_F1=0.7123, forecast_F1=0.7919
[2025-12-10 18:25:22,142] [INFO] 已保存可视化图：./logs/smd_adv_hybrid/scores_epoch29_adv_hybrid.png
[2025-12-10 18:25:22,142] [INFO] ========== Epoch 30/50 (adv-hybrid) ==========
[2025-12-10 18:26:59,303] [INFO] [Epoch 30] 阶段2对抗训练损失: total=-7330887.358540, recon_pos=3655.767691, recon_neg=14669086.250326
[2025-12-10 18:28:29,649] [INFO] [Eval-recon(adv-hybrid)] F1=0.7292, P=0.8788, R=0.6231, AUC=0.8544, thr=5.973728, point_adjust=True
[2025-12-10 18:28:29,650] [INFO] [Eval-forecast(adv-hybrid)] F1=0.7919, P=0.8960, R=0.7094, AUC=0.8662, thr=-0.021079, point_adjust=True
[2025-12-10 18:29:05,846] [INFO] [Eval-hybrid(adv)] F1=0.7292, P=0.8788, R=0.6231, AUC=0.8557, thr=2.978876, point_adjust=True; recon_F1=0.7292, forecast_F1=0.7919
[2025-12-10 18:29:06,075] [INFO] 已保存可视化图：./logs/smd_adv_hybrid/scores_epoch30_adv_hybrid.png
[2025-12-10 18:29:06,076] [INFO] ========== Epoch 31/50 (adv-hybrid) ==========
[2025-12-10 18:30:43,175] [INFO] [Epoch 31] 阶段2对抗训练损失: total=-8475780.312256, recon_pos=3987.937752, recon_neg=16959536.513690
[2025-12-10 18:32:14,421] [INFO] [Eval-recon(adv-hybrid)] F1=0.7376, P=0.9037, R=0.6231, AUC=0.8758, thr=5.649608, point_adjust=True
[2025-12-10 18:32:14,422] [INFO] [Eval-forecast(adv-hybrid)] F1=0.7919, P=0.8960, R=0.7094, AUC=0.8660, thr=-0.021079, point_adjust=True
[2025-12-10 18:32:51,692] [INFO] [Eval-hybrid(adv)] F1=0.7376, P=0.9037, R=0.6231, AUC=0.8764, thr=2.814244, point_adjust=True; recon_F1=0.7376, forecast_F1=0.7919
[2025-12-10 18:32:51,918] [INFO] 已保存可视化图：./logs/smd_adv_hybrid/scores_epoch31_adv_hybrid.png
[2025-12-10 18:32:51,918] [INFO] ========== Epoch 32/50 (adv-hybrid) ==========
[2025-12-10 18:34:35,883] [INFO] [Epoch 32] 阶段2对抗训练损失: total=-9755897.730769, recon_pos=5199.520102, recon_neg=19522194.482399
[2025-12-10 18:36:08,462] [INFO] [Eval-recon(adv-hybrid)] F1=0.7379, P=0.9045, R=0.6231, AUC=0.8712, thr=6.164375, point_adjust=True
[2025-12-10 18:36:08,462] [INFO] [Eval-forecast(adv-hybrid)] F1=0.7916, P=0.9028, R=0.7048, AUC=0.8661, thr=-0.021066, point_adjust=True
[2025-12-10 18:36:45,510] [INFO] [Eval-hybrid(adv)] F1=0.7379, P=0.9045, R=0.6231, AUC=0.8725, thr=3.071632, point_adjust=True; recon_F1=0.7379, forecast_F1=0.7916
[2025-12-10 18:36:45,742] [INFO] 已保存可视化图：./logs/smd_adv_hybrid/scores_epoch32_adv_hybrid.png
[2025-12-10 18:36:45,742] [INFO] ========== Epoch 33/50 (adv-hybrid) ==========
[2025-12-10 18:38:23,074] [INFO] [Epoch 33] 阶段2对抗训练损失: total=-11154210.643416, recon_pos=5043.564427, recon_neg=22318508.417210
[2025-12-10 18:39:55,486] [INFO] [Eval-recon(adv-hybrid)] F1=0.7412, P=0.9145, R=0.6231, AUC=0.8814, thr=7.408916, point_adjust=True
[2025-12-10 18:39:55,487] [INFO] [Eval-forecast(adv-hybrid)] F1=0.7917, P=0.9031, R=0.7048, AUC=0.8661, thr=-0.021066, point_adjust=True
[2025-12-10 18:40:31,901] [INFO] [Eval-hybrid(adv)] F1=0.7413, P=0.9148, R=0.6231, AUC=0.8824, thr=3.738280, point_adjust=True; recon_F1=0.7412, forecast_F1=0.7917
[2025-12-10 18:40:32,134] [INFO] 已保存可视化图：./logs/smd_adv_hybrid/scores_epoch33_adv_hybrid.png
[2025-12-10 18:40:32,135] [INFO] ========== Epoch 34/50 (adv-hybrid) ==========
[2025-12-10 18:42:07,169] [INFO] [Epoch 34] 阶段2对抗训练损失: total=-12687442.406780, recon_pos=6149.162349, recon_neg=25387183.136897
[2025-12-10 18:43:38,203] [INFO] [Eval-recon(adv-hybrid)] F1=0.7224, P=0.8593, R=0.6231, AUC=0.8621, thr=5.818753, point_adjust=True
[2025-12-10 18:43:38,204] [INFO] [Eval-forecast(adv-hybrid)] F1=0.7919, P=0.8960, R=0.7094, AUC=0.8660, thr=-0.021079, point_adjust=True
[2025-12-10 18:44:14,574] [INFO] [Eval-hybrid(adv)] F1=0.7222, P=0.8588, R=0.6231, AUC=0.8650, thr=2.899701, point_adjust=True; recon_F1=0.7224, forecast_F1=0.7919
[2025-12-10 18:44:14,803] [INFO] 已保存可视化图：./logs/smd_adv_hybrid/scores_epoch34_adv_hybrid.png
[2025-12-10 18:44:14,803] [INFO] ========== Epoch 35/50 (adv-hybrid) ==========
[2025-12-10 18:45:59,181] [INFO] [Epoch 35] 阶段2对抗训练损失: total=-14341565.359844, recon_pos=7386.926004, recon_neg=28697904.538462
[2025-12-10 18:47:29,742] [INFO] [Eval-recon(adv-hybrid)] F1=0.7416, P=0.9159, R=0.6231, AUC=0.8955, thr=5.856323, point_adjust=True
[2025-12-10 18:47:29,743] [INFO] [Eval-forecast(adv-hybrid)] F1=0.7919, P=0.8960, R=0.7094, AUC=0.8661, thr=-0.021079, point_adjust=True
[2025-12-10 18:48:05,745] [INFO] [Eval-hybrid(adv)] F1=0.7417, P=0.9162, R=0.6231, AUC=0.8999, thr=2.918673, point_adjust=True; recon_F1=0.7416, forecast_F1=0.7919
[2025-12-10 18:48:05,972] [INFO] 已保存可视化图：./logs/smd_adv_hybrid/scores_epoch35_adv_hybrid.png
[2025-12-10 18:48:05,973] [INFO] ========== Epoch 36/50 (adv-hybrid) ==========
[2025-12-10 18:49:28,162] [INFO] [Epoch 36] 阶段2对抗训练损失: total=-16164118.692308, recon_pos=7904.413076, recon_neg=32344046.189048
[2025-12-10 18:51:01,080] [INFO] [Eval-recon(adv-hybrid)] F1=0.7311, P=0.8843, R=0.6231, AUC=0.8550, thr=6.424216, point_adjust=True
[2025-12-10 18:51:01,081] [INFO] [Eval-forecast(adv-hybrid)] F1=0.7919, P=0.8960, R=0.7094, AUC=0.8663, thr=-0.021079, point_adjust=True
[2025-12-10 18:51:38,245] [INFO] [Eval-hybrid(adv)] F1=0.7312, P=0.8846, R=0.6231, AUC=0.8655, thr=3.203916, point_adjust=True; recon_F1=0.7311, forecast_F1=0.7919
[2025-12-10 18:51:38,475] [INFO] 已保存可视化图：./logs/smd_adv_hybrid/scores_epoch36_adv_hybrid.png
[2025-12-10 18:51:38,476] [INFO] ========== Epoch 37/50 (adv-hybrid) ==========
[2025-12-10 18:53:21,226] [INFO] [Epoch 37] 阶段2对抗训练损失: total=-18149913.960887, recon_pos=9568.499334, recon_neg=36318964.902216
[2025-12-10 18:54:52,894] [INFO] [Eval-recon(adv-hybrid)] F1=0.7406, P=0.9128, R=0.6231, AUC=0.8718, thr=7.673318, point_adjust=True
[2025-12-10 18:54:52,894] [INFO] [Eval-forecast(adv-hybrid)] F1=0.7919, P=0.8960, R=0.7094, AUC=0.8662, thr=-0.021079, point_adjust=True
[2025-12-10 18:55:29,697] [INFO] [Eval-hybrid(adv)] F1=0.7406, P=0.9128, R=0.6231, AUC=0.8827, thr=3.826098, point_adjust=True; recon_F1=0.7406, forecast_F1=0.7919
[2025-12-10 18:55:29,939] [INFO] 已保存可视化图：./logs/smd_adv_hybrid/scores_epoch37_adv_hybrid.png
[2025-12-10 18:55:29,939] [INFO] ========== Epoch 38/50 (adv-hybrid) ==========
[2025-12-10 18:57:14,749] [INFO] [Epoch 38] 阶段2对抗训练损失: total=-20270873.980443, recon_pos=8109.135218, recon_neg=40557966.284224
[2025-12-10 18:58:47,478] [INFO] [Eval-recon(adv-hybrid)] F1=0.6977, P=0.7915, R=0.6237, AUC=0.7971, thr=0.912205, point_adjust=True
[2025-12-10 18:58:47,478] [INFO] [Eval-forecast(adv-hybrid)] F1=0.7915, P=0.9026, R=0.7048, AUC=0.8661, thr=-0.021067, point_adjust=True
[2025-12-10 18:59:23,991] [INFO] [Eval-hybrid(adv)] F1=0.6975, P=0.7911, R=0.6237, AUC=0.8112, thr=0.445542, point_adjust=True; recon_F1=0.6977, forecast_F1=0.7915
[2025-12-10 18:59:24,216] [INFO] 已保存可视化图：./logs/smd_adv_hybrid/scores_epoch38_adv_hybrid.png
[2025-12-10 18:59:24,217] [INFO] ========== Epoch 39/50 (adv-hybrid) ==========
[2025-12-10 19:01:07,675] [INFO] [Epoch 39] 阶段2对抗训练损失: total=-22527775.338983, recon_pos=10428.237015, recon_neg=45076407.144720
[2025-12-10 19:02:40,152] [INFO] [Eval-recon(adv-hybrid)] F1=0.7405, P=0.9125, R=0.6231, AUC=0.8428, thr=7.636297, point_adjust=True
[2025-12-10 19:02:40,152] [INFO] [Eval-forecast(adv-hybrid)] F1=0.7919, P=0.8960, R=0.7094, AUC=0.8662, thr=-0.021079, point_adjust=True
[2025-12-10 19:03:16,401] [INFO] [Eval-hybrid(adv)] F1=0.7405, P=0.9125, R=0.6231, AUC=0.8694, thr=3.807588, point_adjust=True; recon_F1=0.7405, forecast_F1=0.7919
[2025-12-10 19:03:16,880] [INFO] 已保存可视化图：./logs/smd_adv_hybrid/scores_epoch39_adv_hybrid.png
[2025-12-10 19:03:16,880] [INFO] ========== Epoch 40/50 (adv-hybrid) ==========
[2025-12-10 19:04:48,221] [INFO] [Epoch 40] 阶段2对抗训练损失: total=-25000267.161669, recon_pos=12472.525376, recon_neg=50025479.441982
[2025-12-10 19:06:18,722] [INFO] [Eval-recon(adv-hybrid)] F1=0.7392, P=0.9084, R=0.6231, AUC=0.8106, thr=8.044793, point_adjust=True
[2025-12-10 19:06:18,722] [INFO] [Eval-forecast(adv-hybrid)] F1=0.7919, P=0.8960, R=0.7094, AUC=0.8661, thr=-0.021079, point_adjust=True
[2025-12-10 19:06:55,122] [INFO] [Eval-hybrid(adv)] F1=0.7407, P=0.9131, R=0.6231, AUC=0.8376, thr=4.036582, point_adjust=True; recon_F1=0.7392, forecast_F1=0.7919
[2025-12-10 19:06:55,343] [INFO] 已保存可视化图：./logs/smd_adv_hybrid/scores_epoch40_adv_hybrid.png
[2025-12-10 19:06:55,343] [INFO] ========== Epoch 41/50 (adv-hybrid) ==========
[2025-12-10 19:08:44,035] [INFO] [Epoch 41] 阶段2对抗训练损失: total=-27704813.109518, recon_pos=12758.045047, recon_neg=55435142.331160
[2025-12-10 19:10:16,543] [INFO] [Eval-recon(adv-hybrid)] F1=0.7407, P=0.9131, R=0.6231, AUC=0.8358, thr=7.256159, point_adjust=True
[2025-12-10 19:10:16,543] [INFO] [Eval-forecast(adv-hybrid)] F1=0.7916, P=0.9028, R=0.7048, AUC=0.8661, thr=-0.021066, point_adjust=True
[2025-12-10 19:10:53,415] [INFO] [Eval-hybrid(adv)] F1=0.7409, P=0.9137, R=0.6231, AUC=0.8672, thr=3.619755, point_adjust=True; recon_F1=0.7407, forecast_F1=0.7916
[2025-12-10 19:10:53,649] [INFO] 已保存可视化图：./logs/smd_adv_hybrid/scores_epoch41_adv_hybrid.png
[2025-12-10 19:10:53,649] [INFO] ========== Epoch 42/50 (adv-hybrid) ==========
[2025-12-10 19:12:30,425] [INFO] [Epoch 42] 阶段2对抗训练损失: total=-30572189.495437, recon_pos=15951.126920, recon_neg=61176281.181226
[2025-12-10 19:14:03,091] [INFO] [Eval-recon(adv-hybrid)] F1=0.7404, P=0.9123, R=0.6231, AUC=0.8129, thr=6.530755, point_adjust=True
[2025-12-10 19:14:03,091] [INFO] [Eval-forecast(adv-hybrid)] F1=0.7917, P=0.9031, R=0.7048, AUC=0.8661, thr=-0.021066, point_adjust=True
[2025-12-10 19:14:39,467] [INFO] [Eval-hybrid(adv)] F1=0.7404, P=0.9123, R=0.6231, AUC=0.8248, thr=3.276825, point_adjust=True; recon_F1=0.7404, forecast_F1=0.7917
[2025-12-10 19:14:39,697] [INFO] 已保存可视化图：./logs/smd_adv_hybrid/scores_epoch42_adv_hybrid.png
[2025-12-10 19:14:39,698] [INFO] ========== Epoch 43/50 (adv-hybrid) ==========
[2025-12-10 19:16:20,454] [INFO] [Epoch 43] 阶段2对抗训练损失: total=-33574923.478488, recon_pos=20635.410340, recon_neg=67191117.804433
[2025-12-10 19:17:53,453] [INFO] [Eval-recon(adv-hybrid)] F1=0.6422, P=0.6167, R=0.6700, AUC=0.8591, thr=-0.114270, point_adjust=True
[2025-12-10 19:17:53,454] [INFO] [Eval-forecast(adv-hybrid)] F1=0.7919, P=0.8960, R=0.7094, AUC=0.8661, thr=-0.021079, point_adjust=True
[2025-12-10 19:18:30,282] [INFO] [Eval-hybrid(adv)] F1=0.6454, P=0.6225, R=0.6700, AUC=0.8629, thr=-0.064712, point_adjust=True; recon_F1=0.6422, forecast_F1=0.7919
[2025-12-10 19:18:30,519] [INFO] 已保存可视化图：./logs/smd_adv_hybrid/scores_epoch43_adv_hybrid.png
[2025-12-10 19:18:30,519] [INFO] ========== Epoch 44/50 (adv-hybrid) ==========
[2025-12-10 19:20:12,465] [INFO] [Epoch 44] 阶段2对抗训练损失: total=-36755038.631030, recon_pos=19754.753125, recon_neg=73549586.659713
[2025-12-10 19:21:45,950] [INFO] [Eval-recon(adv-hybrid)] F1=0.7310, P=0.9529, R=0.5929, AUC=0.8469, thr=8.201994, point_adjust=True
[2025-12-10 19:21:45,950] [INFO] [Eval-forecast(adv-hybrid)] F1=0.7919, P=0.8960, R=0.7094, AUC=0.8662, thr=-0.021079, point_adjust=True
[2025-12-10 19:22:23,179] [INFO] [Eval-hybrid(adv)] F1=0.7314, P=0.9541, R=0.5929, AUC=0.8643, thr=4.092168, point_adjust=True; recon_F1=0.7310, forecast_F1=0.7919
[2025-12-10 19:22:23,400] [INFO] 已保存可视化图：./logs/smd_adv_hybrid/scores_epoch44_adv_hybrid.png
[2025-12-10 19:22:23,401] [INFO] ========== Epoch 45/50 (adv-hybrid) ==========
[2025-12-10 19:24:03,175] [INFO] [Epoch 45] 阶段2对抗训练损失: total=-40084214.119948, recon_pos=21319.871574, recon_neg=80211067.973924
[2025-12-10 19:25:34,042] [INFO] [Eval-recon(adv-hybrid)] F1=0.6641, P=0.7537, R=0.5935, AUC=0.7525, thr=6.328956, point_adjust=True
[2025-12-10 19:25:34,042] [INFO] [Eval-forecast(adv-hybrid)] F1=0.7919, P=0.8960, R=0.7094, AUC=0.8660, thr=-0.021079, point_adjust=True
[2025-12-10 19:26:10,591] [INFO] [Eval-hybrid(adv)] F1=0.6642, P=0.7539, R=0.5935, AUC=0.8021, thr=3.407952, point_adjust=True; recon_F1=0.6641, forecast_F1=0.7919
[2025-12-10 19:26:10,826] [INFO] 已保存可视化图：./logs/smd_adv_hybrid/scores_epoch45_adv_hybrid.png
[2025-12-10 19:26:10,827] [INFO] ========== Epoch 46/50 (adv-hybrid) ==========
[2025-12-10 19:27:52,650] [INFO] [Epoch 46] 阶段2对抗训练损失: total=-43655678.563233, recon_pos=26931.276916, recon_neg=87365219.671447
[2025-12-10 19:29:23,905] [INFO] [Eval-recon(adv-hybrid)] F1=0.6955, P=0.7230, R=0.6700, AUC=0.8394, thr=-0.099614, point_adjust=True
[2025-12-10 19:29:23,905] [INFO] [Eval-forecast(adv-hybrid)] F1=0.7919, P=0.8960, R=0.7094, AUC=0.8662, thr=-0.021079, point_adjust=True
[2025-12-10 19:30:00,394] [INFO] [Eval-hybrid(adv)] F1=0.6998, P=0.7323, R=0.6700, AUC=0.8469, thr=-0.058366, point_adjust=True; recon_F1=0.6955, forecast_F1=0.7919
[2025-12-10 19:30:00,638] [INFO] 已保存可视化图：./logs/smd_adv_hybrid/scores_epoch46_adv_hybrid.png
[2025-12-10 19:30:00,638] [INFO] ========== Epoch 47/50 (adv-hybrid) ==========
[2025-12-10 19:31:42,356] [INFO] [Epoch 47] 阶段2对抗训练损失: total=-47374200.065189, recon_pos=26446.511764, recon_neg=94801293.199478
[2025-12-10 19:33:14,854] [INFO] [Eval-recon(adv-hybrid)] F1=0.7255, P=0.9343, R=0.5929, AUC=0.8560, thr=6.751772, point_adjust=True
[2025-12-10 19:33:14,855] [INFO] [Eval-forecast(adv-hybrid)] F1=0.7927, P=0.9058, R=0.7048, AUC=0.8663, thr=-0.021066, point_adjust=True
[2025-12-10 19:33:50,994] [INFO] [Eval-hybrid(adv)] F1=0.7255, P=0.9343, R=0.5929, AUC=0.8596, thr=3.365327, point_adjust=True; recon_F1=0.7255, forecast_F1=0.7927
[2025-12-10 19:33:51,228] [INFO] 已保存可视化图：./logs/smd_adv_hybrid/scores_epoch47_adv_hybrid.png
[2025-12-10 19:33:51,228] [INFO] ========== Epoch 48/50 (adv-hybrid) ==========
[2025-12-10 19:35:12,920] [INFO] [Epoch 48] 阶段2对抗训练损失: total=-51221215.162973, recon_pos=32489.216015, recon_neg=102507408.719687
[2025-12-10 19:36:39,157] [INFO] [Eval-recon(adv-hybrid)] F1=0.7351, P=0.8963, R=0.6231, AUC=0.8713, thr=6.857717, point_adjust=True
[2025-12-10 19:36:39,157] [INFO] [Eval-forecast(adv-hybrid)] F1=0.7919, P=0.8960, R=0.7094, AUC=0.8660, thr=-0.021079, point_adjust=True
[2025-12-10 19:37:16,410] [INFO] [Eval-hybrid(adv)] F1=0.7427, P=0.9190, R=0.6231, AUC=0.8782, thr=3.418304, point_adjust=True; recon_F1=0.7351, forecast_F1=0.7919
[2025-12-10 19:37:16,648] [INFO] 已保存可视化图：./logs/smd_adv_hybrid/scores_epoch48_adv_hybrid.png
[2025-12-10 19:37:16,674] [INFO] 发现更优模型，已保存至 ./logs/smd_adv_hybrid/best_model_adv_hybrid.pt
[2025-12-10 19:37:16,674] [INFO] ========== Epoch 49/50 (adv-hybrid) ==========
[2025-12-10 19:39:00,299] [INFO] [Epoch 49] 阶段2对抗训练损失: total=-55271247.308996, recon_pos=41853.971146, recon_neg=110626202.644068
[2025-12-10 19:40:32,575] [INFO] [Eval-recon(adv-hybrid)] F1=0.6189, P=0.5983, R=0.6409, AUC=0.7730, thr=-0.105916, point_adjust=True
[2025-12-10 19:40:32,575] [INFO] [Eval-forecast(adv-hybrid)] F1=0.7917, P=0.9031, R=0.7048, AUC=0.8663, thr=-0.021066, point_adjust=True
[2025-12-10 19:41:09,906] [INFO] [Eval-hybrid(adv)] F1=0.6742, P=0.6906, R=0.6585, AUC=0.7918, thr=-0.063332, point_adjust=True; recon_F1=0.6189, forecast_F1=0.7917
[2025-12-10 19:41:10,145] [INFO] 已保存可视化图：./logs/smd_adv_hybrid/scores_epoch49_adv_hybrid.png
[2025-12-10 19:41:10,145] [INFO] ========== Epoch 50/50 (adv-hybrid) ==========
[2025-12-10 19:42:52,849] [INFO] [Epoch 50] 阶段2对抗训练损失: total=-59436031.963494, recon_pos=36809.155405, recon_neg=118945682.232073
[2025-12-10 19:44:24,915] [INFO] [Eval-recon(adv-hybrid)] F1=0.6483, P=0.8155, R=0.5380, AUC=0.8540, thr=0.703734, point_adjust=True
[2025-12-10 19:44:24,915] [INFO] [Eval-forecast(adv-hybrid)] F1=0.7919, P=0.8960, R=0.7094, AUC=0.8661, thr=-0.021079, point_adjust=True
[2025-12-10 19:45:01,372] [INFO] [Eval-hybrid(adv)] F1=0.6525, P=0.6354, R=0.6706, AUC=0.8650, thr=-0.062345, point_adjust=True; recon_F1=0.6483, forecast_F1=0.7919
[2025-12-10 19:45:01,598] [INFO] 已保存可视化图：./logs/smd_adv_hybrid/scores_epoch50_adv_hybrid.png
[2025-12-10 19:45:01,599] [INFO] 训练结束，最佳混合 F1=0.7427, 最佳指标={'precision': 0.9190358467215111, 'recall': 0.6230882044822479, 'f1': 0.742664497617052, 'auc': 0.8781752197371686, 'threshold': 3.4183037281036377, 'use_point_adjust': True}
[2025-12-10 19:45:01,599] [INFO] 实验版训练流程已结束。
